<!doctype html public "-//w3c//dtd html 4.0 transitional//en">
<html><head>
<title>Static Call Graph - [.\Objects\snake.axf]</title></head>
<body><HR>
<H1>Static Call Graph for image .\Objects\snake.axf</H1><HR>
<BR><P>#&#060CALLGRAPH&#062# ARM Linker, 6140002: Last Updated: Sat Sep 27 09:56:44 2025
<BR><P>
<H3>Maximum Stack Usage =        240 bytes + Unknown(Functions without stacksize, Cycles, Untraceable Function Pointers)</H3><H3>
Call chain for Maximum Stack Depth:</H3>
Snake_Update &rArr; Snake_Random_Food &rArr; draw_food_cell &rArr; st7735_FillCircleInBox &rArr; _drawHSpanClippedToBox &rArr; st7735_SetWindow &rArr; st7735_SendData
<P>
<H3>
Functions with no stack information
</H3><UL>
 <LI><a href="#[6d]">__user_initial_stackheap</a>
</UL>
</UL>
<P>
<H3>
Mutually Recursive functions
</H3> <LI><a href="#[1]">NMI_Handler</a>&nbsp;&nbsp;&nbsp;&rArr;&nbsp;&nbsp;&nbsp;<a href="#[1]">NMI_Handler</a><BR>
 <LI><a href="#[2]">HardFault_Handler</a>&nbsp;&nbsp;&nbsp;&rArr;&nbsp;&nbsp;&nbsp;<a href="#[2]">HardFault_Handler</a><BR>
 <LI><a href="#[3]">MemManage_Handler</a>&nbsp;&nbsp;&nbsp;&rArr;&nbsp;&nbsp;&nbsp;<a href="#[3]">MemManage_Handler</a><BR>
 <LI><a href="#[4]">BusFault_Handler</a>&nbsp;&nbsp;&nbsp;&rArr;&nbsp;&nbsp;&nbsp;<a href="#[4]">BusFault_Handler</a><BR>
 <LI><a href="#[5]">UsageFault_Handler</a>&nbsp;&nbsp;&nbsp;&rArr;&nbsp;&nbsp;&nbsp;<a href="#[5]">UsageFault_Handler</a><BR>
 <LI><a href="#[6]">SVC_Handler</a>&nbsp;&nbsp;&nbsp;&rArr;&nbsp;&nbsp;&nbsp;<a href="#[6]">SVC_Handler</a><BR>
 <LI><a href="#[7]">DebugMon_Handler</a>&nbsp;&nbsp;&nbsp;&rArr;&nbsp;&nbsp;&nbsp;<a href="#[7]">DebugMon_Handler</a><BR>
 <LI><a href="#[8]">PendSV_Handler</a>&nbsp;&nbsp;&nbsp;&rArr;&nbsp;&nbsp;&nbsp;<a href="#[8]">PendSV_Handler</a><BR>
 <LI><a href="#[1c]">ADC1_2_IRQHandler</a>&nbsp;&nbsp;&nbsp;&rArr;&nbsp;&nbsp;&nbsp;<a href="#[1c]">ADC1_2_IRQHandler</a><BR>
</UL>
<P>
<H3>
Function Pointers
</H3><UL>
 <LI><a href="#[1c]">ADC1_2_IRQHandler</a> from startup_stm32f10x_md.o(.text) referenced from startup_stm32f10x_md.o(RESET)
 <LI><a href="#[4]">BusFault_Handler</a> from startup_stm32f10x_md.o(.text) referenced from startup_stm32f10x_md.o(RESET)
 <LI><a href="#[37]">ButtonTask</a> from task.o(.text.ButtonTask) referenced 2 times from task.o(.text.TaskFunction)
 <LI><a href="#[1f]">CAN1_RX1_IRQHandler</a> from startup_stm32f10x_md.o(.text) referenced from startup_stm32f10x_md.o(RESET)
 <LI><a href="#[20]">CAN1_SCE_IRQHandler</a> from startup_stm32f10x_md.o(.text) referenced from startup_stm32f10x_md.o(RESET)
 <LI><a href="#[39]">Ctrl_Init</a> from button.o(.text.Ctrl_Init) referenced from button.o(.data.button)
 <LI><a href="#[3a]">Ctrl_Pressed</a> from button.o(.text.Ctrl_Pressed) referenced from button.o(.data.button)
 <LI><a href="#[15]">DMA1_Channel1_IRQHandler</a> from startup_stm32f10x_md.o(.text) referenced from startup_stm32f10x_md.o(RESET)
 <LI><a href="#[16]">DMA1_Channel2_IRQHandler</a> from startup_stm32f10x_md.o(.text) referenced from startup_stm32f10x_md.o(RESET)
 <LI><a href="#[17]">DMA1_Channel3_IRQHandler</a> from startup_stm32f10x_md.o(.text) referenced from startup_stm32f10x_md.o(RESET)
 <LI><a href="#[18]">DMA1_Channel4_IRQHandler</a> from startup_stm32f10x_md.o(.text) referenced from startup_stm32f10x_md.o(RESET)
 <LI><a href="#[19]">DMA1_Channel5_IRQHandler</a> from startup_stm32f10x_md.o(.text) referenced from startup_stm32f10x_md.o(RESET)
 <LI><a href="#[1a]">DMA1_Channel6_IRQHandler</a> from startup_stm32f10x_md.o(.text) referenced from startup_stm32f10x_md.o(RESET)
 <LI><a href="#[1b]">DMA1_Channel7_IRQHandler</a> from startup_stm32f10x_md.o(.text) referenced from startup_stm32f10x_md.o(RESET)
 <LI><a href="#[7]">DebugMon_Handler</a> from startup_stm32f10x_md.o(.text) referenced from startup_stm32f10x_md.o(RESET)
 <LI><a href="#[3d]">Delay_Init</a> from delay.o(.text.Delay_Init) referenced from delay.o(.data.delay)
 <LI><a href="#[10]">EXTI0_IRQHandler</a> from startup_stm32f10x_md.o(.text) referenced from startup_stm32f10x_md.o(RESET)
 <LI><a href="#[32]">EXTI15_10_IRQHandler</a> from startup_stm32f10x_md.o(.text) referenced from startup_stm32f10x_md.o(RESET)
 <LI><a href="#[11]">EXTI1_IRQHandler</a> from startup_stm32f10x_md.o(.text) referenced from startup_stm32f10x_md.o(RESET)
 <LI><a href="#[12]">EXTI2_IRQHandler</a> from startup_stm32f10x_md.o(.text) referenced from startup_stm32f10x_md.o(RESET)
 <LI><a href="#[13]">EXTI3_IRQHandler</a> from startup_stm32f10x_md.o(.text) referenced from startup_stm32f10x_md.o(RESET)
 <LI><a href="#[14]">EXTI4_IRQHandler</a> from startup_stm32f10x_md.o(.text) referenced from startup_stm32f10x_md.o(RESET)
 <LI><a href="#[21]">EXTI9_5_IRQHandler</a> from startup_stm32f10x_md.o(.text) referenced from startup_stm32f10x_md.o(RESET)
 <LI><a href="#[e]">FLASH_IRQHandler</a> from startup_stm32f10x_md.o(.text) referenced from startup_stm32f10x_md.o(RESET)
 <LI><a href="#[38]">FlushSnakeTask</a> from task.o(.text.FlushSnakeTask) referenced 2 times from task.o(.text.TaskFunction)
 <LI><a href="#[3b]">Game_Init</a> from button.o(.text.Game_Init) referenced from button.o(.data.button)
 <LI><a href="#[3c]">Game_Pressed</a> from button.o(.text.Game_Pressed) referenced from button.o(.data.button)
 <LI><a href="#[2]">HardFault_Handler</a> from startup_stm32f10x_md.o(.text) referenced from startup_stm32f10x_md.o(RESET)
 <LI><a href="#[2a]">I2C1_ER_IRQHandler</a> from startup_stm32f10x_md.o(.text) referenced from startup_stm32f10x_md.o(RESET)
 <LI><a href="#[29]">I2C1_EV_IRQHandler</a> from startup_stm32f10x_md.o(.text) referenced from startup_stm32f10x_md.o(RESET)
 <LI><a href="#[2c]">I2C2_ER_IRQHandler</a> from startup_stm32f10x_md.o(.text) referenced from startup_stm32f10x_md.o(RESET)
 <LI><a href="#[2b]">I2C2_EV_IRQHandler</a> from startup_stm32f10x_md.o(.text) referenced from startup_stm32f10x_md.o(RESET)
 <LI><a href="#[3]">MemManage_Handler</a> from startup_stm32f10x_md.o(.text) referenced from startup_stm32f10x_md.o(RESET)
 <LI><a href="#[1]">NMI_Handler</a> from startup_stm32f10x_md.o(.text) referenced from startup_stm32f10x_md.o(RESET)
 <LI><a href="#[b]">PVD_IRQHandler</a> from startup_stm32f10x_md.o(.text) referenced from startup_stm32f10x_md.o(RESET)
 <LI><a href="#[8]">PendSV_Handler</a> from startup_stm32f10x_md.o(.text) referenced from startup_stm32f10x_md.o(RESET)
 <LI><a href="#[f]">RCC_IRQHandler</a> from startup_stm32f10x_md.o(.text) referenced from startup_stm32f10x_md.o(RESET)
 <LI><a href="#[33]">RTCAlarm_IRQHandler</a> from startup_stm32f10x_md.o(.text) referenced from startup_stm32f10x_md.o(RESET)
 <LI><a href="#[d]">RTC_IRQHandler</a> from startup_stm32f10x_md.o(.text) referenced from startup_stm32f10x_md.o(RESET)
 <LI><a href="#[0]">Reset_Handler</a> from startup_stm32f10x_md.o(.text) referenced from startup_stm32f10x_md.o(RESET)
 <LI><a href="#[2d]">SPI1_IRQHandler</a> from startup_stm32f10x_md.o(.text) referenced from startup_stm32f10x_md.o(RESET)
 <LI><a href="#[2e]">SPI2_IRQHandler</a> from startup_stm32f10x_md.o(.text) referenced from startup_stm32f10x_md.o(RESET)
 <LI><a href="#[6]">SVC_Handler</a> from startup_stm32f10x_md.o(.text) referenced from startup_stm32f10x_md.o(RESET)
 <LI><a href="#[4e]">Snake_Draw</a> from snake.o(.text.Snake_Draw) referenced from snake.o(.data.snake)
 <LI><a href="#[4c]">Snake_Init</a> from snake.o(.text.Snake_Init) referenced from snake.o(.data.snake)
 <LI><a href="#[50]">Snake_Reset</a> from snake.o(.text.Snake_Reset) referenced from snake.o(.data.snake)
 <LI><a href="#[4f]">Snake_SetDirection</a> from snake.o(.text.Snake_SetDirection) referenced from snake.o(.data.snake)
 <LI><a href="#[4d]">Snake_Update</a> from snake.o(.text.Snake_Update) referenced from snake.o(.data.snake)
 <LI><a href="#[9]">SysTick_Handler</a> from delay.o(.text.SysTick_Handler) referenced from startup_stm32f10x_md.o(RESET)
 <LI><a href="#[35]">SystemInit</a> from system_stm32f10x.o(.text.SystemInit) referenced from startup_stm32f10x_md.o(.text)
 <LI><a href="#[c]">TAMPER_IRQHandler</a> from startup_stm32f10x_md.o(.text) referenced from startup_stm32f10x_md.o(RESET)
 <LI><a href="#[22]">TIM1_BRK_IRQHandler</a> from startup_stm32f10x_md.o(.text) referenced from startup_stm32f10x_md.o(RESET)
 <LI><a href="#[25]">TIM1_CC_IRQHandler</a> from startup_stm32f10x_md.o(.text) referenced from startup_stm32f10x_md.o(RESET)
 <LI><a href="#[24]">TIM1_TRG_COM_IRQHandler</a> from startup_stm32f10x_md.o(.text) referenced from startup_stm32f10x_md.o(RESET)
 <LI><a href="#[23]">TIM1_UP_IRQHandler</a> from startup_stm32f10x_md.o(.text) referenced from startup_stm32f10x_md.o(RESET)
 <LI><a href="#[26]">TIM2_IRQHandler</a> from startup_stm32f10x_md.o(.text) referenced from startup_stm32f10x_md.o(RESET)
 <LI><a href="#[27]">TIM3_IRQHandler</a> from startup_stm32f10x_md.o(.text) referenced from startup_stm32f10x_md.o(RESET)
 <LI><a href="#[28]">TIM4_IRQHandler</a> from startup_stm32f10x_md.o(.text) referenced from startup_stm32f10x_md.o(RESET)
 <LI><a href="#[59]">UI_ClearToGameBg</a> from ui.o(.text.UI_ClearToGameBg) referenced from ui.o(.data.ui)
 <LI><a href="#[55]">UI_ShowOverScreen</a> from ui.o(.text.UI_ShowOverScreen) referenced from ui.o(.data.ui)
 <LI><a href="#[53]">UI_ShowStartScreen</a> from ui.o(.text.UI_ShowStartScreen) referenced from ui.o(.data.ui)
 <LI><a href="#[57]">UI_ShowWinScreen</a> from ui.o(.text.UI_ShowWinScreen) referenced from ui.o(.data.ui)
 <LI><a href="#[56]">UI_UpdateOverBlink</a> from ui.o(.text.UI_UpdateOverBlink) referenced from ui.o(.data.ui)
 <LI><a href="#[54]">UI_UpdateStartBlink</a> from ui.o(.text.UI_UpdateStartBlink) referenced from ui.o(.data.ui)
 <LI><a href="#[58]">UI_UpdateWinBlink</a> from ui.o(.text.UI_UpdateWinBlink) referenced from ui.o(.data.ui)
 <LI><a href="#[2f]">USART1_IRQHandler</a> from startup_stm32f10x_md.o(.text) referenced from startup_stm32f10x_md.o(RESET)
 <LI><a href="#[30]">USART2_IRQHandler</a> from startup_stm32f10x_md.o(.text) referenced from startup_stm32f10x_md.o(RESET)
 <LI><a href="#[31]">USART3_IRQHandler</a> from startup_stm32f10x_md.o(.text) referenced from startup_stm32f10x_md.o(RESET)
 <LI><a href="#[34]">USBWakeUp_IRQHandler</a> from startup_stm32f10x_md.o(.text) referenced from startup_stm32f10x_md.o(RESET)
 <LI><a href="#[1d]">USB_HP_CAN1_TX_IRQHandler</a> from startup_stm32f10x_md.o(.text) referenced from startup_stm32f10x_md.o(RESET)
 <LI><a href="#[1e]">USB_LP_CAN1_RX0_IRQHandler</a> from startup_stm32f10x_md.o(.text) referenced from startup_stm32f10x_md.o(RESET)
 <LI><a href="#[5]">UsageFault_Handler</a> from startup_stm32f10x_md.o(.text) referenced from startup_stm32f10x_md.o(RESET)
 <LI><a href="#[a]">WWDG_IRQHandler</a> from startup_stm32f10x_md.o(.text) referenced from startup_stm32f10x_md.o(RESET)
 <LI><a href="#[36]">__main</a> from __main.o(!!!main) referenced from startup_stm32f10x_md.o(.text)
 <LI><a href="#[51]">spi1_init</a> from spi.o(.text.spi1_init) referenced from spi.o(.data.spi1)
 <LI><a href="#[52]">spi1_transfer</a> from spi.o(.text.spi1_transfer) referenced from spi.o(.data.spi1)
 <LI><a href="#[4b]">st7735_BitMap</a> from st7735.o(.text.st7735_BitMap) referenced from st7735.o(.data.lcd)
 <LI><a href="#[3f]">st7735_Direction</a> from st7735.o(.text.st7735_Direction) referenced from st7735.o(.data.lcd)
 <LI><a href="#[48]">st7735_DrawHorizontal_Line</a> from st7735.o(.text.st7735_DrawHorizontal_Line) referenced from st7735.o(.data.lcd)
 <LI><a href="#[42]">st7735_DrawPixel</a> from st7735.o(.text.st7735_DrawPixel) referenced from st7735.o(.data.lcd)
 <LI><a href="#[49]">st7735_DrawVerical_Line</a> from st7735.o(.text.st7735_DrawVerical_Line) referenced from st7735.o(.data.lcd)
 <LI><a href="#[46]">st7735_FillCircle</a> from st7735.o(.text.st7735_FillCircle) referenced from st7735.o(.data.lcd)
 <LI><a href="#[47]">st7735_FillCircleInBox</a> from st7735.o(.text.st7735_FillCircleInBox) referenced from st7735.o(.data.lcd)
 <LI><a href="#[45]">st7735_FillRect</a> from st7735.o(.text.st7735_FillRect) referenced from st7735.o(.data.lcd)
 <LI><a href="#[41]">st7735_FillScreen_Fast</a> from st7735.o(.text.st7735_FillScreen_Fast) referenced from st7735.o(.data.lcd)
 <LI><a href="#[3e]">st7735_Init</a> from st7735.o(.text.st7735_Init) referenced from st7735.o(.data.lcd)
 <LI><a href="#[4a]">st7735_InvertColors</a> from st7735.o(.text.st7735_InvertColors) referenced from st7735.o(.data.lcd)
 <LI><a href="#[43]">st7735_PutChar</a> from st7735.o(.text.st7735_PutChar) referenced from st7735.o(.data.lcd)
 <LI><a href="#[44]">st7735_PutString</a> from st7735.o(.text.st7735_PutString) referenced from st7735.o(.data.lcd)
 <LI><a href="#[40]">st7735_SetWindow</a> from st7735.o(.text.st7735_SetWindow) referenced from st7735.o(.data.lcd)
</UL>
<P>
<H3>
Global Symbols
</H3>
<P><STRONG><a name="[36]"></a>__main</STRONG> (Thumb, 8 bytes, Stack size 0 bytes, __main.o(!!!main))
<BR><BR>[Calls]<UL><LI><a href="#[5b]">&gt;&gt;</a>&nbsp;&nbsp;&nbsp;__rt_entry
<LI><a href="#[5a]">&gt;&gt;</a>&nbsp;&nbsp;&nbsp;__scatterload
</UL>
<BR>[Address Reference Count : 1]<UL><LI> startup_stm32f10x_md.o(.text)
</UL>
<P><STRONG><a name="[5a]"></a>__scatterload</STRONG> (Thumb, 0 bytes, Stack size unknown bytes, __scatter.o(!!!scatter))
<BR><BR>[Called By]<UL><LI><a href="#[36]">&gt;&gt;</a>&nbsp;&nbsp;&nbsp;__main
</UL>

<P><STRONG><a name="[5c]"></a>__scatterload_rt2</STRONG> (Thumb, 44 bytes, Stack size unknown bytes, __scatter.o(!!!scatter), UNUSED)
<BR><BR>[Calls]<UL><LI><a href="#[5b]">&gt;&gt;</a>&nbsp;&nbsp;&nbsp;__rt_entry
</UL>

<P><STRONG><a name="[8f]"></a>__scatterload_rt2_thumb_only</STRONG> (Thumb, 0 bytes, Stack size unknown bytes, __scatter.o(!!!scatter), UNUSED)

<P><STRONG><a name="[90]"></a>__scatterload_null</STRONG> (Thumb, 0 bytes, Stack size unknown bytes, __scatter.o(!!!scatter), UNUSED)

<P><STRONG><a name="[5d]"></a>__scatterload_copy</STRONG> (Thumb, 26 bytes, Stack size unknown bytes, __scatter_copy.o(!!handler_copy), UNUSED)
<BR><BR>[Calls]<UL><LI><a href="#[5d]">&gt;&gt;</a>&nbsp;&nbsp;&nbsp;__scatterload_copy
</UL>
<BR>[Called By]<UL><LI><a href="#[5d]">&gt;&gt;</a>&nbsp;&nbsp;&nbsp;__scatterload_copy
</UL>

<P><STRONG><a name="[91]"></a>__scatterload_zeroinit</STRONG> (Thumb, 28 bytes, Stack size unknown bytes, __scatter_zi.o(!!handler_zi), UNUSED)

<P><STRONG><a name="[63]"></a>__rt_lib_init</STRONG> (Thumb, 0 bytes, Stack size unknown bytes, libinit.o(.ARM.Collect$$libinit$$00000000))
<BR><BR>[Called By]<UL><LI><a href="#[62]">&gt;&gt;</a>&nbsp;&nbsp;&nbsp;__rt_entry_li
</UL>

<P><STRONG><a name="[92]"></a>__rt_lib_init_fp_1</STRONG> (Thumb, 0 bytes, Stack size unknown bytes, libinit2.o(.ARM.Collect$$libinit$$00000002))

<P><STRONG><a name="[93]"></a>__rt_lib_init_heap_1</STRONG> (Thumb, 0 bytes, Stack size unknown bytes, libinit2.o(.ARM.Collect$$libinit$$0000000A))

<P><STRONG><a name="[94]"></a>__rt_lib_init_preinit_1</STRONG> (Thumb, 0 bytes, Stack size unknown bytes, libinit2.o(.ARM.Collect$$libinit$$00000004))

<P><STRONG><a name="[5e]"></a>__rt_lib_init_rand_2</STRONG> (Thumb, 0 bytes, Stack size unknown bytes, libinit2.o(.ARM.Collect$$libinit$$0000000D))
<BR><BR>[Stack]<UL><LI>Max Depth = 8 + Unknown Stack Size
<LI>Call Chain = __rt_lib_init_rand_2 &rArr; _rand_init &rArr; srand
</UL>
<BR>[Calls]<UL><LI><a href="#[5f]">&gt;&gt;</a>&nbsp;&nbsp;&nbsp;_rand_init
</UL>

<P><STRONG><a name="[95]"></a>__rt_lib_init_user_alloc_1</STRONG> (Thumb, 0 bytes, Stack size unknown bytes, libinit2.o(.ARM.Collect$$libinit$$0000000C))

<P><STRONG><a name="[96]"></a>__rt_lib_init_alloca_1</STRONG> (Thumb, 0 bytes, Stack size unknown bytes, libinit2.o(.ARM.Collect$$libinit$$0000002E))

<P><STRONG><a name="[97]"></a>__rt_lib_init_argv_1</STRONG> (Thumb, 0 bytes, Stack size unknown bytes, libinit2.o(.ARM.Collect$$libinit$$0000002C))

<P><STRONG><a name="[98]"></a>__rt_lib_init_atexit_1</STRONG> (Thumb, 0 bytes, Stack size unknown bytes, libinit2.o(.ARM.Collect$$libinit$$0000001B))

<P><STRONG><a name="[99]"></a>__rt_lib_init_clock_1</STRONG> (Thumb, 0 bytes, Stack size unknown bytes, libinit2.o(.ARM.Collect$$libinit$$00000021))

<P><STRONG><a name="[9a]"></a>__rt_lib_init_cpp_1</STRONG> (Thumb, 0 bytes, Stack size unknown bytes, libinit2.o(.ARM.Collect$$libinit$$00000032))

<P><STRONG><a name="[9b]"></a>__rt_lib_init_exceptions_1</STRONG> (Thumb, 0 bytes, Stack size unknown bytes, libinit2.o(.ARM.Collect$$libinit$$00000030))

<P><STRONG><a name="[9c]"></a>__rt_lib_init_fp_trap_1</STRONG> (Thumb, 0 bytes, Stack size unknown bytes, libinit2.o(.ARM.Collect$$libinit$$0000001F))

<P><STRONG><a name="[9d]"></a>__rt_lib_init_getenv_1</STRONG> (Thumb, 0 bytes, Stack size unknown bytes, libinit2.o(.ARM.Collect$$libinit$$00000023))

<P><STRONG><a name="[9e]"></a>__rt_lib_init_lc_collate_1</STRONG> (Thumb, 0 bytes, Stack size unknown bytes, libinit2.o(.ARM.Collect$$libinit$$00000011))

<P><STRONG><a name="[9f]"></a>__rt_lib_init_lc_ctype_1</STRONG> (Thumb, 0 bytes, Stack size unknown bytes, libinit2.o(.ARM.Collect$$libinit$$00000013))

<P><STRONG><a name="[a0]"></a>__rt_lib_init_lc_monetary_1</STRONG> (Thumb, 0 bytes, Stack size unknown bytes, libinit2.o(.ARM.Collect$$libinit$$00000015))

<P><STRONG><a name="[a1]"></a>__rt_lib_init_lc_numeric_1</STRONG> (Thumb, 0 bytes, Stack size unknown bytes, libinit2.o(.ARM.Collect$$libinit$$00000017))

<P><STRONG><a name="[a2]"></a>__rt_lib_init_lc_time_1</STRONG> (Thumb, 0 bytes, Stack size unknown bytes, libinit2.o(.ARM.Collect$$libinit$$00000019))

<P><STRONG><a name="[a3]"></a>__rt_lib_init_rand_1</STRONG> (Thumb, 0 bytes, Stack size unknown bytes, libinit2.o(.ARM.Collect$$libinit$$0000000E))

<P><STRONG><a name="[a4]"></a>__rt_lib_init_return</STRONG> (Thumb, 0 bytes, Stack size unknown bytes, libinit2.o(.ARM.Collect$$libinit$$00000033))

<P><STRONG><a name="[a5]"></a>__rt_lib_init_signal_1</STRONG> (Thumb, 0 bytes, Stack size unknown bytes, libinit2.o(.ARM.Collect$$libinit$$0000001D))

<P><STRONG><a name="[a6]"></a>__rt_lib_init_stdio_1</STRONG> (Thumb, 0 bytes, Stack size unknown bytes, libinit2.o(.ARM.Collect$$libinit$$00000025))

<P><STRONG><a name="[68]"></a>__rt_lib_shutdown</STRONG> (Thumb, 0 bytes, Stack size unknown bytes, libshutdown.o(.ARM.Collect$$libshutdown$$00000000))
<BR><BR>[Called By]<UL><LI><a href="#[67]">&gt;&gt;</a>&nbsp;&nbsp;&nbsp;__rt_exit_ls
</UL>

<P><STRONG><a name="[a7]"></a>__rt_lib_shutdown_cpp_1</STRONG> (Thumb, 0 bytes, Stack size unknown bytes, libshutdown2.o(.ARM.Collect$$libshutdown$$00000002))

<P><STRONG><a name="[a8]"></a>__rt_lib_shutdown_fp_trap_1</STRONG> (Thumb, 0 bytes, Stack size unknown bytes, libshutdown2.o(.ARM.Collect$$libshutdown$$00000007))

<P><STRONG><a name="[a9]"></a>__rt_lib_shutdown_heap_1</STRONG> (Thumb, 0 bytes, Stack size unknown bytes, libshutdown2.o(.ARM.Collect$$libshutdown$$0000000F))

<P><STRONG><a name="[aa]"></a>__rt_lib_shutdown_return</STRONG> (Thumb, 0 bytes, Stack size unknown bytes, libshutdown2.o(.ARM.Collect$$libshutdown$$00000010))

<P><STRONG><a name="[ab]"></a>__rt_lib_shutdown_signal_1</STRONG> (Thumb, 0 bytes, Stack size unknown bytes, libshutdown2.o(.ARM.Collect$$libshutdown$$0000000A))

<P><STRONG><a name="[ac]"></a>__rt_lib_shutdown_stdio_1</STRONG> (Thumb, 0 bytes, Stack size unknown bytes, libshutdown2.o(.ARM.Collect$$libshutdown$$00000004))

<P><STRONG><a name="[ad]"></a>__rt_lib_shutdown_user_alloc_1</STRONG> (Thumb, 0 bytes, Stack size unknown bytes, libshutdown2.o(.ARM.Collect$$libshutdown$$0000000C))

<P><STRONG><a name="[5b]"></a>__rt_entry</STRONG> (Thumb, 0 bytes, Stack size unknown bytes, __rtentry.o(.ARM.Collect$$rtentry$$00000000))
<BR><BR>[Called By]<UL><LI><a href="#[36]">&gt;&gt;</a>&nbsp;&nbsp;&nbsp;__main
<LI><a href="#[5c]">&gt;&gt;</a>&nbsp;&nbsp;&nbsp;__scatterload_rt2
</UL>

<P><STRONG><a name="[ae]"></a>__rt_entry_presh_1</STRONG> (Thumb, 0 bytes, Stack size unknown bytes, __rtentry2.o(.ARM.Collect$$rtentry$$00000002))

<P><STRONG><a name="[60]"></a>__rt_entry_sh</STRONG> (Thumb, 0 bytes, Stack size unknown bytes, __rtentry4.o(.ARM.Collect$$rtentry$$00000004))
<BR><BR>[Stack]<UL><LI>Max Depth = 8 + Unknown Stack Size
<LI>Call Chain = __rt_entry_sh &rArr; __user_setup_stackheap
</UL>
<BR>[Calls]<UL><LI><a href="#[61]">&gt;&gt;</a>&nbsp;&nbsp;&nbsp;__user_setup_stackheap
</UL>

<P><STRONG><a name="[62]"></a>__rt_entry_li</STRONG> (Thumb, 0 bytes, Stack size unknown bytes, __rtentry2.o(.ARM.Collect$$rtentry$$0000000A))
<BR><BR>[Calls]<UL><LI><a href="#[63]">&gt;&gt;</a>&nbsp;&nbsp;&nbsp;__rt_lib_init
</UL>

<P><STRONG><a name="[af]"></a>__rt_entry_postsh_1</STRONG> (Thumb, 0 bytes, Stack size unknown bytes, __rtentry2.o(.ARM.Collect$$rtentry$$00000009))

<P><STRONG><a name="[64]"></a>__rt_entry_main</STRONG> (Thumb, 0 bytes, Stack size unknown bytes, __rtentry2.o(.ARM.Collect$$rtentry$$0000000D))
<BR><BR>[Stack]<UL><LI>Max Depth = 32 + Unknown Stack Size
<LI>Call Chain = __rt_entry_main &rArr; main &rArr; Loop &rArr; WorkAssignment
</UL>
<BR>[Calls]<UL><LI><a href="#[65]">&gt;&gt;</a>&nbsp;&nbsp;&nbsp;main
<LI><a href="#[66]">&gt;&gt;</a>&nbsp;&nbsp;&nbsp;exit
</UL>

<P><STRONG><a name="[b0]"></a>__rt_entry_postli_1</STRONG> (Thumb, 0 bytes, Stack size unknown bytes, __rtentry2.o(.ARM.Collect$$rtentry$$0000000C))

<P><STRONG><a name="[6e]"></a>__rt_exit</STRONG> (Thumb, 0 bytes, Stack size unknown bytes, rtexit.o(.ARM.Collect$$rtexit$$00000000))
<BR><BR>[Called By]<UL><LI><a href="#[66]">&gt;&gt;</a>&nbsp;&nbsp;&nbsp;exit
</UL>

<P><STRONG><a name="[67]"></a>__rt_exit_ls</STRONG> (Thumb, 0 bytes, Stack size unknown bytes, rtexit2.o(.ARM.Collect$$rtexit$$00000003))
<BR><BR>[Calls]<UL><LI><a href="#[68]">&gt;&gt;</a>&nbsp;&nbsp;&nbsp;__rt_lib_shutdown
</UL>

<P><STRONG><a name="[b1]"></a>__rt_exit_prels_1</STRONG> (Thumb, 0 bytes, Stack size unknown bytes, rtexit2.o(.ARM.Collect$$rtexit$$00000002))

<P><STRONG><a name="[69]"></a>__rt_exit_exit</STRONG> (Thumb, 0 bytes, Stack size unknown bytes, rtexit2.o(.ARM.Collect$$rtexit$$00000004))
<BR><BR>[Calls]<UL><LI><a href="#[6a]">&gt;&gt;</a>&nbsp;&nbsp;&nbsp;_sys_exit
</UL>

<P><STRONG><a name="[82]"></a>rand</STRONG> (Thumb, 48 bytes, Stack size 0 bytes, rand.o(.emb_text))
<BR><BR>[Called By]<UL><LI><a href="#[81]">&gt;&gt;</a>&nbsp;&nbsp;&nbsp;Snake_Random_Food
</UL>

<P><STRONG><a name="[0]"></a>Reset_Handler</STRONG> (Thumb, 8 bytes, Stack size 0 bytes, startup_stm32f10x_md.o(.text))
<BR>[Address Reference Count : 1]<UL><LI> startup_stm32f10x_md.o(RESET)
</UL>
<P><STRONG><a name="[1]"></a>NMI_Handler</STRONG> (Thumb, 2 bytes, Stack size 0 bytes, startup_stm32f10x_md.o(.text))
<BR><BR>[Calls]<UL><LI><a href="#[1]">&gt;&gt;</a>&nbsp;&nbsp;&nbsp;NMI_Handler
</UL>
<BR>[Called By]<UL><LI><a href="#[1]">&gt;&gt;</a>&nbsp;&nbsp;&nbsp;NMI_Handler
</UL>
<BR>[Address Reference Count : 1]<UL><LI> startup_stm32f10x_md.o(RESET)
</UL>
<P><STRONG><a name="[2]"></a>HardFault_Handler</STRONG> (Thumb, 2 bytes, Stack size 0 bytes, startup_stm32f10x_md.o(.text))
<BR><BR>[Calls]<UL><LI><a href="#[2]">&gt;&gt;</a>&nbsp;&nbsp;&nbsp;HardFault_Handler
</UL>
<BR>[Called By]<UL><LI><a href="#[2]">&gt;&gt;</a>&nbsp;&nbsp;&nbsp;HardFault_Handler
</UL>
<BR>[Address Reference Count : 1]<UL><LI> startup_stm32f10x_md.o(RESET)
</UL>
<P><STRONG><a name="[3]"></a>MemManage_Handler</STRONG> (Thumb, 2 bytes, Stack size 0 bytes, startup_stm32f10x_md.o(.text))
<BR><BR>[Calls]<UL><LI><a href="#[3]">&gt;&gt;</a>&nbsp;&nbsp;&nbsp;MemManage_Handler
</UL>
<BR>[Called By]<UL><LI><a href="#[3]">&gt;&gt;</a>&nbsp;&nbsp;&nbsp;MemManage_Handler
</UL>
<BR>[Address Reference Count : 1]<UL><LI> startup_stm32f10x_md.o(RESET)
</UL>
<P><STRONG><a name="[4]"></a>BusFault_Handler</STRONG> (Thumb, 2 bytes, Stack size 0 bytes, startup_stm32f10x_md.o(.text))
<BR><BR>[Calls]<UL><LI><a href="#[4]">&gt;&gt;</a>&nbsp;&nbsp;&nbsp;BusFault_Handler
</UL>
<BR>[Called By]<UL><LI><a href="#[4]">&gt;&gt;</a>&nbsp;&nbsp;&nbsp;BusFault_Handler
</UL>
<BR>[Address Reference Count : 1]<UL><LI> startup_stm32f10x_md.o(RESET)
</UL>
<P><STRONG><a name="[5]"></a>UsageFault_Handler</STRONG> (Thumb, 2 bytes, Stack size 0 bytes, startup_stm32f10x_md.o(.text))
<BR><BR>[Calls]<UL><LI><a href="#[5]">&gt;&gt;</a>&nbsp;&nbsp;&nbsp;UsageFault_Handler
</UL>
<BR>[Called By]<UL><LI><a href="#[5]">&gt;&gt;</a>&nbsp;&nbsp;&nbsp;UsageFault_Handler
</UL>
<BR>[Address Reference Count : 1]<UL><LI> startup_stm32f10x_md.o(RESET)
</UL>
<P><STRONG><a name="[6]"></a>SVC_Handler</STRONG> (Thumb, 2 bytes, Stack size 0 bytes, startup_stm32f10x_md.o(.text))
<BR><BR>[Calls]<UL><LI><a href="#[6]">&gt;&gt;</a>&nbsp;&nbsp;&nbsp;SVC_Handler
</UL>
<BR>[Called By]<UL><LI><a href="#[6]">&gt;&gt;</a>&nbsp;&nbsp;&nbsp;SVC_Handler
</UL>
<BR>[Address Reference Count : 1]<UL><LI> startup_stm32f10x_md.o(RESET)
</UL>
<P><STRONG><a name="[7]"></a>DebugMon_Handler</STRONG> (Thumb, 2 bytes, Stack size 0 bytes, startup_stm32f10x_md.o(.text))
<BR><BR>[Calls]<UL><LI><a href="#[7]">&gt;&gt;</a>&nbsp;&nbsp;&nbsp;DebugMon_Handler
</UL>
<BR>[Called By]<UL><LI><a href="#[7]">&gt;&gt;</a>&nbsp;&nbsp;&nbsp;DebugMon_Handler
</UL>
<BR>[Address Reference Count : 1]<UL><LI> startup_stm32f10x_md.o(RESET)
</UL>
<P><STRONG><a name="[8]"></a>PendSV_Handler</STRONG> (Thumb, 2 bytes, Stack size 0 bytes, startup_stm32f10x_md.o(.text))
<BR><BR>[Calls]<UL><LI><a href="#[8]">&gt;&gt;</a>&nbsp;&nbsp;&nbsp;PendSV_Handler
</UL>
<BR>[Called By]<UL><LI><a href="#[8]">&gt;&gt;</a>&nbsp;&nbsp;&nbsp;PendSV_Handler
</UL>
<BR>[Address Reference Count : 1]<UL><LI> startup_stm32f10x_md.o(RESET)
</UL>
<P><STRONG><a name="[1c]"></a>ADC1_2_IRQHandler</STRONG> (Thumb, 0 bytes, Stack size 0 bytes, startup_stm32f10x_md.o(.text))
<BR><BR>[Calls]<UL><LI><a href="#[1c]">&gt;&gt;</a>&nbsp;&nbsp;&nbsp;ADC1_2_IRQHandler
</UL>
<BR>[Called By]<UL><LI><a href="#[1c]">&gt;&gt;</a>&nbsp;&nbsp;&nbsp;ADC1_2_IRQHandler
</UL>
<BR>[Address Reference Count : 1]<UL><LI> startup_stm32f10x_md.o(RESET)
</UL>
<P><STRONG><a name="[1f]"></a>CAN1_RX1_IRQHandler</STRONG> (Thumb, 0 bytes, Stack size 0 bytes, startup_stm32f10x_md.o(.text))
<BR>[Address Reference Count : 1]<UL><LI> startup_stm32f10x_md.o(RESET)
</UL>
<P><STRONG><a name="[20]"></a>CAN1_SCE_IRQHandler</STRONG> (Thumb, 0 bytes, Stack size 0 bytes, startup_stm32f10x_md.o(.text))
<BR>[Address Reference Count : 1]<UL><LI> startup_stm32f10x_md.o(RESET)
</UL>
<P><STRONG><a name="[15]"></a>DMA1_Channel1_IRQHandler</STRONG> (Thumb, 0 bytes, Stack size 0 bytes, startup_stm32f10x_md.o(.text))
<BR>[Address Reference Count : 1]<UL><LI> startup_stm32f10x_md.o(RESET)
</UL>
<P><STRONG><a name="[16]"></a>DMA1_Channel2_IRQHandler</STRONG> (Thumb, 0 bytes, Stack size 0 bytes, startup_stm32f10x_md.o(.text))
<BR>[Address Reference Count : 1]<UL><LI> startup_stm32f10x_md.o(RESET)
</UL>
<P><STRONG><a name="[17]"></a>DMA1_Channel3_IRQHandler</STRONG> (Thumb, 0 bytes, Stack size 0 bytes, startup_stm32f10x_md.o(.text))
<BR>[Address Reference Count : 1]<UL><LI> startup_stm32f10x_md.o(RESET)
</UL>
<P><STRONG><a name="[18]"></a>DMA1_Channel4_IRQHandler</STRONG> (Thumb, 0 bytes, Stack size 0 bytes, startup_stm32f10x_md.o(.text))
<BR>[Address Reference Count : 1]<UL><LI> startup_stm32f10x_md.o(RESET)
</UL>
<P><STRONG><a name="[19]"></a>DMA1_Channel5_IRQHandler</STRONG> (Thumb, 0 bytes, Stack size 0 bytes, startup_stm32f10x_md.o(.text))
<BR>[Address Reference Count : 1]<UL><LI> startup_stm32f10x_md.o(RESET)
</UL>
<P><STRONG><a name="[1a]"></a>DMA1_Channel6_IRQHandler</STRONG> (Thumb, 0 bytes, Stack size 0 bytes, startup_stm32f10x_md.o(.text))
<BR>[Address Reference Count : 1]<UL><LI> startup_stm32f10x_md.o(RESET)
</UL>
<P><STRONG><a name="[1b]"></a>DMA1_Channel7_IRQHandler</STRONG> (Thumb, 0 bytes, Stack size 0 bytes, startup_stm32f10x_md.o(.text))
<BR>[Address Reference Count : 1]<UL><LI> startup_stm32f10x_md.o(RESET)
</UL>
<P><STRONG><a name="[10]"></a>EXTI0_IRQHandler</STRONG> (Thumb, 0 bytes, Stack size 0 bytes, startup_stm32f10x_md.o(.text))
<BR>[Address Reference Count : 1]<UL><LI> startup_stm32f10x_md.o(RESET)
</UL>
<P><STRONG><a name="[32]"></a>EXTI15_10_IRQHandler</STRONG> (Thumb, 0 bytes, Stack size 0 bytes, startup_stm32f10x_md.o(.text))
<BR>[Address Reference Count : 1]<UL><LI> startup_stm32f10x_md.o(RESET)
</UL>
<P><STRONG><a name="[11]"></a>EXTI1_IRQHandler</STRONG> (Thumb, 0 bytes, Stack size 0 bytes, startup_stm32f10x_md.o(.text))
<BR>[Address Reference Count : 1]<UL><LI> startup_stm32f10x_md.o(RESET)
</UL>
<P><STRONG><a name="[12]"></a>EXTI2_IRQHandler</STRONG> (Thumb, 0 bytes, Stack size 0 bytes, startup_stm32f10x_md.o(.text))
<BR>[Address Reference Count : 1]<UL><LI> startup_stm32f10x_md.o(RESET)
</UL>
<P><STRONG><a name="[13]"></a>EXTI3_IRQHandler</STRONG> (Thumb, 0 bytes, Stack size 0 bytes, startup_stm32f10x_md.o(.text))
<BR>[Address Reference Count : 1]<UL><LI> startup_stm32f10x_md.o(RESET)
</UL>
<P><STRONG><a name="[14]"></a>EXTI4_IRQHandler</STRONG> (Thumb, 0 bytes, Stack size 0 bytes, startup_stm32f10x_md.o(.text))
<BR>[Address Reference Count : 1]<UL><LI> startup_stm32f10x_md.o(RESET)
</UL>
<P><STRONG><a name="[21]"></a>EXTI9_5_IRQHandler</STRONG> (Thumb, 0 bytes, Stack size 0 bytes, startup_stm32f10x_md.o(.text))
<BR>[Address Reference Count : 1]<UL><LI> startup_stm32f10x_md.o(RESET)
</UL>
<P><STRONG><a name="[e]"></a>FLASH_IRQHandler</STRONG> (Thumb, 0 bytes, Stack size 0 bytes, startup_stm32f10x_md.o(.text))
<BR>[Address Reference Count : 1]<UL><LI> startup_stm32f10x_md.o(RESET)
</UL>
<P><STRONG><a name="[2a]"></a>I2C1_ER_IRQHandler</STRONG> (Thumb, 0 bytes, Stack size 0 bytes, startup_stm32f10x_md.o(.text))
<BR>[Address Reference Count : 1]<UL><LI> startup_stm32f10x_md.o(RESET)
</UL>
<P><STRONG><a name="[29]"></a>I2C1_EV_IRQHandler</STRONG> (Thumb, 0 bytes, Stack size 0 bytes, startup_stm32f10x_md.o(.text))
<BR>[Address Reference Count : 1]<UL><LI> startup_stm32f10x_md.o(RESET)
</UL>
<P><STRONG><a name="[2c]"></a>I2C2_ER_IRQHandler</STRONG> (Thumb, 0 bytes, Stack size 0 bytes, startup_stm32f10x_md.o(.text))
<BR>[Address Reference Count : 1]<UL><LI> startup_stm32f10x_md.o(RESET)
</UL>
<P><STRONG><a name="[2b]"></a>I2C2_EV_IRQHandler</STRONG> (Thumb, 0 bytes, Stack size 0 bytes, startup_stm32f10x_md.o(.text))
<BR>[Address Reference Count : 1]<UL><LI> startup_stm32f10x_md.o(RESET)
</UL>
<P><STRONG><a name="[b]"></a>PVD_IRQHandler</STRONG> (Thumb, 0 bytes, Stack size 0 bytes, startup_stm32f10x_md.o(.text))
<BR>[Address Reference Count : 1]<UL><LI> startup_stm32f10x_md.o(RESET)
</UL>
<P><STRONG><a name="[f]"></a>RCC_IRQHandler</STRONG> (Thumb, 0 bytes, Stack size 0 bytes, startup_stm32f10x_md.o(.text))
<BR>[Address Reference Count : 1]<UL><LI> startup_stm32f10x_md.o(RESET)
</UL>
<P><STRONG><a name="[33]"></a>RTCAlarm_IRQHandler</STRONG> (Thumb, 0 bytes, Stack size 0 bytes, startup_stm32f10x_md.o(.text))
<BR>[Address Reference Count : 1]<UL><LI> startup_stm32f10x_md.o(RESET)
</UL>
<P><STRONG><a name="[d]"></a>RTC_IRQHandler</STRONG> (Thumb, 0 bytes, Stack size 0 bytes, startup_stm32f10x_md.o(.text))
<BR>[Address Reference Count : 1]<UL><LI> startup_stm32f10x_md.o(RESET)
</UL>
<P><STRONG><a name="[2d]"></a>SPI1_IRQHandler</STRONG> (Thumb, 0 bytes, Stack size 0 bytes, startup_stm32f10x_md.o(.text))
<BR>[Address Reference Count : 1]<UL><LI> startup_stm32f10x_md.o(RESET)
</UL>
<P><STRONG><a name="[2e]"></a>SPI2_IRQHandler</STRONG> (Thumb, 0 bytes, Stack size 0 bytes, startup_stm32f10x_md.o(.text))
<BR>[Address Reference Count : 1]<UL><LI> startup_stm32f10x_md.o(RESET)
</UL>
<P><STRONG><a name="[c]"></a>TAMPER_IRQHandler</STRONG> (Thumb, 0 bytes, Stack size 0 bytes, startup_stm32f10x_md.o(.text))
<BR>[Address Reference Count : 1]<UL><LI> startup_stm32f10x_md.o(RESET)
</UL>
<P><STRONG><a name="[22]"></a>TIM1_BRK_IRQHandler</STRONG> (Thumb, 0 bytes, Stack size 0 bytes, startup_stm32f10x_md.o(.text))
<BR>[Address Reference Count : 1]<UL><LI> startup_stm32f10x_md.o(RESET)
</UL>
<P><STRONG><a name="[25]"></a>TIM1_CC_IRQHandler</STRONG> (Thumb, 0 bytes, Stack size 0 bytes, startup_stm32f10x_md.o(.text))
<BR>[Address Reference Count : 1]<UL><LI> startup_stm32f10x_md.o(RESET)
</UL>
<P><STRONG><a name="[24]"></a>TIM1_TRG_COM_IRQHandler</STRONG> (Thumb, 0 bytes, Stack size 0 bytes, startup_stm32f10x_md.o(.text))
<BR>[Address Reference Count : 1]<UL><LI> startup_stm32f10x_md.o(RESET)
</UL>
<P><STRONG><a name="[23]"></a>TIM1_UP_IRQHandler</STRONG> (Thumb, 0 bytes, Stack size 0 bytes, startup_stm32f10x_md.o(.text))
<BR>[Address Reference Count : 1]<UL><LI> startup_stm32f10x_md.o(RESET)
</UL>
<P><STRONG><a name="[26]"></a>TIM2_IRQHandler</STRONG> (Thumb, 0 bytes, Stack size 0 bytes, startup_stm32f10x_md.o(.text))
<BR>[Address Reference Count : 1]<UL><LI> startup_stm32f10x_md.o(RESET)
</UL>
<P><STRONG><a name="[27]"></a>TIM3_IRQHandler</STRONG> (Thumb, 0 bytes, Stack size 0 bytes, startup_stm32f10x_md.o(.text))
<BR>[Address Reference Count : 1]<UL><LI> startup_stm32f10x_md.o(RESET)
</UL>
<P><STRONG><a name="[28]"></a>TIM4_IRQHandler</STRONG> (Thumb, 0 bytes, Stack size 0 bytes, startup_stm32f10x_md.o(.text))
<BR>[Address Reference Count : 1]<UL><LI> startup_stm32f10x_md.o(RESET)
</UL>
<P><STRONG><a name="[2f]"></a>USART1_IRQHandler</STRONG> (Thumb, 0 bytes, Stack size 0 bytes, startup_stm32f10x_md.o(.text))
<BR>[Address Reference Count : 1]<UL><LI> startup_stm32f10x_md.o(RESET)
</UL>
<P><STRONG><a name="[30]"></a>USART2_IRQHandler</STRONG> (Thumb, 0 bytes, Stack size 0 bytes, startup_stm32f10x_md.o(.text))
<BR>[Address Reference Count : 1]<UL><LI> startup_stm32f10x_md.o(RESET)
</UL>
<P><STRONG><a name="[31]"></a>USART3_IRQHandler</STRONG> (Thumb, 0 bytes, Stack size 0 bytes, startup_stm32f10x_md.o(.text))
<BR>[Address Reference Count : 1]<UL><LI> startup_stm32f10x_md.o(RESET)
</UL>
<P><STRONG><a name="[34]"></a>USBWakeUp_IRQHandler</STRONG> (Thumb, 0 bytes, Stack size 0 bytes, startup_stm32f10x_md.o(.text))
<BR>[Address Reference Count : 1]<UL><LI> startup_stm32f10x_md.o(RESET)
</UL>
<P><STRONG><a name="[1d]"></a>USB_HP_CAN1_TX_IRQHandler</STRONG> (Thumb, 0 bytes, Stack size 0 bytes, startup_stm32f10x_md.o(.text))
<BR>[Address Reference Count : 1]<UL><LI> startup_stm32f10x_md.o(RESET)
</UL>
<P><STRONG><a name="[1e]"></a>USB_LP_CAN1_RX0_IRQHandler</STRONG> (Thumb, 0 bytes, Stack size 0 bytes, startup_stm32f10x_md.o(.text))
<BR>[Address Reference Count : 1]<UL><LI> startup_stm32f10x_md.o(RESET)
</UL>
<P><STRONG><a name="[a]"></a>WWDG_IRQHandler</STRONG> (Thumb, 0 bytes, Stack size 0 bytes, startup_stm32f10x_md.o(.text))
<BR>[Address Reference Count : 1]<UL><LI> startup_stm32f10x_md.o(RESET)
</UL>
<P><STRONG><a name="[6d]"></a>__user_initial_stackheap</STRONG> (Thumb, 0 bytes, Stack size unknown bytes, startup_stm32f10x_md.o(.text))
<BR><BR>[Called By]<UL><LI><a href="#[61]">&gt;&gt;</a>&nbsp;&nbsp;&nbsp;__user_setup_stackheap
</UL>

<P><STRONG><a name="[6b]"></a>srand</STRONG> (Thumb, 42 bytes, Stack size 8 bytes, rand.o(.text))
<BR><BR>[Stack]<UL><LI>Max Depth = 8<LI>Call Chain = srand
</UL>
<BR>[Called By]<UL><LI><a href="#[4c]">&gt;&gt;</a>&nbsp;&nbsp;&nbsp;Snake_Init
<LI><a href="#[5f]">&gt;&gt;</a>&nbsp;&nbsp;&nbsp;_rand_init
</UL>

<P><STRONG><a name="[5f]"></a>_rand_init</STRONG> (Thumb, 4 bytes, Stack size 0 bytes, rand.o(.text))
<BR><BR>[Stack]<UL><LI>Max Depth = 8<LI>Call Chain = _rand_init &rArr; srand
</UL>
<BR>[Calls]<UL><LI><a href="#[6b]">&gt;&gt;</a>&nbsp;&nbsp;&nbsp;srand
</UL>
<BR>[Called By]<UL><LI><a href="#[5e]">&gt;&gt;</a>&nbsp;&nbsp;&nbsp;__rt_lib_init_rand_2
</UL>

<P><STRONG><a name="[84]"></a>strlen</STRONG> (Thumb, 62 bytes, Stack size 8 bytes, strlen.o(.text))
<BR><BR>[Stack]<UL><LI>Max Depth = 8<LI>Call Chain = strlen
</UL>
<BR>[Called By]<UL><LI><a href="#[85]">&gt;&gt;</a>&nbsp;&nbsp;&nbsp;Text_Center_Highlight
<LI><a href="#[83]">&gt;&gt;</a>&nbsp;&nbsp;&nbsp;Text_Center
</UL>

<P><STRONG><a name="[b2]"></a>__use_two_region_memory</STRONG> (Thumb, 2 bytes, Stack size 0 bytes, heapauxi.o(.text), UNUSED)

<P><STRONG><a name="[b3]"></a>__rt_heap_escrow$2region</STRONG> (Thumb, 2 bytes, Stack size 0 bytes, heapauxi.o(.text), UNUSED)

<P><STRONG><a name="[b4]"></a>__rt_heap_expand$2region</STRONG> (Thumb, 2 bytes, Stack size 0 bytes, heapauxi.o(.text), UNUSED)

<P><STRONG><a name="[61]"></a>__user_setup_stackheap</STRONG> (Thumb, 74 bytes, Stack size 8 bytes, sys_stackheap_outer.o(.text))
<BR><BR>[Stack]<UL><LI>Max Depth = 8 + Unknown Stack Size
<LI>Call Chain = __user_setup_stackheap
</UL>
<BR>[Calls]<UL><LI><a href="#[6c]">&gt;&gt;</a>&nbsp;&nbsp;&nbsp;__user_perproc_libspace
<LI><a href="#[6d]">&gt;&gt;</a>&nbsp;&nbsp;&nbsp;__user_initial_stackheap
</UL>
<BR>[Called By]<UL><LI><a href="#[60]">&gt;&gt;</a>&nbsp;&nbsp;&nbsp;__rt_entry_sh
</UL>

<P><STRONG><a name="[66]"></a>exit</STRONG> (Thumb, 18 bytes, Stack size 8 bytes, exit.o(.text))
<BR><BR>[Stack]<UL><LI>Max Depth = 8 + Unknown Stack Size
<LI>Call Chain = exit
</UL>
<BR>[Calls]<UL><LI><a href="#[6e]">&gt;&gt;</a>&nbsp;&nbsp;&nbsp;__rt_exit
</UL>
<BR>[Called By]<UL><LI><a href="#[64]">&gt;&gt;</a>&nbsp;&nbsp;&nbsp;__rt_entry_main
</UL>

<P><STRONG><a name="[b5]"></a>__user_libspace</STRONG> (Thumb, 8 bytes, Stack size 0 bytes, libspace.o(.text), UNUSED)

<P><STRONG><a name="[6c]"></a>__user_perproc_libspace</STRONG> (Thumb, 0 bytes, Stack size 0 bytes, libspace.o(.text))
<BR><BR>[Called By]<UL><LI><a href="#[61]">&gt;&gt;</a>&nbsp;&nbsp;&nbsp;__user_setup_stackheap
</UL>

<P><STRONG><a name="[b6]"></a>__user_perthread_libspace</STRONG> (Thumb, 0 bytes, Stack size 0 bytes, libspace.o(.text), UNUSED)

<P><STRONG><a name="[b7]"></a>__I$use$semihosting</STRONG> (Thumb, 0 bytes, Stack size 0 bytes, use_no_semi.o(.text), UNUSED)

<P><STRONG><a name="[b8]"></a>__use_no_semihosting_swi</STRONG> (Thumb, 2 bytes, Stack size 0 bytes, use_no_semi.o(.text), UNUSED)

<P><STRONG><a name="[b9]"></a>__semihosting_library_function</STRONG> (Thumb, 0 bytes, Stack size unknown bytes, indicate_semi.o(.text), UNUSED)

<P><STRONG><a name="[6a]"></a>_sys_exit</STRONG> (Thumb, 8 bytes, Stack size 0 bytes, sys_exit.o(.text))
<BR><BR>[Called By]<UL><LI><a href="#[69]">&gt;&gt;</a>&nbsp;&nbsp;&nbsp;__rt_exit_exit
</UL>

<P><STRONG><a name="[37]"></a>ButtonTask</STRONG> (Thumb, 200 bytes, Stack size 16 bytes, task.o(.text.ButtonTask))
<BR><BR>[Stack]<UL><LI>Max Depth = 32<LI>Call Chain = ButtonTask &rArr; ControlGame
</UL>
<BR>[Calls]<UL><LI><a href="#[70]">&gt;&gt;</a>&nbsp;&nbsp;&nbsp;StartNewGame
<LI><a href="#[6f]">&gt;&gt;</a>&nbsp;&nbsp;&nbsp;ControlGame
</UL>
<BR>[Address Reference Count : 1]<UL><LI> task.o(.text.TaskFunction)
</UL>
<P><STRONG><a name="[75]"></a>DelayMs</STRONG> (Thumb, 24 bytes, Stack size 16 bytes, delay.o(.text.DelayMs))
<BR><BR>[Stack]<UL><LI>Max Depth = 16<LI>Call Chain = DelayMs
</UL>
<BR>[Calls]<UL><LI><a href="#[76]">&gt;&gt;</a>&nbsp;&nbsp;&nbsp;millis
</UL>
<BR>[Called By]<UL><LI><a href="#[8e]">&gt;&gt;</a>&nbsp;&nbsp;&nbsp;st7735_SendCmdList
<LI><a href="#[3e]">&gt;&gt;</a>&nbsp;&nbsp;&nbsp;st7735_Init
</UL>

<P><STRONG><a name="[3d]"></a>Delay_Init</STRONG> (Thumb, 30 bytes, Stack size 0 bytes, delay.o(.text.Delay_Init))
<BR>[Address Reference Count : 1]<UL><LI> delay.o(.data.delay)
</UL>
<P><STRONG><a name="[38]"></a>FlushSnakeTask</STRONG> (Thumb, 86 bytes, Stack size 8 bytes, task.o(.text.FlushSnakeTask))
<BR><BR>[Stack]<UL><LI>Max Depth = 8<LI>Call Chain = FlushSnakeTask
</UL>
<BR>[Address Reference Count : 1]<UL><LI> task.o(.text.TaskFunction)
</UL>
<P><STRONG><a name="[72]"></a>GPIO_Init</STRONG> (Thumb, 176 bytes, Stack size 24 bytes, stm32f10x_gpio.o(.text.GPIO_Init))
<BR><BR>[Stack]<UL><LI>Max Depth = 24<LI>Call Chain = GPIO_Init
</UL>
<BR>[Called By]<UL><LI><a href="#[3b]">&gt;&gt;</a>&nbsp;&nbsp;&nbsp;Game_Init
<LI><a href="#[39]">&gt;&gt;</a>&nbsp;&nbsp;&nbsp;Ctrl_Init
<LI><a href="#[51]">&gt;&gt;</a>&nbsp;&nbsp;&nbsp;spi1_init
<LI><a href="#[77]">&gt;&gt;</a>&nbsp;&nbsp;&nbsp;GPIOx_Init
</UL>

<P><STRONG><a name="[7c]"></a>GPIO_ReadInputDataBit</STRONG> (Thumb, 10 bytes, Stack size 0 bytes, stm32f10x_gpio.o(.text.GPIO_ReadInputDataBit))
<BR><BR>[Called By]<UL><LI><a href="#[73]">&gt;&gt;</a>&nbsp;&nbsp;&nbsp;Read_Pin
</UL>

<P><STRONG><a name="[8a]"></a>GPIO_ResetBits</STRONG> (Thumb, 4 bytes, Stack size 0 bytes, stm32f10x_gpio.o(.text.GPIO_ResetBits))
<BR><BR>[Called By]<UL><LI><a href="#[8d]">&gt;&gt;</a>&nbsp;&nbsp;&nbsp;st7735_SendData
<LI><a href="#[8c]">&gt;&gt;</a>&nbsp;&nbsp;&nbsp;st7735_SendCmd
<LI><a href="#[4a]">&gt;&gt;</a>&nbsp;&nbsp;&nbsp;st7735_InvertColors
<LI><a href="#[3e]">&gt;&gt;</a>&nbsp;&nbsp;&nbsp;st7735_Init
<LI><a href="#[41]">&gt;&gt;</a>&nbsp;&nbsp;&nbsp;st7735_FillScreen_Fast
<LI><a href="#[45]">&gt;&gt;</a>&nbsp;&nbsp;&nbsp;st7735_FillRect
<LI><a href="#[49]">&gt;&gt;</a>&nbsp;&nbsp;&nbsp;st7735_DrawVerical_Line
<LI><a href="#[48]">&gt;&gt;</a>&nbsp;&nbsp;&nbsp;st7735_DrawHorizontal_Line
<LI><a href="#[4b]">&gt;&gt;</a>&nbsp;&nbsp;&nbsp;st7735_BitMap
<LI><a href="#[89]">&gt;&gt;</a>&nbsp;&nbsp;&nbsp;_drawHSpanClippedToBox
</UL>

<P><STRONG><a name="[8b]"></a>GPIO_SetBits</STRONG> (Thumb, 4 bytes, Stack size 0 bytes, stm32f10x_gpio.o(.text.GPIO_SetBits))
<BR><BR>[Called By]<UL><LI><a href="#[8d]">&gt;&gt;</a>&nbsp;&nbsp;&nbsp;st7735_SendData
<LI><a href="#[8c]">&gt;&gt;</a>&nbsp;&nbsp;&nbsp;st7735_SendCmd
<LI><a href="#[4a]">&gt;&gt;</a>&nbsp;&nbsp;&nbsp;st7735_InvertColors
<LI><a href="#[3e]">&gt;&gt;</a>&nbsp;&nbsp;&nbsp;st7735_Init
<LI><a href="#[41]">&gt;&gt;</a>&nbsp;&nbsp;&nbsp;st7735_FillScreen_Fast
<LI><a href="#[45]">&gt;&gt;</a>&nbsp;&nbsp;&nbsp;st7735_FillRect
<LI><a href="#[49]">&gt;&gt;</a>&nbsp;&nbsp;&nbsp;st7735_DrawVerical_Line
<LI><a href="#[48]">&gt;&gt;</a>&nbsp;&nbsp;&nbsp;st7735_DrawHorizontal_Line
<LI><a href="#[4b]">&gt;&gt;</a>&nbsp;&nbsp;&nbsp;st7735_BitMap
<LI><a href="#[89]">&gt;&gt;</a>&nbsp;&nbsp;&nbsp;_drawHSpanClippedToBox
<LI><a href="#[51]">&gt;&gt;</a>&nbsp;&nbsp;&nbsp;spi1_init
</UL>

<P><STRONG><a name="[77]"></a>GPIOx_Init</STRONG> (Thumb, 92 bytes, Stack size 24 bytes, gpio.o(.text.GPIOx_Init))
<BR><BR>[Stack]<UL><LI>Max Depth = 48<LI>Call Chain = GPIOx_Init &rArr; GPIO_Init
</UL>
<BR>[Calls]<UL><LI><a href="#[71]">&gt;&gt;</a>&nbsp;&nbsp;&nbsp;RCC_APB2PeriphClockCmd
<LI><a href="#[72]">&gt;&gt;</a>&nbsp;&nbsp;&nbsp;GPIO_Init
</UL>
<BR>[Called By]<UL><LI><a href="#[3e]">&gt;&gt;</a>&nbsp;&nbsp;&nbsp;st7735_Init
</UL>

<P><STRONG><a name="[78]"></a>Init</STRONG> (Thumb, 82 bytes, Stack size 8 bytes, main.o(.text.Init))
<BR><BR>[Stack]<UL><LI>Max Depth = 32<LI>Call Chain = Init &rArr; SystemInit &rArr; SetSysClock &rArr; SetSysClockTo72
</UL>
<BR>[Calls]<UL><LI><a href="#[79]">&gt;&gt;</a>&nbsp;&nbsp;&nbsp;TaskFunction
<LI><a href="#[35]">&gt;&gt;</a>&nbsp;&nbsp;&nbsp;SystemInit
</UL>
<BR>[Called By]<UL><LI><a href="#[65]">&gt;&gt;</a>&nbsp;&nbsp;&nbsp;main
</UL>

<P><STRONG><a name="[7a]"></a>Loop</STRONG> (Thumb, 8 bytes, Stack size 8 bytes, main.o(.text.Loop))
<BR><BR>[Stack]<UL><LI>Max Depth = 32<LI>Call Chain = Loop &rArr; WorkAssignment
</UL>
<BR>[Calls]<UL><LI><a href="#[7b]">&gt;&gt;</a>&nbsp;&nbsp;&nbsp;WorkAssignment
</UL>
<BR>[Called By]<UL><LI><a href="#[65]">&gt;&gt;</a>&nbsp;&nbsp;&nbsp;main
</UL>

<P><STRONG><a name="[71]"></a>RCC_APB2PeriphClockCmd</STRONG> (Thumb, 24 bytes, Stack size 0 bytes, stm32f10x_rcc.o(.text.RCC_APB2PeriphClockCmd))
<BR><BR>[Called By]<UL><LI><a href="#[3b]">&gt;&gt;</a>&nbsp;&nbsp;&nbsp;Game_Init
<LI><a href="#[39]">&gt;&gt;</a>&nbsp;&nbsp;&nbsp;Ctrl_Init
<LI><a href="#[51]">&gt;&gt;</a>&nbsp;&nbsp;&nbsp;spi1_init
<LI><a href="#[77]">&gt;&gt;</a>&nbsp;&nbsp;&nbsp;GPIOx_Init
</UL>

<P><STRONG><a name="[4e]"></a>Snake_Draw</STRONG> (Thumb, 172 bytes, Stack size 24 bytes, snake.o(.text.Snake_Draw))
<BR><BR>[Stack]<UL><LI>Max Depth = 184<LI>Call Chain = Snake_Draw &rArr; draw_food_cell &rArr; st7735_FillCircleInBox &rArr; _drawHSpanClippedToBox &rArr; st7735_SetWindow &rArr; st7735_SendData
</UL>
<BR>[Calls]<UL><LI><a href="#[7f]">&gt;&gt;</a>&nbsp;&nbsp;&nbsp;draw_food_cell
<LI><a href="#[45]">&gt;&gt;</a>&nbsp;&nbsp;&nbsp;st7735_FillRect
</UL>
<BR>[Address Reference Count : 1]<UL><LI> snake.o(.data.snake)
</UL>
<P><STRONG><a name="[4c]"></a>Snake_Init</STRONG> (Thumb, 156 bytes, Stack size 24 bytes, snake.o(.text.Snake_Init))
<BR><BR>[Stack]<UL><LI>Max Depth = 224<LI>Call Chain = Snake_Init &rArr; Snake_Random_Food &rArr; draw_food_cell &rArr; st7735_FillCircleInBox &rArr; _drawHSpanClippedToBox &rArr; st7735_SetWindow &rArr; st7735_SendData
</UL>
<BR>[Calls]<UL><LI><a href="#[80]">&gt;&gt;</a>&nbsp;&nbsp;&nbsp;millis
<LI><a href="#[81]">&gt;&gt;</a>&nbsp;&nbsp;&nbsp;Snake_Random_Food
<LI><a href="#[45]">&gt;&gt;</a>&nbsp;&nbsp;&nbsp;st7735_FillRect
<LI><a href="#[6b]">&gt;&gt;</a>&nbsp;&nbsp;&nbsp;srand
</UL>
<BR>[Called By]<UL><LI><a href="#[50]">&gt;&gt;</a>&nbsp;&nbsp;&nbsp;Snake_Reset
</UL>
<BR>[Address Reference Count : 1]<UL><LI> snake.o(.data.snake)
</UL>
<P><STRONG><a name="[50]"></a>Snake_Reset</STRONG> (Thumb, 8 bytes, Stack size 8 bytes, snake.o(.text.Snake_Reset))
<BR><BR>[Stack]<UL><LI>Max Depth = 232<LI>Call Chain = Snake_Reset &rArr; Snake_Init &rArr; Snake_Random_Food &rArr; draw_food_cell &rArr; st7735_FillCircleInBox &rArr; _drawHSpanClippedToBox &rArr; st7735_SetWindow &rArr; st7735_SendData
</UL>
<BR>[Calls]<UL><LI><a href="#[4c]">&gt;&gt;</a>&nbsp;&nbsp;&nbsp;Snake_Init
</UL>
<BR>[Address Reference Count : 1]<UL><LI> snake.o(.data.snake)
</UL>
<P><STRONG><a name="[4f]"></a>Snake_SetDirection</STRONG> (Thumb, 44 bytes, Stack size 0 bytes, snake.o(.text.Snake_SetDirection))
<BR>[Address Reference Count : 1]<UL><LI> snake.o(.data.snake)
</UL>
<P><STRONG><a name="[4d]"></a>Snake_Update</STRONG> (Thumb, 366 bytes, Stack size 40 bytes, snake.o(.text.Snake_Update))
<BR><BR>[Stack]<UL><LI>Max Depth = 240<LI>Call Chain = Snake_Update &rArr; Snake_Random_Food &rArr; draw_food_cell &rArr; st7735_FillCircleInBox &rArr; _drawHSpanClippedToBox &rArr; st7735_SetWindow &rArr; st7735_SendData
</UL>
<BR>[Calls]<UL><LI><a href="#[81]">&gt;&gt;</a>&nbsp;&nbsp;&nbsp;Snake_Random_Food
</UL>
<BR>[Address Reference Count : 1]<UL><LI> snake.o(.data.snake)
</UL>
<P><STRONG><a name="[9]"></a>SysTick_Handler</STRONG> (Thumb, 16 bytes, Stack size 0 bytes, delay.o(.text.SysTick_Handler))
<BR>[Address Reference Count : 1]<UL><LI> startup_stm32f10x_md.o(RESET)
</UL>
<P><STRONG><a name="[35]"></a>SystemInit</STRONG> (Thumb, 86 bytes, Stack size 8 bytes, system_stm32f10x.o(.text.SystemInit))
<BR><BR>[Stack]<UL><LI>Max Depth = 24<LI>Call Chain = SystemInit &rArr; SetSysClock &rArr; SetSysClockTo72
</UL>
<BR>[Calls]<UL><LI><a href="#[7d]">&gt;&gt;</a>&nbsp;&nbsp;&nbsp;SetSysClock
</UL>
<BR>[Called By]<UL><LI><a href="#[78]">&gt;&gt;</a>&nbsp;&nbsp;&nbsp;Init
</UL>
<BR>[Address Reference Count : 1]<UL><LI> startup_stm32f10x_md.o(.text)
</UL>
<P><STRONG><a name="[79]"></a>TaskFunction</STRONG> (Thumb, 68 bytes, Stack size 8 bytes, task.o(.text.TaskFunction))
<BR><BR>[Stack]<UL><LI>Max Depth = 8<LI>Call Chain = TaskFunction
</UL>
<BR>[Called By]<UL><LI><a href="#[78]">&gt;&gt;</a>&nbsp;&nbsp;&nbsp;Init
</UL>

<P><STRONG><a name="[59]"></a>UI_ClearToGameBg</STRONG> (Thumb, 18 bytes, Stack size 8 bytes, ui.o(.text.UI_ClearToGameBg))
<BR><BR>[Stack]<UL><LI>Max Depth = 8<LI>Call Chain = UI_ClearToGameBg
</UL>
<BR>[Address Reference Count : 1]<UL><LI> ui.o(.data.ui)
</UL>
<P><STRONG><a name="[55]"></a>UI_ShowOverScreen</STRONG> (Thumb, 180 bytes, Stack size 32 bytes, ui.o(.text.UI_ShowOverScreen))
<BR><BR>[Stack]<UL><LI>Max Depth = 96<LI>Call Chain = UI_ShowOverScreen &rArr; Text_Center_Highlight &rArr; strlen
</UL>
<BR>[Calls]<UL><LI><a href="#[87]">&gt;&gt;</a>&nbsp;&nbsp;&nbsp;millis
<LI><a href="#[85]">&gt;&gt;</a>&nbsp;&nbsp;&nbsp;Text_Center_Highlight
<LI><a href="#[83]">&gt;&gt;</a>&nbsp;&nbsp;&nbsp;Text_Center
<LI><a href="#[86]">&gt;&gt;</a>&nbsp;&nbsp;&nbsp;Frame
</UL>
<BR>[Address Reference Count : 1]<UL><LI> ui.o(.data.ui)
</UL>
<P><STRONG><a name="[53]"></a>UI_ShowStartScreen</STRONG> (Thumb, 172 bytes, Stack size 32 bytes, ui.o(.text.UI_ShowStartScreen))
<BR><BR>[Stack]<UL><LI>Max Depth = 96<LI>Call Chain = UI_ShowStartScreen &rArr; Text_Center_Highlight &rArr; strlen
</UL>
<BR>[Calls]<UL><LI><a href="#[87]">&gt;&gt;</a>&nbsp;&nbsp;&nbsp;millis
<LI><a href="#[85]">&gt;&gt;</a>&nbsp;&nbsp;&nbsp;Text_Center_Highlight
<LI><a href="#[83]">&gt;&gt;</a>&nbsp;&nbsp;&nbsp;Text_Center
<LI><a href="#[86]">&gt;&gt;</a>&nbsp;&nbsp;&nbsp;Frame
</UL>
<BR>[Address Reference Count : 1]<UL><LI> ui.o(.data.ui)
</UL>
<P><STRONG><a name="[57]"></a>UI_ShowWinScreen</STRONG> (Thumb, 176 bytes, Stack size 32 bytes, ui.o(.text.UI_ShowWinScreen))
<BR><BR>[Stack]<UL><LI>Max Depth = 96<LI>Call Chain = UI_ShowWinScreen &rArr; Text_Center_Highlight &rArr; strlen
</UL>
<BR>[Calls]<UL><LI><a href="#[87]">&gt;&gt;</a>&nbsp;&nbsp;&nbsp;millis
<LI><a href="#[85]">&gt;&gt;</a>&nbsp;&nbsp;&nbsp;Text_Center_Highlight
<LI><a href="#[83]">&gt;&gt;</a>&nbsp;&nbsp;&nbsp;Text_Center
<LI><a href="#[86]">&gt;&gt;</a>&nbsp;&nbsp;&nbsp;Frame
</UL>
<BR>[Address Reference Count : 1]<UL><LI> ui.o(.data.ui)
</UL>
<P><STRONG><a name="[56]"></a>UI_UpdateOverBlink</STRONG> (Thumb, 162 bytes, Stack size 24 bytes, ui.o(.text.UI_UpdateOverBlink))
<BR><BR>[Stack]<UL><LI>Max Depth = 88<LI>Call Chain = UI_UpdateOverBlink &rArr; Text_Center_Highlight &rArr; strlen
</UL>
<BR>[Calls]<UL><LI><a href="#[87]">&gt;&gt;</a>&nbsp;&nbsp;&nbsp;millis
<LI><a href="#[85]">&gt;&gt;</a>&nbsp;&nbsp;&nbsp;Text_Center_Highlight
</UL>
<BR>[Address Reference Count : 1]<UL><LI> ui.o(.data.ui)
</UL>
<P><STRONG><a name="[54]"></a>UI_UpdateStartBlink</STRONG> (Thumb, 162 bytes, Stack size 24 bytes, ui.o(.text.UI_UpdateStartBlink))
<BR><BR>[Stack]<UL><LI>Max Depth = 88<LI>Call Chain = UI_UpdateStartBlink &rArr; Text_Center_Highlight &rArr; strlen
</UL>
<BR>[Calls]<UL><LI><a href="#[87]">&gt;&gt;</a>&nbsp;&nbsp;&nbsp;millis
<LI><a href="#[85]">&gt;&gt;</a>&nbsp;&nbsp;&nbsp;Text_Center_Highlight
</UL>
<BR>[Address Reference Count : 1]<UL><LI> ui.o(.data.ui)
</UL>
<P><STRONG><a name="[58]"></a>UI_UpdateWinBlink</STRONG> (Thumb, 162 bytes, Stack size 24 bytes, ui.o(.text.UI_UpdateWinBlink))
<BR><BR>[Stack]<UL><LI>Max Depth = 88<LI>Call Chain = UI_UpdateWinBlink &rArr; Text_Center_Highlight &rArr; strlen
</UL>
<BR>[Calls]<UL><LI><a href="#[87]">&gt;&gt;</a>&nbsp;&nbsp;&nbsp;millis
<LI><a href="#[85]">&gt;&gt;</a>&nbsp;&nbsp;&nbsp;Text_Center_Highlight
</UL>
<BR>[Address Reference Count : 1]<UL><LI> ui.o(.data.ui)
</UL>
<P><STRONG><a name="[7b]"></a>WorkAssignment</STRONG> (Thumb, 56 bytes, Stack size 24 bytes, task.o(.text.WorkAssignment))
<BR><BR>[Stack]<UL><LI>Max Depth = 24<LI>Call Chain = WorkAssignment
</UL>
<BR>[Calls]<UL><LI><a href="#[88]">&gt;&gt;</a>&nbsp;&nbsp;&nbsp;millis
</UL>
<BR>[Called By]<UL><LI><a href="#[7a]">&gt;&gt;</a>&nbsp;&nbsp;&nbsp;Loop
</UL>

<P><STRONG><a name="[65]"></a>main</STRONG> (Thumb, 10 bytes, Stack size 0 bytes, main.o(.text.main))
<BR><BR>[Stack]<UL><LI>Max Depth = 32<LI>Call Chain = main &rArr; Loop &rArr; WorkAssignment
</UL>
<BR>[Calls]<UL><LI><a href="#[7a]">&gt;&gt;</a>&nbsp;&nbsp;&nbsp;Loop
<LI><a href="#[78]">&gt;&gt;</a>&nbsp;&nbsp;&nbsp;Init
</UL>
<BR>[Called By]<UL><LI><a href="#[64]">&gt;&gt;</a>&nbsp;&nbsp;&nbsp;__rt_entry_main
</UL>

<P><STRONG><a name="[4b]"></a>st7735_BitMap</STRONG> (Thumb, 138 bytes, Stack size 24 bytes, st7735.o(.text.st7735_BitMap))
<BR><BR>[Stack]<UL><LI>Max Depth = 64<LI>Call Chain = st7735_BitMap &rArr; st7735_SetWindow &rArr; st7735_SendData
</UL>
<BR>[Calls]<UL><LI><a href="#[40]">&gt;&gt;</a>&nbsp;&nbsp;&nbsp;st7735_SetWindow
<LI><a href="#[8a]">&gt;&gt;</a>&nbsp;&nbsp;&nbsp;GPIO_ResetBits
<LI><a href="#[8b]">&gt;&gt;</a>&nbsp;&nbsp;&nbsp;GPIO_SetBits
</UL>
<BR>[Address Reference Count : 1]<UL><LI> st7735.o(.data.lcd)
</UL>
<P><STRONG><a name="[3f]"></a>st7735_Direction</STRONG> (Thumb, 80 bytes, Stack size 16 bytes, st7735.o(.text.st7735_Direction))
<BR><BR>[Stack]<UL><LI>Max Depth = 32<LI>Call Chain = st7735_Direction &rArr; st7735_SendData
</UL>
<BR>[Calls]<UL><LI><a href="#[8d]">&gt;&gt;</a>&nbsp;&nbsp;&nbsp;st7735_SendData
<LI><a href="#[8c]">&gt;&gt;</a>&nbsp;&nbsp;&nbsp;st7735_SendCmd
</UL>
<BR>[Address Reference Count : 1]<UL><LI> st7735.o(.data.lcd)
</UL>
<P><STRONG><a name="[48]"></a>st7735_DrawHorizontal_Line</STRONG> (Thumb, 152 bytes, Stack size 32 bytes, st7735.o(.text.st7735_DrawHorizontal_Line))
<BR><BR>[Stack]<UL><LI>Max Depth = 72<LI>Call Chain = st7735_DrawHorizontal_Line &rArr; st7735_SetWindow &rArr; st7735_SendData
</UL>
<BR>[Calls]<UL><LI><a href="#[40]">&gt;&gt;</a>&nbsp;&nbsp;&nbsp;st7735_SetWindow
<LI><a href="#[8c]">&gt;&gt;</a>&nbsp;&nbsp;&nbsp;st7735_SendCmd
<LI><a href="#[8a]">&gt;&gt;</a>&nbsp;&nbsp;&nbsp;GPIO_ResetBits
<LI><a href="#[8b]">&gt;&gt;</a>&nbsp;&nbsp;&nbsp;GPIO_SetBits
</UL>
<BR>[Address Reference Count : 1]<UL><LI> st7735.o(.data.lcd)
</UL>
<P><STRONG><a name="[42]"></a>st7735_DrawPixel</STRONG> (Thumb, 56 bytes, Stack size 8 bytes, st7735.o(.text.st7735_DrawPixel))
<BR><BR>[Stack]<UL><LI>Max Depth = 48<LI>Call Chain = st7735_DrawPixel &rArr; st7735_SetWindow &rArr; st7735_SendData
</UL>
<BR>[Calls]<UL><LI><a href="#[40]">&gt;&gt;</a>&nbsp;&nbsp;&nbsp;st7735_SetWindow
<LI><a href="#[8d]">&gt;&gt;</a>&nbsp;&nbsp;&nbsp;st7735_SendData
</UL>
<BR>[Called By]<UL><LI><a href="#[43]">&gt;&gt;</a>&nbsp;&nbsp;&nbsp;st7735_PutChar
</UL>
<BR>[Address Reference Count : 1]<UL><LI> st7735.o(.data.lcd)
</UL>
<P><STRONG><a name="[49]"></a>st7735_DrawVerical_Line</STRONG> (Thumb, 152 bytes, Stack size 32 bytes, st7735.o(.text.st7735_DrawVerical_Line))
<BR><BR>[Stack]<UL><LI>Max Depth = 72<LI>Call Chain = st7735_DrawVerical_Line &rArr; st7735_SetWindow &rArr; st7735_SendData
</UL>
<BR>[Calls]<UL><LI><a href="#[40]">&gt;&gt;</a>&nbsp;&nbsp;&nbsp;st7735_SetWindow
<LI><a href="#[8c]">&gt;&gt;</a>&nbsp;&nbsp;&nbsp;st7735_SendCmd
<LI><a href="#[8a]">&gt;&gt;</a>&nbsp;&nbsp;&nbsp;GPIO_ResetBits
<LI><a href="#[8b]">&gt;&gt;</a>&nbsp;&nbsp;&nbsp;GPIO_SetBits
</UL>
<BR>[Address Reference Count : 1]<UL><LI> st7735.o(.data.lcd)
</UL>
<P><STRONG><a name="[46]"></a>st7735_FillCircle</STRONG> (Thumb, 132 bytes, Stack size 40 bytes, st7735.o(.text.st7735_FillCircle))
<BR><BR>[Stack]<UL><LI>Max Depth = 104<LI>Call Chain = st7735_FillCircle &rArr; st7735_FillRect &rArr; st7735_SetWindow &rArr; st7735_SendData
</UL>
<BR>[Calls]<UL><LI><a href="#[45]">&gt;&gt;</a>&nbsp;&nbsp;&nbsp;st7735_FillRect
</UL>
<BR>[Address Reference Count : 1]<UL><LI> st7735.o(.data.lcd)
</UL>
<P><STRONG><a name="[47]"></a>st7735_FillCircleInBox</STRONG> (Thumb, 238 bytes, Stack size 72 bytes, st7735.o(.text.st7735_FillCircleInBox))
<BR><BR>[Stack]<UL><LI>Max Depth = 136<LI>Call Chain = st7735_FillCircleInBox &rArr; _drawHSpanClippedToBox &rArr; st7735_SetWindow &rArr; st7735_SendData
</UL>
<BR>[Calls]<UL><LI><a href="#[89]">&gt;&gt;</a>&nbsp;&nbsp;&nbsp;_drawHSpanClippedToBox
</UL>
<BR>[Called By]<UL><LI><a href="#[7f]">&gt;&gt;</a>&nbsp;&nbsp;&nbsp;draw_food_cell
</UL>
<BR>[Address Reference Count : 1]<UL><LI> st7735.o(.data.lcd)
</UL>
<P><STRONG><a name="[45]"></a>st7735_FillRect</STRONG> (Thumb, 170 bytes, Stack size 24 bytes, st7735.o(.text.st7735_FillRect))
<BR><BR>[Stack]<UL><LI>Max Depth = 64<LI>Call Chain = st7735_FillRect &rArr; st7735_SetWindow &rArr; st7735_SendData
</UL>
<BR>[Calls]<UL><LI><a href="#[40]">&gt;&gt;</a>&nbsp;&nbsp;&nbsp;st7735_SetWindow
<LI><a href="#[8a]">&gt;&gt;</a>&nbsp;&nbsp;&nbsp;GPIO_ResetBits
<LI><a href="#[8b]">&gt;&gt;</a>&nbsp;&nbsp;&nbsp;GPIO_SetBits
</UL>
<BR>[Called By]<UL><LI><a href="#[4c]">&gt;&gt;</a>&nbsp;&nbsp;&nbsp;Snake_Init
<LI><a href="#[4e]">&gt;&gt;</a>&nbsp;&nbsp;&nbsp;Snake_Draw
<LI><a href="#[46]">&gt;&gt;</a>&nbsp;&nbsp;&nbsp;st7735_FillCircle
</UL>
<BR>[Address Reference Count : 1]<UL><LI> st7735.o(.data.lcd)
</UL>
<P><STRONG><a name="[41]"></a>st7735_FillScreen_Fast</STRONG> (Thumb, 136 bytes, Stack size 32 bytes, st7735.o(.text.st7735_FillScreen_Fast))
<BR><BR>[Stack]<UL><LI>Max Depth = 72<LI>Call Chain = st7735_FillScreen_Fast &rArr; st7735_SetWindow &rArr; st7735_SendData
</UL>
<BR>[Calls]<UL><LI><a href="#[40]">&gt;&gt;</a>&nbsp;&nbsp;&nbsp;st7735_SetWindow
<LI><a href="#[8a]">&gt;&gt;</a>&nbsp;&nbsp;&nbsp;GPIO_ResetBits
<LI><a href="#[8b]">&gt;&gt;</a>&nbsp;&nbsp;&nbsp;GPIO_SetBits
</UL>
<BR>[Address Reference Count : 1]<UL><LI> st7735.o(.data.lcd)
</UL>
<P><STRONG><a name="[3e]"></a>st7735_Init</STRONG> (Thumb, 166 bytes, Stack size 8 bytes, st7735.o(.text.st7735_Init))
<BR><BR>[Stack]<UL><LI>Max Depth = 56<LI>Call Chain = st7735_Init &rArr; GPIOx_Init &rArr; GPIO_Init
</UL>
<BR>[Calls]<UL><LI><a href="#[40]">&gt;&gt;</a>&nbsp;&nbsp;&nbsp;st7735_SetWindow
<LI><a href="#[8d]">&gt;&gt;</a>&nbsp;&nbsp;&nbsp;st7735_SendData
<LI><a href="#[8e]">&gt;&gt;</a>&nbsp;&nbsp;&nbsp;st7735_SendCmdList
<LI><a href="#[8c]">&gt;&gt;</a>&nbsp;&nbsp;&nbsp;st7735_SendCmd
<LI><a href="#[8a]">&gt;&gt;</a>&nbsp;&nbsp;&nbsp;GPIO_ResetBits
<LI><a href="#[8b]">&gt;&gt;</a>&nbsp;&nbsp;&nbsp;GPIO_SetBits
<LI><a href="#[77]">&gt;&gt;</a>&nbsp;&nbsp;&nbsp;GPIOx_Init
<LI><a href="#[75]">&gt;&gt;</a>&nbsp;&nbsp;&nbsp;DelayMs
</UL>
<BR>[Address Reference Count : 1]<UL><LI> st7735.o(.data.lcd)
</UL>
<P><STRONG><a name="[4a]"></a>st7735_InvertColors</STRONG> (Thumb, 42 bytes, Stack size 16 bytes, st7735.o(.text.st7735_InvertColors))
<BR><BR>[Stack]<UL><LI>Max Depth = 32<LI>Call Chain = st7735_InvertColors &rArr; st7735_SendCmd
</UL>
<BR>[Calls]<UL><LI><a href="#[8c]">&gt;&gt;</a>&nbsp;&nbsp;&nbsp;st7735_SendCmd
<LI><a href="#[8a]">&gt;&gt;</a>&nbsp;&nbsp;&nbsp;GPIO_ResetBits
<LI><a href="#[8b]">&gt;&gt;</a>&nbsp;&nbsp;&nbsp;GPIO_SetBits
</UL>
<BR>[Address Reference Count : 1]<UL><LI> st7735.o(.data.lcd)
</UL>
<P><STRONG><a name="[43]"></a>st7735_PutChar</STRONG> (Thumb, 138 bytes, Stack size 56 bytes, st7735.o(.text.st7735_PutChar))
<BR><BR>[Stack]<UL><LI>Max Depth = 104<LI>Call Chain = st7735_PutChar &rArr; st7735_DrawPixel &rArr; st7735_SetWindow &rArr; st7735_SendData
</UL>
<BR>[Calls]<UL><LI><a href="#[42]">&gt;&gt;</a>&nbsp;&nbsp;&nbsp;st7735_DrawPixel
</UL>
<BR>[Called By]<UL><LI><a href="#[44]">&gt;&gt;</a>&nbsp;&nbsp;&nbsp;st7735_PutString
</UL>
<BR>[Address Reference Count : 1]<UL><LI> st7735.o(.data.lcd)
</UL>
<P><STRONG><a name="[44]"></a>st7735_PutString</STRONG> (Thumb, 138 bytes, Stack size 64 bytes, st7735.o(.text.st7735_PutString))
<BR><BR>[Stack]<UL><LI>Max Depth = 168<LI>Call Chain = st7735_PutString &rArr; st7735_PutChar &rArr; st7735_DrawPixel &rArr; st7735_SetWindow &rArr; st7735_SendData
</UL>
<BR>[Calls]<UL><LI><a href="#[43]">&gt;&gt;</a>&nbsp;&nbsp;&nbsp;st7735_PutChar
</UL>
<BR>[Address Reference Count : 1]<UL><LI> st7735.o(.data.lcd)
</UL>
<P><STRONG><a name="[8c]"></a>st7735_SendCmd</STRONG> (Thumb, 52 bytes, Stack size 16 bytes, st7735.o(.text.st7735_SendCmd))
<BR><BR>[Stack]<UL><LI>Max Depth = 16<LI>Call Chain = st7735_SendCmd
</UL>
<BR>[Calls]<UL><LI><a href="#[8a]">&gt;&gt;</a>&nbsp;&nbsp;&nbsp;GPIO_ResetBits
<LI><a href="#[8b]">&gt;&gt;</a>&nbsp;&nbsp;&nbsp;GPIO_SetBits
</UL>
<BR>[Called By]<UL><LI><a href="#[40]">&gt;&gt;</a>&nbsp;&nbsp;&nbsp;st7735_SetWindow
<LI><a href="#[8e]">&gt;&gt;</a>&nbsp;&nbsp;&nbsp;st7735_SendCmdList
<LI><a href="#[4a]">&gt;&gt;</a>&nbsp;&nbsp;&nbsp;st7735_InvertColors
<LI><a href="#[3e]">&gt;&gt;</a>&nbsp;&nbsp;&nbsp;st7735_Init
<LI><a href="#[49]">&gt;&gt;</a>&nbsp;&nbsp;&nbsp;st7735_DrawVerical_Line
<LI><a href="#[48]">&gt;&gt;</a>&nbsp;&nbsp;&nbsp;st7735_DrawHorizontal_Line
<LI><a href="#[3f]">&gt;&gt;</a>&nbsp;&nbsp;&nbsp;st7735_Direction
</UL>

<P><STRONG><a name="[8e]"></a>st7735_SendCmdList</STRONG> (Thumb, 64 bytes, Stack size 16 bytes, st7735.o(.text.st7735_SendCmdList))
<BR><BR>[Stack]<UL><LI>Max Depth = 32<LI>Call Chain = st7735_SendCmdList &rArr; st7735_SendData
</UL>
<BR>[Calls]<UL><LI><a href="#[8d]">&gt;&gt;</a>&nbsp;&nbsp;&nbsp;st7735_SendData
<LI><a href="#[8c]">&gt;&gt;</a>&nbsp;&nbsp;&nbsp;st7735_SendCmd
<LI><a href="#[75]">&gt;&gt;</a>&nbsp;&nbsp;&nbsp;DelayMs
</UL>
<BR>[Called By]<UL><LI><a href="#[3e]">&gt;&gt;</a>&nbsp;&nbsp;&nbsp;st7735_Init
</UL>

<P><STRONG><a name="[8d]"></a>st7735_SendData</STRONG> (Thumb, 52 bytes, Stack size 16 bytes, st7735.o(.text.st7735_SendData))
<BR><BR>[Stack]<UL><LI>Max Depth = 16<LI>Call Chain = st7735_SendData
</UL>
<BR>[Calls]<UL><LI><a href="#[8a]">&gt;&gt;</a>&nbsp;&nbsp;&nbsp;GPIO_ResetBits
<LI><a href="#[8b]">&gt;&gt;</a>&nbsp;&nbsp;&nbsp;GPIO_SetBits
</UL>
<BR>[Called By]<UL><LI><a href="#[40]">&gt;&gt;</a>&nbsp;&nbsp;&nbsp;st7735_SetWindow
<LI><a href="#[8e]">&gt;&gt;</a>&nbsp;&nbsp;&nbsp;st7735_SendCmdList
<LI><a href="#[3e]">&gt;&gt;</a>&nbsp;&nbsp;&nbsp;st7735_Init
<LI><a href="#[42]">&gt;&gt;</a>&nbsp;&nbsp;&nbsp;st7735_DrawPixel
<LI><a href="#[3f]">&gt;&gt;</a>&nbsp;&nbsp;&nbsp;st7735_Direction
</UL>

<P><STRONG><a name="[40]"></a>st7735_SetWindow</STRONG> (Thumb, 82 bytes, Stack size 24 bytes, st7735.o(.text.st7735_SetWindow))
<BR><BR>[Stack]<UL><LI>Max Depth = 40<LI>Call Chain = st7735_SetWindow &rArr; st7735_SendData
</UL>
<BR>[Calls]<UL><LI><a href="#[8d]">&gt;&gt;</a>&nbsp;&nbsp;&nbsp;st7735_SendData
<LI><a href="#[8c]">&gt;&gt;</a>&nbsp;&nbsp;&nbsp;st7735_SendCmd
</UL>
<BR>[Called By]<UL><LI><a href="#[3e]">&gt;&gt;</a>&nbsp;&nbsp;&nbsp;st7735_Init
<LI><a href="#[41]">&gt;&gt;</a>&nbsp;&nbsp;&nbsp;st7735_FillScreen_Fast
<LI><a href="#[45]">&gt;&gt;</a>&nbsp;&nbsp;&nbsp;st7735_FillRect
<LI><a href="#[49]">&gt;&gt;</a>&nbsp;&nbsp;&nbsp;st7735_DrawVerical_Line
<LI><a href="#[42]">&gt;&gt;</a>&nbsp;&nbsp;&nbsp;st7735_DrawPixel
<LI><a href="#[48]">&gt;&gt;</a>&nbsp;&nbsp;&nbsp;st7735_DrawHorizontal_Line
<LI><a href="#[4b]">&gt;&gt;</a>&nbsp;&nbsp;&nbsp;st7735_BitMap
<LI><a href="#[89]">&gt;&gt;</a>&nbsp;&nbsp;&nbsp;_drawHSpanClippedToBox
</UL>
<BR>[Address Reference Count : 1]<UL><LI> st7735.o(.data.lcd)
</UL><P>
<H3>
Local Symbols
</H3>
<P><STRONG><a name="[76]"></a>millis</STRONG> (Thumb, 12 bytes, Stack size 0 bytes, delay.o(.text.millis))
<BR><BR>[Called By]<UL><LI><a href="#[75]">&gt;&gt;</a>&nbsp;&nbsp;&nbsp;DelayMs
</UL>

<P><STRONG><a name="[51]"></a>spi1_init</STRONG> (Thumb, 144 bytes, Stack size 24 bytes, spi.o(.text.spi1_init))
<BR><BR>[Stack]<UL><LI>Max Depth = 48<LI>Call Chain = spi1_init &rArr; GPIO_Init
</UL>
<BR>[Calls]<UL><LI><a href="#[8b]">&gt;&gt;</a>&nbsp;&nbsp;&nbsp;GPIO_SetBits
<LI><a href="#[71]">&gt;&gt;</a>&nbsp;&nbsp;&nbsp;RCC_APB2PeriphClockCmd
<LI><a href="#[72]">&gt;&gt;</a>&nbsp;&nbsp;&nbsp;GPIO_Init
</UL>
<BR>[Address Reference Count : 1]<UL><LI> spi.o(.data.spi1)
</UL>
<P><STRONG><a name="[52]"></a>spi1_transfer</STRONG> (Thumb, 32 bytes, Stack size 0 bytes, spi.o(.text.spi1_transfer))
<BR>[Address Reference Count : 1]<UL><LI> spi.o(.data.spi1)
</UL>
<P><STRONG><a name="[89]"></a>_drawHSpanClippedToBox</STRONG> (Thumb, 198 bytes, Stack size 24 bytes, st7735.o(.text._drawHSpanClippedToBox))
<BR><BR>[Stack]<UL><LI>Max Depth = 64<LI>Call Chain = _drawHSpanClippedToBox &rArr; st7735_SetWindow &rArr; st7735_SendData
</UL>
<BR>[Calls]<UL><LI><a href="#[40]">&gt;&gt;</a>&nbsp;&nbsp;&nbsp;st7735_SetWindow
<LI><a href="#[8a]">&gt;&gt;</a>&nbsp;&nbsp;&nbsp;GPIO_ResetBits
<LI><a href="#[8b]">&gt;&gt;</a>&nbsp;&nbsp;&nbsp;GPIO_SetBits
</UL>
<BR>[Called By]<UL><LI><a href="#[47]">&gt;&gt;</a>&nbsp;&nbsp;&nbsp;st7735_FillCircleInBox
</UL>

<P><STRONG><a name="[39]"></a>Ctrl_Init</STRONG> (Thumb, 106 bytes, Stack size 40 bytes, button.o(.text.Ctrl_Init))
<BR><BR>[Stack]<UL><LI>Max Depth = 64<LI>Call Chain = Ctrl_Init &rArr; GPIO_Init
</UL>
<BR>[Calls]<UL><LI><a href="#[73]">&gt;&gt;</a>&nbsp;&nbsp;&nbsp;Read_Pin
<LI><a href="#[71]">&gt;&gt;</a>&nbsp;&nbsp;&nbsp;RCC_APB2PeriphClockCmd
<LI><a href="#[72]">&gt;&gt;</a>&nbsp;&nbsp;&nbsp;GPIO_Init
</UL>
<BR>[Address Reference Count : 1]<UL><LI> button.o(.data.button)
</UL>
<P><STRONG><a name="[3a]"></a>Ctrl_Pressed</STRONG> (Thumb, 112 bytes, Stack size 24 bytes, button.o(.text.Ctrl_Pressed))
<BR><BR>[Stack]<UL><LI>Max Depth = 32<LI>Call Chain = Ctrl_Pressed &rArr; Read_Pin
</UL>
<BR>[Calls]<UL><LI><a href="#[74]">&gt;&gt;</a>&nbsp;&nbsp;&nbsp;millis
<LI><a href="#[73]">&gt;&gt;</a>&nbsp;&nbsp;&nbsp;Read_Pin
</UL>
<BR>[Address Reference Count : 1]<UL><LI> button.o(.data.button)
</UL>
<P><STRONG><a name="[3b]"></a>Game_Init</STRONG> (Thumb, 120 bytes, Stack size 40 bytes, button.o(.text.Game_Init))
<BR><BR>[Stack]<UL><LI>Max Depth = 64<LI>Call Chain = Game_Init &rArr; GPIO_Init
</UL>
<BR>[Calls]<UL><LI><a href="#[73]">&gt;&gt;</a>&nbsp;&nbsp;&nbsp;Read_Pin
<LI><a href="#[71]">&gt;&gt;</a>&nbsp;&nbsp;&nbsp;RCC_APB2PeriphClockCmd
<LI><a href="#[72]">&gt;&gt;</a>&nbsp;&nbsp;&nbsp;GPIO_Init
</UL>
<BR>[Address Reference Count : 1]<UL><LI> button.o(.data.button)
</UL>
<P><STRONG><a name="[3c]"></a>Game_Pressed</STRONG> (Thumb, 114 bytes, Stack size 24 bytes, button.o(.text.Game_Pressed))
<BR><BR>[Stack]<UL><LI>Max Depth = 32<LI>Call Chain = Game_Pressed &rArr; Read_Pin
</UL>
<BR>[Calls]<UL><LI><a href="#[74]">&gt;&gt;</a>&nbsp;&nbsp;&nbsp;millis
<LI><a href="#[73]">&gt;&gt;</a>&nbsp;&nbsp;&nbsp;Read_Pin
</UL>
<BR>[Address Reference Count : 1]<UL><LI> button.o(.data.button)
</UL>
<P><STRONG><a name="[73]"></a>Read_Pin</STRONG> (Thumb, 8 bytes, Stack size 8 bytes, button.o(.text.Read_Pin))
<BR><BR>[Stack]<UL><LI>Max Depth = 8<LI>Call Chain = Read_Pin
</UL>
<BR>[Calls]<UL><LI><a href="#[7c]">&gt;&gt;</a>&nbsp;&nbsp;&nbsp;GPIO_ReadInputDataBit
</UL>
<BR>[Called By]<UL><LI><a href="#[3c]">&gt;&gt;</a>&nbsp;&nbsp;&nbsp;Game_Pressed
<LI><a href="#[3b]">&gt;&gt;</a>&nbsp;&nbsp;&nbsp;Game_Init
<LI><a href="#[3a]">&gt;&gt;</a>&nbsp;&nbsp;&nbsp;Ctrl_Pressed
<LI><a href="#[39]">&gt;&gt;</a>&nbsp;&nbsp;&nbsp;Ctrl_Init
</UL>

<P><STRONG><a name="[74]"></a>millis</STRONG> (Thumb, 12 bytes, Stack size 0 bytes, button.o(.text.millis))
<BR><BR>[Called By]<UL><LI><a href="#[3c]">&gt;&gt;</a>&nbsp;&nbsp;&nbsp;Game_Pressed
<LI><a href="#[3a]">&gt;&gt;</a>&nbsp;&nbsp;&nbsp;Ctrl_Pressed
</UL>

<P><STRONG><a name="[81]"></a>Snake_Random_Food</STRONG> (Thumb, 190 bytes, Stack size 40 bytes, snake.o(.text.Snake_Random_Food))
<BR><BR>[Stack]<UL><LI>Max Depth = 200<LI>Call Chain = Snake_Random_Food &rArr; draw_food_cell &rArr; st7735_FillCircleInBox &rArr; _drawHSpanClippedToBox &rArr; st7735_SetWindow &rArr; st7735_SendData
</UL>
<BR>[Calls]<UL><LI><a href="#[7f]">&gt;&gt;</a>&nbsp;&nbsp;&nbsp;draw_food_cell
<LI><a href="#[82]">&gt;&gt;</a>&nbsp;&nbsp;&nbsp;rand
</UL>
<BR>[Called By]<UL><LI><a href="#[4d]">&gt;&gt;</a>&nbsp;&nbsp;&nbsp;Snake_Update
<LI><a href="#[4c]">&gt;&gt;</a>&nbsp;&nbsp;&nbsp;Snake_Init
</UL>

<P><STRONG><a name="[7f]"></a>draw_food_cell</STRONG> (Thumb, 54 bytes, Stack size 24 bytes, snake.o(.text.draw_food_cell))
<BR><BR>[Stack]<UL><LI>Max Depth = 160<LI>Call Chain = draw_food_cell &rArr; st7735_FillCircleInBox &rArr; _drawHSpanClippedToBox &rArr; st7735_SetWindow &rArr; st7735_SendData
</UL>
<BR>[Calls]<UL><LI><a href="#[47]">&gt;&gt;</a>&nbsp;&nbsp;&nbsp;st7735_FillCircleInBox
</UL>
<BR>[Called By]<UL><LI><a href="#[4e]">&gt;&gt;</a>&nbsp;&nbsp;&nbsp;Snake_Draw
<LI><a href="#[81]">&gt;&gt;</a>&nbsp;&nbsp;&nbsp;Snake_Random_Food
</UL>

<P><STRONG><a name="[80]"></a>millis</STRONG> (Thumb, 12 bytes, Stack size 0 bytes, snake.o(.text.millis))
<BR><BR>[Called By]<UL><LI><a href="#[4c]">&gt;&gt;</a>&nbsp;&nbsp;&nbsp;Snake_Init
</UL>

<P><STRONG><a name="[6f]"></a>ControlGame</STRONG> (Thumb, 80 bytes, Stack size 16 bytes, task.o(.text.ControlGame))
<BR><BR>[Stack]<UL><LI>Max Depth = 16<LI>Call Chain = ControlGame
</UL>
<BR>[Called By]<UL><LI><a href="#[37]">&gt;&gt;</a>&nbsp;&nbsp;&nbsp;ButtonTask
</UL>

<P><STRONG><a name="[70]"></a>StartNewGame</STRONG> (Thumb, 40 bytes, Stack size 8 bytes, task.o(.text.StartNewGame))
<BR><BR>[Stack]<UL><LI>Max Depth = 8<LI>Call Chain = StartNewGame
</UL>
<BR>[Called By]<UL><LI><a href="#[37]">&gt;&gt;</a>&nbsp;&nbsp;&nbsp;ButtonTask
</UL>

<P><STRONG><a name="[88]"></a>millis</STRONG> (Thumb, 12 bytes, Stack size 0 bytes, task.o(.text.millis))
<BR><BR>[Called By]<UL><LI><a href="#[7b]">&gt;&gt;</a>&nbsp;&nbsp;&nbsp;WorkAssignment
</UL>

<P><STRONG><a name="[86]"></a>Frame</STRONG> (Thumb, 96 bytes, Stack size 24 bytes, ui.o(.text.Frame))
<BR><BR>[Stack]<UL><LI>Max Depth = 24<LI>Call Chain = Frame
</UL>
<BR>[Called By]<UL><LI><a href="#[57]">&gt;&gt;</a>&nbsp;&nbsp;&nbsp;UI_ShowWinScreen
<LI><a href="#[53]">&gt;&gt;</a>&nbsp;&nbsp;&nbsp;UI_ShowStartScreen
<LI><a href="#[55]">&gt;&gt;</a>&nbsp;&nbsp;&nbsp;UI_ShowOverScreen
</UL>

<P><STRONG><a name="[83]"></a>Text_Center</STRONG> (Thumb, 96 bytes, Stack size 40 bytes, ui.o(.text.Text_Center))
<BR><BR>[Stack]<UL><LI>Max Depth = 48<LI>Call Chain = Text_Center &rArr; strlen
</UL>
<BR>[Calls]<UL><LI><a href="#[84]">&gt;&gt;</a>&nbsp;&nbsp;&nbsp;strlen
</UL>
<BR>[Called By]<UL><LI><a href="#[57]">&gt;&gt;</a>&nbsp;&nbsp;&nbsp;UI_ShowWinScreen
<LI><a href="#[53]">&gt;&gt;</a>&nbsp;&nbsp;&nbsp;UI_ShowStartScreen
<LI><a href="#[55]">&gt;&gt;</a>&nbsp;&nbsp;&nbsp;UI_ShowOverScreen
</UL>

<P><STRONG><a name="[85]"></a>Text_Center_Highlight</STRONG> (Thumb, 208 bytes, Stack size 56 bytes, ui.o(.text.Text_Center_Highlight))
<BR><BR>[Stack]<UL><LI>Max Depth = 64<LI>Call Chain = Text_Center_Highlight &rArr; strlen
</UL>
<BR>[Calls]<UL><LI><a href="#[84]">&gt;&gt;</a>&nbsp;&nbsp;&nbsp;strlen
</UL>
<BR>[Called By]<UL><LI><a href="#[58]">&gt;&gt;</a>&nbsp;&nbsp;&nbsp;UI_UpdateWinBlink
<LI><a href="#[54]">&gt;&gt;</a>&nbsp;&nbsp;&nbsp;UI_UpdateStartBlink
<LI><a href="#[56]">&gt;&gt;</a>&nbsp;&nbsp;&nbsp;UI_UpdateOverBlink
<LI><a href="#[57]">&gt;&gt;</a>&nbsp;&nbsp;&nbsp;UI_ShowWinScreen
<LI><a href="#[53]">&gt;&gt;</a>&nbsp;&nbsp;&nbsp;UI_ShowStartScreen
<LI><a href="#[55]">&gt;&gt;</a>&nbsp;&nbsp;&nbsp;UI_ShowOverScreen
</UL>

<P><STRONG><a name="[87]"></a>millis</STRONG> (Thumb, 12 bytes, Stack size 0 bytes, ui.o(.text.millis))
<BR><BR>[Called By]<UL><LI><a href="#[58]">&gt;&gt;</a>&nbsp;&nbsp;&nbsp;UI_UpdateWinBlink
<LI><a href="#[54]">&gt;&gt;</a>&nbsp;&nbsp;&nbsp;UI_UpdateStartBlink
<LI><a href="#[56]">&gt;&gt;</a>&nbsp;&nbsp;&nbsp;UI_UpdateOverBlink
<LI><a href="#[57]">&gt;&gt;</a>&nbsp;&nbsp;&nbsp;UI_ShowWinScreen
<LI><a href="#[53]">&gt;&gt;</a>&nbsp;&nbsp;&nbsp;UI_ShowStartScreen
<LI><a href="#[55]">&gt;&gt;</a>&nbsp;&nbsp;&nbsp;UI_ShowOverScreen
</UL>

<P><STRONG><a name="[7d]"></a>SetSysClock</STRONG> (Thumb, 8 bytes, Stack size 8 bytes, system_stm32f10x.o(.text.SetSysClock))
<BR><BR>[Stack]<UL><LI>Max Depth = 16<LI>Call Chain = SetSysClock &rArr; SetSysClockTo72
</UL>
<BR>[Calls]<UL><LI><a href="#[7e]">&gt;&gt;</a>&nbsp;&nbsp;&nbsp;SetSysClockTo72
</UL>
<BR>[Called By]<UL><LI><a href="#[35]">&gt;&gt;</a>&nbsp;&nbsp;&nbsp;SystemInit
</UL>

<P><STRONG><a name="[7e]"></a>SetSysClockTo72</STRONG> (Thumb, 190 bytes, Stack size 8 bytes, system_stm32f10x.o(.text.SetSysClockTo72))
<BR><BR>[Stack]<UL><LI>Max Depth = 8<LI>Call Chain = SetSysClockTo72
</UL>
<BR>[Called By]<UL><LI><a href="#[7d]">&gt;&gt;</a>&nbsp;&nbsp;&nbsp;SetSysClock
</UL>
<P>
<H3>
Undefined Global Symbols
</H3><HR></body></html>
