Component: ARM Compiler 6.14 Tool: armlink [5db06800]

==============================================================================

Section Cross References

    main.o(.text.Init) refers to system_stm32f10x.o(.text.SystemInit) for SystemInit
    main.o(.text.Init) refers to delay.o(.data.delay) for delay
    main.o(.text.Init) refers to spi.o(.data.spi1) for spi1
    main.o(.text.Init) refers to st7735.o(.data.lcd) for lcd
    main.o(.text.Init) refers to button.o(.data.button) for button
    main.o(.text.Init) refers to snake.o(.data.snake) for snake
    main.o(.text.Init) refers to task.o(.text.TaskFunction) for TaskFunction
    main.o(.ARM.exidx.text.Init) refers to main.o(.text.Init) for [Anonymous Symbol]
    main.o(.text.Loop) refers to task.o(.text.WorkAssignment) for WorkAssignment
    main.o(.ARM.exidx.text.Loop) refers to main.o(.text.Loop) for [Anonymous Symbol]
    main.o(.text.main) refers to main.o(.text.Init) for Init
    main.o(.text.main) refers to main.o(.text.Loop) for Loop
    main.o(.ARM.exidx.text.main) refers to main.o(.text.main) for [Anonymous Symbol]
    delay.o(.ARM.exidx.text.Delay_Init) refers to delay.o(.text.Delay_Init) for [Anonymous Symbol]
    delay.o(.text.Delay_AutoInit) refers to delay.o(.data.delay) for delay
    delay.o(.text.Delay_AutoInit) refers to delay.o(.text.Delay_Init) for Delay_Init
    delay.o(.ARM.exidx.text.Delay_AutoInit) refers to delay.o(.text.Delay_AutoInit) for [Anonymous Symbol]
    delay.o(.text.DelayMs) refers to delay.o(.text.millis) for millis
    delay.o(.ARM.exidx.text.DelayMs) refers to delay.o(.text.DelayMs) for [Anonymous Symbol]
    delay.o(.text.millis) refers to delay.o(.bss.tickMs) for tickMs
    delay.o(.ARM.exidx.text.millis) refers to delay.o(.text.millis) for [Anonymous Symbol]
    delay.o(.ARM.exidx.text.DelayUs) refers to delay.o(.text.DelayUs) for [Anonymous Symbol]
    delay.o(.text.SysTick_Handler) refers to delay.o(.bss.tickMs) for tickMs
    delay.o(.ARM.exidx.text.SysTick_Handler) refers to delay.o(.text.SysTick_Handler) for [Anonymous Symbol]
    delay.o(.data.delay) refers to delay.o(.text.Delay_Init) for Delay_Init
    gpio.o(.text.GPIOx_Init) refers to stm32f10x_rcc.o(.text.RCC_APB2PeriphClockCmd) for RCC_APB2PeriphClockCmd
    gpio.o(.text.GPIOx_Init) refers to stm32f10x_gpio.o(.text.GPIO_Init) for GPIO_Init
    gpio.o(.ARM.exidx.text.GPIOx_Init) refers to gpio.o(.text.GPIOx_Init) for [Anonymous Symbol]
    gpio.o(.text.BTN_Init) refers to gpio.o(.text.GPIOx_Init) for GPIOx_Init
    gpio.o(.ARM.exidx.text.BTN_Init) refers to gpio.o(.text.BTN_Init) for [Anonymous Symbol]
    spi.o(.text.spi_Init) refers to stm32f10x_rcc.o(.text.RCC_APB2PeriphClockCmd) for RCC_APB2PeriphClockCmd
    spi.o(.text.spi_Init) refers to stm32f10x_gpio.o(.text.GPIO_Init) for GPIO_Init
    spi.o(.text.spi_Init) refers to stm32f10x_spi.o(.text.SPI_I2S_DeInit) for SPI_I2S_DeInit
    spi.o(.text.spi_Init) refers to stm32f10x_spi.o(.text.SPI_Init) for SPI_Init
    spi.o(.text.spi_Init) refers to stm32f10x_spi.o(.text.SPI_Cmd) for SPI_Cmd
    spi.o(.text.spi_Init) refers to stm32f10x_gpio.o(.text.GPIO_SetBits) for GPIO_SetBits
    spi.o(.ARM.exidx.text.spi_Init) refers to spi.o(.text.spi_Init) for [Anonymous Symbol]
    spi.o(.ARM.exidx.text.spi_Master_Transmit) refers to spi.o(.text.spi_Master_Transmit) for [Anonymous Symbol]
    spi.o(.text.SPI_AutoInit) refers to spi.o(.data.spi1) for spi1
    spi.o(.text.SPI_AutoInit) refers to spi.o(.text.spi1_init) for spi1_init
    spi.o(.text.SPI_AutoInit) refers to spi.o(.text.spi1_transfer) for spi1_transfer
    spi.o(.text.SPI_AutoInit) refers to spi.o(.data.spi2) for spi2
    spi.o(.text.SPI_AutoInit) refers to spi.o(.text.spi2_init) for spi2_init
    spi.o(.text.SPI_AutoInit) refers to spi.o(.text.spi2_transfer) for spi2_transfer
    spi.o(.ARM.exidx.text.SPI_AutoInit) refers to spi.o(.text.SPI_AutoInit) for [Anonymous Symbol]
    spi.o(.text.spi1_init) refers to stm32f10x_rcc.o(.text.RCC_APB2PeriphClockCmd) for RCC_APB2PeriphClockCmd
    spi.o(.text.spi1_init) refers to stm32f10x_gpio.o(.text.GPIO_Init) for GPIO_Init
    spi.o(.text.spi1_init) refers to stm32f10x_gpio.o(.text.GPIO_SetBits) for GPIO_SetBits
    spi.o(.ARM.exidx.text.spi1_init) refers to spi.o(.text.spi1_init) for [Anonymous Symbol]
    spi.o(.ARM.exidx.text.spi1_transfer) refers to spi.o(.text.spi1_transfer) for [Anonymous Symbol]
    spi.o(.text.spi2_init) refers to stm32f10x_gpio.o(.text.GPIO_Init) for GPIO_Init
    spi.o(.text.spi2_init) refers to stm32f10x_gpio.o(.text.GPIO_SetBits) for GPIO_SetBits
    spi.o(.ARM.exidx.text.spi2_init) refers to spi.o(.text.spi2_init) for [Anonymous Symbol]
    spi.o(.ARM.exidx.text.spi2_transfer) refers to spi.o(.text.spi2_transfer) for [Anonymous Symbol]
    spi.o(.data.spi1) refers to spi.o(.text.spi1_init) for spi1_init
    spi.o(.data.spi1) refers to spi.o(.text.spi1_transfer) for spi1_transfer
[...]
    defsig_rtred_inner.o(.text) refers to defsig_general.o(.text) for __default_signal_display
    defsig_stak_inner.o(.text) refers to defsig_general.o(.text) for __default_signal_display
    defsig_pvfn_inner.o(.text) refers to defsig_general.o(.text) for __default_signal_display
    defsig_cppl_inner.o(.text) refers to defsig_general.o(.text) for __default_signal_display
    defsig_segv_inner.o(.text) refers to defsig_general.o(.text) for __default_signal_display
    defsig_other.o(.text) refers to defsig_general.o(.text) for __default_signal_display


==============================================================================

Removing Unused input sections from the image.

    Removing main.o(.text), (0 bytes).
    Removing main.o(.ARM.exidx.text.Init), (8 bytes).
    Removing main.o(.ARM.exidx.text.Loop), (8 bytes).
    Removing main.o(.ARM.exidx.text.main), (8 bytes).
    Removing main.o(.ARM.use_no_argv), (4 bytes).
    Removing delay.o(.text), (0 bytes).
    Removing delay.o(.ARM.exidx.text.Delay_Init), (8 bytes).
    Removing delay.o(.text.Delay_AutoInit), (20 bytes).
    Removing delay.o(.ARM.exidx.text.Delay_AutoInit), (8 bytes).
    Removing delay.o(.ARM.exidx.text.DelayMs), (8 bytes).
    Removing delay.o(.ARM.exidx.text.millis), (8 bytes).
    Removing delay.o(.text.DelayUs), (34 bytes).
    Removing delay.o(.ARM.exidx.text.DelayUs), (8 bytes).
    Removing delay.o(.ARM.exidx.text.SysTick_Handler), (8 bytes).
    Removing gpio.o(.text), (0 bytes).
    Removing gpio.o(.ARM.exidx.text.GPIOx_Init), (8 bytes).
    Removing gpio.o(.text.BTN_Init), (12 bytes).
    Removing gpio.o(.ARM.exidx.text.BTN_Init), (8 bytes).
    Removing spi.o(.text), (0 bytes).
    Removing spi.o(.text.spi_Init), (154 bytes).
    Removing spi.o(.ARM.exidx.text.spi_Init), (8 bytes).
    Removing spi.o(.text.spi_Master_Transmit), (32 bytes).
    Removing spi.o(.ARM.exidx.text.spi_Master_Transmit), (8 bytes).
    Removing spi.o(.text.SPI_AutoInit), (58 bytes).
    Removing spi.o(.ARM.exidx.text.SPI_AutoInit), (8 bytes).
    Removing spi.o(.ARM.exidx.text.spi1_init), (8 bytes).
    Removing spi.o(.ARM.exidx.text.spi1_transfer), (8 bytes).
    Removing spi.o(.text.spi2_init), (138 bytes).
    Removing spi.o(.ARM.exidx.text.spi2_init), (8 bytes).
    Removing spi.o(.text.spi2_transfer), (40 bytes).
    Removing spi.o(.ARM.exidx.text.spi2_transfer), (8 bytes).
    Removing spi.o(.data.spi2), (8 bytes).
    Removing st7735.o(.text), (0 bytes).
    Removing st7735.o(.ARM.exidx.text.st7735_SendCmd), (8 bytes).
    Removing st7735.o(.ARM.exidx.text.st7735_SendData), (8 bytes).
    Removing st7735.o(.ARM.exidx.text.st7735_SendCmdList), (8 bytes).
    Removing st7735.o(.ARM.exidx.text.st7735_SetWindow), (8 bytes).
    Removing st7735.o(.text.st7735_FillScreen), (38 bytes).
    Removing st7735.o(.ARM.exidx.text.st7735_FillScreen), (8 bytes).
    Removing st7735.o(.ARM.exidx.text.st7735_FillScreen_Fast), (8 bytes).
    Removing st7735.o(.ARM.exidx.text.st7735_DrawPixel), (8 bytes).
    Removing st7735.o(.ARM.exidx.text.st7735_PutChar), (8 bytes).
    Removing st7735.o(.ARM.exidx.text.st7735_PutString), (8 bytes).
    Removing st7735.o(.ARM.exidx.text.st7735_FillRect), (8 bytes).
    Removing st7735.o(.ARM.exidx.text.st7735_FillCircle), (8 bytes).
    Removing st7735.o(.ARM.exidx.text.st7735_FillCircleInBox), (8 bytes).
    Removing st7735.o(.ARM.exidx.text._drawHSpanClippedToBox), (8 bytes).
    Removing st7735.o(.ARM.exidx.text.st7735_InvertColors), (8 bytes).
    Removing st7735.o(.ARM.exidx.text.st7735_BitMap), (8 bytes).
    Removing st7735.o(.ARM.exidx.text.st7735_Direction), (8 bytes).
    Removing st7735.o(.ARM.exidx.text.st7735_DrawHorizontal_Line), (8 bytes).
    Removing st7735.o(.ARM.exidx.text.st7735_DrawVerical_Line), (8 bytes).
    Removing st7735.o(.ARM.exidx.text.st7735_Init), (8 bytes).
    Removing st7735.o(.text.lcd_AutoInit), (146 bytes).
    Removing st7735.o(.ARM.exidx.text.lcd_AutoInit), (8 bytes).
    Removing button.o(.text), (0 bytes).
    Removing button.o(.text.Button_BasicInit), (46 bytes).
    Removing button.o(.ARM.exidx.text.Button_BasicInit), (8 bytes).
    Removing button.o(.ARM.exidx.text.Ctrl_Init), (8 bytes).
    Removing button.o(.ARM.exidx.text.Ctrl_Pressed), (8 bytes).
    Removing button.o(.ARM.exidx.text.Game_Init), (8 bytes).
    Removing button.o(.ARM.exidx.text.Game_Pressed), (8 bytes).
    Removing button.o(.ARM.exidx.text.Read_Pin), (8 bytes).
    Removing button.o(.ARM.exidx.text.millis), (8 bytes).
    Removing snake.o(.text), (0 bytes).
    Removing snake.o(.ARM.exidx.text.Snake_Init), (8 bytes).
    Removing snake.o(.ARM.exidx.text.millis), (8 bytes).
    Removing snake.o(.ARM.exidx.text.Snake_Random_Food), (8 bytes).
    Removing snake.o(.ARM.exidx.text.Snake_SetDirection), (8 bytes).
    Removing snake.o(.ARM.exidx.text.Snake_Update), (8 bytes).
    Removing snake.o(.ARM.exidx.text.Snake_Draw), (8 bytes).
    Removing snake.o(.ARM.exidx.text.draw_food_cell), (8 bytes).
    Removing snake.o(.ARM.exidx.text.Snake_Reset), (8 bytes).
    Removing snake.o(.text.Game_SnakeInit), (56 bytes).
    Removing snake.o(.ARM.exidx.text.Game_SnakeInit), (8 bytes).
    Removing task.o(.text), (0 bytes).
    Removing task.o(.ARM.exidx.text.ButtonTask), (8 bytes).
    Removing task.o(.ARM.exidx.text.FlushSnakeTask), (8 bytes).
    Removing task.o(.ARM.exidx.text.TaskFunction), (8 bytes).
    Removing task.o(.ARM.exidx.text.WorkAssignment), (8 bytes).
    Removing task.o(.ARM.exidx.text.millis), (8 bytes).
    Removing fonts.o(.text), (0 bytes).
    Removing ui.o(.text), (0 bytes).
    Removing ui.o(.ARM.exidx.text.UI_ShowStartScreen), (8 bytes).
    Removing ui.o(.ARM.exidx.text.Frame), (8 bytes).
    Removing ui.o(.ARM.exidx.text.Text_Center), (8 bytes).
    Removing ui.o(.ARM.exidx.text.Text_Center_Highlight), (8 bytes).
    Removing ui.o(.ARM.exidx.text.millis), (8 bytes).
    Removing ui.o(.ARM.exidx.text.UI_UpdateStartBlink), (8 bytes).
    Removing ui.o(.ARM.exidx.text.UI_ClearToGameBg), (8 bytes).
    Removing ui.o(.text.UI_AutoInit), (40 bytes).
    Removing ui.o(.ARM.exidx.text.UI_AutoInit), (8 bytes).
    Removing misc.o(.text), (0 bytes).
    Removing misc.o(.text.NVIC_PriorityGroupConfig), (20 bytes).
    Removing misc.o(.ARM.exidx.text.NVIC_PriorityGroupConfig), (8 bytes).
    Removing misc.o(.text.NVIC_Init), (94 bytes).
    Removing misc.o(.ARM.exidx.text.NVIC_Init), (8 bytes).
    Removing misc.o(.text.NVIC_SetVectorTable), (24 bytes).
    Removing misc.o(.ARM.exidx.text.NVIC_SetVectorTable), (8 bytes).
    Removing misc.o(.text.NVIC_SystemLPConfig), (24 bytes).
    Removing misc.o(.ARM.exidx.text.NVIC_SystemLPConfig), (8 bytes).
    Removing misc.o(.text.SysTick_CLKSourceConfig), (26 bytes).
    Removing misc.o(.ARM.exidx.text.SysTick_CLKSourceConfig), (8 bytes).
    Removing stm32f10x_dma.o(.text), (0 bytes).
    Removing stm32f10x_dma.o(.text.DMA_DeInit), (268 bytes).
    Removing stm32f10x_dma.o(.ARM.exidx.text.DMA_DeInit), (8 bytes).
    Removing stm32f10x_dma.o(.text.DMA_Init), (72 bytes).
    Removing stm32f10x_dma.o(.ARM.exidx.text.DMA_Init), (8 bytes).
    Removing stm32f10x_dma.o(.text.DMA_StructInit), (10 bytes).
    Removing stm32f10x_dma.o(.ARM.exidx.text.DMA_StructInit), (8 bytes).
    Removing stm32f10x_dma.o(.text.DMA_Cmd), (22 bytes).
    Removing stm32f10x_dma.o(.ARM.exidx.text.DMA_Cmd), (8 bytes).
    Removing stm32f10x_dma.o(.text.DMA_ITConfig), (16 bytes).
    Removing stm32f10x_dma.o(.ARM.exidx.text.DMA_ITConfig), (8 bytes).
    Removing stm32f10x_dma.o(.text.DMA_SetCurrDataCounter), (4 bytes).
    Removing stm32f10x_dma.o(.ARM.exidx.text.DMA_SetCurrDataCounter), (8 bytes).
    Removing stm32f10x_dma.o(.text.DMA_GetCurrDataCounter), (6 bytes).
    Removing stm32f10x_dma.o(.ARM.exidx.text.DMA_GetCurrDataCounter), (8 bytes).
    Removing stm32f10x_dma.o(.text.DMA_GetFlagStatus), (22 bytes).
    Removing stm32f10x_dma.o(.ARM.exidx.text.DMA_GetFlagStatus), (8 bytes).
    Removing stm32f10x_dma.o(.text.DMA_ClearFlag), (16 bytes).
    Removing stm32f10x_dma.o(.ARM.exidx.text.DMA_ClearFlag), (8 bytes).
    Removing stm32f10x_dma.o(.text.DMA_GetITStatus), (22 bytes).
    Removing stm32f10x_dma.o(.ARM.exidx.text.DMA_GetITStatus), (8 bytes).
    Removing stm32f10x_dma.o(.text.DMA_ClearITPendingBit), (16 bytes).
    Removing stm32f10x_dma.o(.ARM.exidx.text.DMA_ClearITPendingBit), (8 bytes).
    Removing stm32f10x_gpio.o(.text), (0 bytes).
    Removing stm32f10x_gpio.o(.text.GPIO_DeInit), (76 bytes).
    Removing stm32f10x_gpio.o(.ARM.exidx.text.GPIO_DeInit), (8 bytes).
    Removing stm32f10x_gpio.o(.text.GPIO_AFIODeInit), (20 bytes).
    Removing stm32f10x_gpio.o(.ARM.exidx.text.GPIO_AFIODeInit), (8 bytes).
    Removing stm32f10x_gpio.o(.ARM.exidx.text.GPIO_Init), (8 bytes).
    Removing stm32f10x_gpio.o(.text.GPIO_StructInit), (12 bytes).
    Removing stm32f10x_gpio.o(.ARM.exidx.text.GPIO_StructInit), (8 bytes).
    Removing stm32f10x_gpio.o(.ARM.exidx.text.GPIO_ReadInputDataBit), (8 bytes).
    Removing stm32f10x_gpio.o(.text.GPIO_ReadInputData), (6 bytes).
    Removing stm32f10x_gpio.o(.ARM.exidx.text.GPIO_ReadInputData), (8 bytes).
    Removing stm32f10x_gpio.o(.text.GPIO_ReadOutputDataBit), (10 bytes).
    Removing stm32f10x_gpio.o(.ARM.exidx.text.GPIO_ReadOutputDataBit), (8 bytes).
    Removing stm32f10x_gpio.o(.text.GPIO_ReadOutputData), (6 bytes).
    Removing stm32f10x_gpio.o(.ARM.exidx.text.GPIO_ReadOutputData), (8 bytes).
    Removing stm32f10x_gpio.o(.ARM.exidx.text.GPIO_SetBits), (8 bytes).
    Removing stm32f10x_gpio.o(.ARM.exidx.text.GPIO_ResetBits), (8 bytes).
    Removing stm32f10x_gpio.o(.text.GPIO_WriteBit), (12 bytes).
    Removing stm32f10x_gpio.o(.ARM.exidx.text.GPIO_WriteBit), (8 bytes).
    Removing stm32f10x_gpio.o(.text.GPIO_Write), (4 bytes).
    Removing stm32f10x_gpio.o(.ARM.exidx.text.GPIO_Write), (8 bytes).
    Removing stm32f10x_gpio.o(.text.GPIO_PinLockConfig), (16 bytes).
    Removing stm32f10x_gpio.o(.ARM.exidx.text.GPIO_PinLockConfig), (8 bytes).
    Removing stm32f10x_gpio.o(.text.GPIO_EventOutputConfig), (30 bytes).
    Removing stm32f10x_gpio.o(.ARM.exidx.text.GPIO_EventOutputConfig), (8 bytes).
    Removing stm32f10x_gpio.o(.text.GPIO_EventOutputCmd), (10 bytes).
    Removing stm32f10x_gpio.o(.ARM.exidx.text.GPIO_EventOutputCmd), (8 bytes).
    Removing stm32f10x_gpio.o(.text.GPIO_PinRemapConfig), (116 bytes).
    Removing stm32f10x_gpio.o(.ARM.exidx.text.GPIO_PinRemapConfig), (8 bytes).
    Removing stm32f10x_gpio.o(.text.GPIO_EXTILineConfig), (46 bytes).
    Removing stm32f10x_gpio.o(.ARM.exidx.text.GPIO_EXTILineConfig), (8 bytes).
    Removing stm32f10x_gpio.o(.text.GPIO_ETH_MediaInterfaceConfig), (10 bytes).
    Removing stm32f10x_gpio.o(.ARM.exidx.text.GPIO_ETH_MediaInterfaceConfig), (8 bytes).
    Removing stm32f10x_rcc.o(.text), (0 bytes).
    Removing stm32f10x_rcc.o(.text.RCC_DeInit), (66 bytes).
    Removing stm32f10x_rcc.o(.ARM.exidx.text.RCC_DeInit), (8 bytes).
    Removing stm32f10x_rcc.o(.text.RCC_HSEConfig), (50 bytes).
    Removing stm32f10x_rcc.o(.ARM.exidx.text.RCC_HSEConfig), (8 bytes).
    Removing stm32f10x_rcc.o(.text.RCC_WaitForHSEStartUp), (48 bytes).
    Removing stm32f10x_rcc.o(.ARM.exidx.text.RCC_WaitForHSEStartUp), (8 bytes).
    Removing stm32f10x_rcc.o(.text.RCC_GetFlagStatus), (42 bytes).
    Removing stm32f10x_rcc.o(.ARM.exidx.text.RCC_GetFlagStatus), (8 bytes).
    Removing stm32f10x_rcc.o(.text.RCC_AdjustHSICalibrationValue), (22 bytes).
    Removing stm32f10x_rcc.o(.ARM.exidx.text.RCC_AdjustHSICalibrationValue), (8 bytes).
    Removing stm32f10x_rcc.o(.text.RCC_HSICmd), (10 bytes).
    Removing stm32f10x_rcc.o(.ARM.exidx.text.RCC_HSICmd), (8 bytes).
    Removing stm32f10x_rcc.o(.text.RCC_PLLConfig), (22 bytes).
    Removing stm32f10x_rcc.o(.ARM.exidx.text.RCC_PLLConfig), (8 bytes).
    Removing stm32f10x_rcc.o(.text.RCC_PLLCmd), (10 bytes).
    Removing stm32f10x_rcc.o(.ARM.exidx.text.RCC_PLLCmd), (8 bytes).
    Removing stm32f10x_rcc.o(.text.RCC_SYSCLKConfig), (20 bytes).
    Removing stm32f10x_rcc.o(.ARM.exidx.text.RCC_SYSCLKConfig), (8 bytes).
    Removing stm32f10x_rcc.o(.text.RCC_GetSYSCLKSource), (16 bytes).
    Removing stm32f10x_rcc.o(.ARM.exidx.text.RCC_GetSYSCLKSource), (8 bytes).
    Removing stm32f10x_rcc.o(.text.RCC_HCLKConfig), (20 bytes).
    Removing stm32f10x_rcc.o(.ARM.exidx.text.RCC_HCLKConfig), (8 bytes).
    Removing stm32f10x_rcc.o(.text.RCC_PCLK1Config), (20 bytes).
    Removing stm32f10x_rcc.o(.ARM.exidx.text.RCC_PCLK1Config), (8 bytes).
    Removing stm32f10x_rcc.o(.text.RCC_PCLK2Config), (22 bytes).
    Removing stm32f10x_rcc.o(.ARM.exidx.text.RCC_PCLK2Config), (8 bytes).
    Removing stm32f10x_rcc.o(.text.RCC_ITConfig), (24 bytes).
    Removing stm32f10x_rcc.o(.ARM.exidx.text.RCC_ITConfig), (8 bytes).
    Removing stm32f10x_rcc.o(.text.RCC_USBCLKConfig), (10 bytes).
    Removing stm32f10x_rcc.o(.ARM.exidx.text.RCC_USBCLKConfig), (8 bytes).
    Removing stm32f10x_rcc.o(.text.RCC_ADCCLKConfig), (20 bytes).
    Removing stm32f10x_rcc.o(.ARM.exidx.text.RCC_ADCCLKConfig), (8 bytes).
    Removing stm32f10x_rcc.o(.text.RCC_LSEConfig), (30 bytes).
    Removing stm32f10x_rcc.o(.ARM.exidx.text.RCC_LSEConfig), (8 bytes).
    Removing stm32f10x_rcc.o(.text.RCC_LSICmd), (12 bytes).
    Removing stm32f10x_rcc.o(.ARM.exidx.text.RCC_LSICmd), (8 bytes).
    Removing stm32f10x_rcc.o(.text.RCC_RTCCLKConfig), (16 bytes).
    Removing stm32f10x_rcc.o(.ARM.exidx.text.RCC_RTCCLKConfig), (8 bytes).
    Removing stm32f10x_rcc.o(.text.RCC_RTCCLKCmd), (12 bytes).
    Removing stm32f10x_rcc.o(.ARM.exidx.text.RCC_RTCCLKCmd), (8 bytes).
    Removing stm32f10x_rcc.o(.text.RCC_GetClocksFreq), (160 bytes).
    Removing stm32f10x_rcc.o(.ARM.exidx.text.RCC_GetClocksFreq), (8 bytes).
    Removing stm32f10x_rcc.o(.text.RCC_AHBPeriphClockCmd), (24 bytes).
    Removing stm32f10x_rcc.o(.ARM.exidx.text.RCC_AHBPeriphClockCmd), (8 bytes).
    Removing stm32f10x_rcc.o(.ARM.exidx.text.RCC_APB2PeriphClockCmd), (8 bytes).
    Removing stm32f10x_rcc.o(.text.RCC_APB1PeriphClockCmd), (24 bytes).
    Removing stm32f10x_rcc.o(.ARM.exidx.text.RCC_APB1PeriphClockCmd), (8 bytes).
    Removing stm32f10x_rcc.o(.text.RCC_APB2PeriphResetCmd), (24 bytes).
    Removing stm32f10x_rcc.o(.ARM.exidx.text.RCC_APB2PeriphResetCmd), (8 bytes).
    Removing stm32f10x_rcc.o(.text.RCC_APB1PeriphResetCmd), (24 bytes).
    Removing stm32f10x_rcc.o(.ARM.exidx.text.RCC_APB1PeriphResetCmd), (8 bytes).
    Removing stm32f10x_rcc.o(.text.RCC_BackupResetCmd), (12 bytes).
    Removing stm32f10x_rcc.o(.ARM.exidx.text.RCC_BackupResetCmd), (8 bytes).
    Removing stm32f10x_rcc.o(.text.RCC_ClockSecuritySystemCmd), (10 bytes).
    Removing stm32f10x_rcc.o(.ARM.exidx.text.RCC_ClockSecuritySystemCmd), (8 bytes).
    Removing stm32f10x_rcc.o(.text.RCC_MCOConfig), (12 bytes).
    Removing stm32f10x_rcc.o(.ARM.exidx.text.RCC_MCOConfig), (8 bytes).
    Removing stm32f10x_rcc.o(.text.RCC_ClearFlag), (18 bytes).
    Removing stm32f10x_rcc.o(.ARM.exidx.text.RCC_ClearFlag), (8 bytes).
    Removing stm32f10x_rcc.o(.text.RCC_GetITStatus), (18 bytes).
    Removing stm32f10x_rcc.o(.ARM.exidx.text.RCC_GetITStatus), (8 bytes).
    Removing stm32f10x_rcc.o(.text.RCC_ClearITPendingBit), (12 bytes).
    Removing stm32f10x_rcc.o(.ARM.exidx.text.RCC_ClearITPendingBit), (8 bytes).
    Removing stm32f10x_rcc.o(.rodata.APBAHBPrescTable), (16 bytes).
    Removing stm32f10x_rcc.o(.rodata.ADCPrescTable), (4 bytes).
    Removing stm32f10x_spi.o(.text), (0 bytes).
    Removing stm32f10x_spi.o(.text.SPI_I2S_DeInit), (100 bytes).
    Removing stm32f10x_spi.o(.ARM.exidx.text.SPI_I2S_DeInit), (8 bytes).
    Removing stm32f10x_spi.o(.text.SPI_Init), (70 bytes).
    Removing stm32f10x_spi.o(.ARM.exidx.text.SPI_Init), (8 bytes).
    Removing stm32f10x_spi.o(.text.I2S_Init), (148 bytes).
    Removing stm32f10x_spi.o(.ARM.exidx.text.I2S_Init), (8 bytes).
    Removing stm32f10x_spi.o(.text.SPI_StructInit), (16 bytes).
    Removing stm32f10x_spi.o(.ARM.exidx.text.SPI_StructInit), (8 bytes).
    Removing stm32f10x_spi.o(.text.I2S_StructInit), (14 bytes).
    Removing stm32f10x_spi.o(.ARM.exidx.text.I2S_StructInit), (8 bytes).
    Removing stm32f10x_spi.o(.text.SPI_Cmd), (18 bytes).
    Removing stm32f10x_spi.o(.ARM.exidx.text.SPI_Cmd), (8 bytes).
    Removing stm32f10x_spi.o(.text.I2S_Cmd), (18 bytes).
    Removing stm32f10x_spi.o(.ARM.exidx.text.I2S_Cmd), (8 bytes).
    Removing stm32f10x_spi.o(.text.SPI_I2S_ITConfig), (32 bytes).
    Removing stm32f10x_spi.o(.ARM.exidx.text.SPI_I2S_ITConfig), (8 bytes).
    Removing stm32f10x_spi.o(.text.SPI_I2S_DMACmd), (16 bytes).
    Removing stm32f10x_spi.o(.ARM.exidx.text.SPI_I2S_DMACmd), (8 bytes).
    Removing stm32f10x_spi.o(.text.SPI_I2S_SendData), (4 bytes).
    Removing stm32f10x_spi.o(.ARM.exidx.text.SPI_I2S_SendData), (8 bytes).
    Removing stm32f10x_spi.o(.text.SPI_I2S_ReceiveData), (4 bytes).
    Removing stm32f10x_spi.o(.ARM.exidx.text.SPI_I2S_ReceiveData), (8 bytes).
    Removing stm32f10x_spi.o(.text.SPI_NSSInternalSoftwareConfig), (24 bytes).
    Removing stm32f10x_spi.o(.ARM.exidx.text.SPI_NSSInternalSoftwareConfig), (8 bytes).
    Removing stm32f10x_spi.o(.text.SPI_SSOutputCmd), (18 bytes).
    Removing stm32f10x_spi.o(.ARM.exidx.text.SPI_SSOutputCmd), (8 bytes).
    Removing stm32f10x_spi.o(.text.SPI_DataSizeConfig), (16 bytes).
    Removing stm32f10x_spi.o(.ARM.exidx.text.SPI_DataSizeConfig), (8 bytes).
    Removing stm32f10x_spi.o(.text.SPI_TransmitCRC), (10 bytes).
    Removing stm32f10x_spi.o(.ARM.exidx.text.SPI_TransmitCRC), (8 bytes).
    Removing stm32f10x_spi.o(.text.SPI_CalculateCRC), (18 bytes).
    Removing stm32f10x_spi.o(.ARM.exidx.text.SPI_CalculateCRC), (8 bytes).
    Removing stm32f10x_spi.o(.text.SPI_GetCRC), (12 bytes).
    Removing stm32f10x_spi.o(.ARM.exidx.text.SPI_GetCRC), (8 bytes).
    Removing stm32f10x_spi.o(.text.SPI_GetCRCPolynomial), (4 bytes).
    Removing stm32f10x_spi.o(.ARM.exidx.text.SPI_GetCRCPolynomial), (8 bytes).
    Removing stm32f10x_spi.o(.text.SPI_BiDirectionalLineConfig), (20 bytes).
    Removing stm32f10x_spi.o(.ARM.exidx.text.SPI_BiDirectionalLineConfig), (8 bytes).
    Removing stm32f10x_spi.o(.text.SPI_I2S_GetFlagStatus), (10 bytes).
    Removing stm32f10x_spi.o(.ARM.exidx.text.SPI_I2S_GetFlagStatus), (8 bytes).
    Removing stm32f10x_spi.o(.text.SPI_I2S_ClearFlag), (6 bytes).
    Removing stm32f10x_spi.o(.ARM.exidx.text.SPI_I2S_ClearFlag), (8 bytes).
    Removing stm32f10x_spi.o(.text.SPI_I2S_GetITStatus), (34 bytes).
    Removing stm32f10x_spi.o(.ARM.exidx.text.SPI_I2S_GetITStatus), (8 bytes).
    Removing stm32f10x_spi.o(.text.SPI_I2S_ClearITPendingBit), (16 bytes).
    Removing stm32f10x_spi.o(.ARM.exidx.text.SPI_I2S_ClearITPendingBit), (8 bytes).
    Removing system_stm32f10x.o(.text), (0 bytes).
    Removing system_stm32f10x.o(.ARM.exidx.text.SystemInit), (8 bytes).
    Removing system_stm32f10x.o(.ARM.exidx.text.SetSysClock), (8 bytes).
    Removing system_stm32f10x.o(.text.SystemCoreClockUpdate), (110 bytes).
    Removing system_stm32f10x.o(.ARM.exidx.text.SystemCoreClockUpdate), (8 bytes).
    Removing system_stm32f10x.o(.ARM.exidx.text.SetSysClockTo72), (8 bytes).
    Removing system_stm32f10x.o(.data.SystemCoreClock), (4 bytes).
    Removing system_stm32f10x.o(.rodata.AHBPrescTable), (16 bytes).

280 unused section(s) (total 4750 bytes) removed from the image.

==============================================================================

Image Symbol Table

    Local Symbols

    Symbol Name                              Value     Ov Type        Size  Object(Section)

    ../clib/angel/boardlib.s                 0x00000000   Number         0  boardinit1.o ABSOLUTE
    ../clib/angel/boardlib.s                 0x00000000   Number         0  boardinit2.o ABSOLUTE
    ../clib/angel/boardlib.s                 0x00000000   Number         0  boardinit3.o ABSOLUTE
    ../clib/angel/boardlib.s                 0x00000000   Number         0  boardshut.o ABSOLUTE
    ../clib/angel/handlers.s                 0x00000000   Number         0  __scatter_copy.o ABSOLUTE
    ../clib/angel/handlers.s                 0x00000000   Number         0  __scatter_zi.o ABSOLUTE
    ../clib/angel/kernel.s                   0x00000000   Number         0  __rtentry.o ABSOLUTE
    ../clib/angel/kernel.s                   0x00000000   Number         0  __rtentry2.o ABSOLUTE
    ../clib/angel/kernel.s                   0x00000000   Number         0  __rtentry4.o ABSOLUTE
    ../clib/angel/kernel.s                   0x00000000   Number         0  rtexit.o ABSOLUTE
    ../clib/angel/kernel.s                   0x00000000   Number         0  rtexit2.o ABSOLUTE
    ../clib/angel/rt.s                       0x00000000   Number         0  rt_raise.o ABSOLUTE
    ../clib/angel/scatter.s                  0x00000000   Number         0  __scatter.o ABSOLUTE
    ../clib/angel/startup.s                  0x00000000   Number         0  __main.o ABSOLUTE
    ../clib/angel/sys.s                      0x00000000   Number         0  sys_stackheap_outer.o ABSOLUTE
    ../clib/angel/sys.s                      0x00000000   Number         0  libspace.o ABSOLUTE
    ../clib/angel/sys.s                      0x00000000   Number         0  use_no_semi.o ABSOLUTE
    ../clib/angel/sys.s                      0x00000000   Number         0  indicate_semi.o ABSOLUTE
    ../clib/angel/sysapp.c                   0x00000000   Number         0  sys_command.o ABSOLUTE
    ../clib/angel/sysapp.c                   0x00000000   Number         0  sys_command_hlt.o ABSOLUTE
    ../clib/angel/sysapp.c                   0x00000000   Number         0  sys_exit.o ABSOLUTE
    ../clib/angel/sysapp.c                   0x00000000   Number         0  sys_exit_hlt.o ABSOLUTE
    ../clib/angel/sysapp.c                   0x00000000   Number         0  sys_wrch.o ABSOLUTE
    ../clib/angel/sysapp.c                   0x00000000   Number         0  sys_wrch_hlt.o ABSOLUTE
    ../clib/armsys.c                         0x00000000   Number         0  argv_veneer.o ABSOLUTE
    ../clib/armsys.c                         0x00000000   Number         0  argv_veneer.o ABSOLUTE
    ../clib/armsys.c                         0x00000000   Number         0  _get_argv_nomalloc.o ABSOLUTE
    ../clib/armsys.c                         0x00000000   Number         0  no_argv.o ABSOLUTE
    ../clib/heapalloc.c                      0x00000000   Number         0  hrguard.o ABSOLUTE
    ../clib/heapaux.c                        0x00000000   Number         0  heapauxi.o ABSOLUTE
    ../clib/libinit.s                        0x00000000   Number         0  libinit2.o ABSOLUTE
    ../clib/libinit.s                        0x00000000   Number         0  libinit.o ABSOLUTE
    ../clib/libinit.s                        0x00000000   Number         0  libshutdown.o ABSOLUTE
    ../clib/libinit.s                        0x00000000   Number         0  libshutdown2.o ABSOLUTE
    ../clib/memcpset.s                       0x00000000   Number         0  rt_memclr_w.o ABSOLUTE
    ../clib/signal.c                         0x00000000   Number         0  defsig_rtmem_outer.o ABSOLUTE
    ../clib/signal.c                         0x00000000   Number         0  defsig_rtmem_formal.o ABSOLUTE
    ../clib/signal.c                         0x00000000   Number         0  defsig_exit.o ABSOLUTE
    ../clib/signal.c                         0x00000000   Number         0  defsig_rtmem_inner.o ABSOLUTE
    ../clib/signal.c                         0x00000000   Number         0  __raise.o ABSOLUTE
    ../clib/signal.c                         0x00000000   Number         0  defsig_general.o ABSOLUTE
    ../clib/signal.c                         0x00000000   Number         0  defsig_abrt_inner.o ABSOLUTE
    ../clib/signal.c                         0x00000000   Number         0  defsig_fpe_inner.o ABSOLUTE
    ../clib/signal.c                         0x00000000   Number         0  defsig_rtred_inner.o ABSOLUTE
    ../clib/signal.c                         0x00000000   Number         0  defsig_stak_inner.o ABSOLUTE
    ../clib/signal.c                         0x00000000   Number         0  defsig_pvfn_inner.o ABSOLUTE
    ../clib/signal.c                         0x00000000   Number         0  defsig_cppl_inner.o ABSOLUTE
    ../clib/signal.c                         0x00000000   Number         0  defsig_segv_inner.o ABSOLUTE
    ../clib/signal.c                         0x00000000   Number         0  defsig_other.o ABSOLUTE
    ../clib/signal.s                         0x00000000   Number         0  defsig.o ABSOLUTE
    ../clib/stdlib.c                         0x00000000   Number         0  rand.o ABSOLUTE
    ../clib/stdlib.c                         0x00000000   Number         0  rand.o ABSOLUTE
    ../clib/stdlib.c                         0x00000000   Number         0  exit.o ABSOLUTE
    ../clib/string.c                         0x00000000   Number         0  strlen.o ABSOLUTE
    ../fplib/fpinit.s                        0x00000000   Number         0  fpinit.o ABSOLUTE
    ../fplib/fpinit_empty.s                  0x00000000   Number         0  fpinit_empty.o ABSOLUTE
    RTE/Device/STM32F103C8/startup_stm32f10x_md.s 0x00000000   Number         0  startup_stm32f10x_md.o ABSOLUTE
    button.c                                 0x00000000   Number         0  button.o ABSOLUTE
    dc.s                                     0x00000000   Number         0  dc.o ABSOLUTE
    delay.c                                  0x00000000   Number         0  delay.o ABSOLUTE
    fonts.c                                  0x00000000   Number         0  fonts.o ABSOLUTE
    gpio.c                                   0x00000000   Number         0  gpio.o ABSOLUTE
    main.c                                   0x00000000   Number         0  main.o ABSOLUTE
    misc.c                                   0x00000000   Number         0  misc.o ABSOLUTE
    snake.c                                  0x00000000   Number         0  snake.o ABSOLUTE
    spi.c                                    0x00000000   Number         0  spi.o ABSOLUTE
    st7735.c                                 0x00000000   Number         0  st7735.o ABSOLUTE
    stm32f10x_dma.c                          0x00000000   Number         0  stm32f10x_dma.o ABSOLUTE
    stm32f10x_gpio.c                         0x00000000   Number         0  stm32f10x_gpio.o ABSOLUTE
    stm32f10x_rcc.c                          0x00000000   Number         0  stm32f10x_rcc.o ABSOLUTE
    stm32f10x_spi.c                          0x00000000   Number         0  stm32f10x_spi.o ABSOLUTE
    system_stm32f10x.c                       0x00000000   Number         0  system_stm32f10x.o ABSOLUTE
    task.c                                   0x00000000   Number         0  task.o ABSOLUTE
    ui.c                                     0x00000000   Number         0  ui.o ABSOLUTE
    RESET                                    0x08000000   Section      236  startup_stm32f10x_md.o(RESET)
    !!!main                                  0x080000ec   Section        8  __main.o(!!!main)
    !!!scatter                               0x080000f4   Section       52  __scatter.o(!!!scatter)
    !!handler_copy                           0x08000128   Section       26  __scatter_copy.o(!!handler_copy)
    !!handler_zi                             0x08000144   Section       28  __scatter_zi.o(!!handler_zi)
    .ARM.Collect$$libinit$$00000000          0x08000160   Section        2  libinit.o(.ARM.Collect$$libinit$$00000000)
    .ARM.Collect$$libinit$$00000002          0x08000162   Section        0  libinit2.o(.ARM.Collect$$libinit$$00000002)
    .ARM.Collect$$libinit$$00000004          0x08000162   Section        0  libinit2.o(.ARM.Collect$$libinit$$00000004)
    .ARM.Collect$$libinit$$0000000A          0x08000162   Section        0  libinit2.o(.ARM.Collect$$libinit$$0000000A)
    .ARM.Collect$$libinit$$0000000C          0x08000162   Section        0  libinit2.o(.ARM.Collect$$libinit$$0000000C)
    .ARM.Collect$$libinit$$0000000D          0x08000162   Section        4  libinit2.o(.ARM.Collect$$libinit$$0000000D)
    .ARM.Collect$$libinit$$0000000E          0x08000166   Section        0  libinit2.o(.ARM.Collect$$libinit$$0000000E)
    .ARM.Collect$$libinit$$00000011          0x08000166   Section        0  libinit2.o(.ARM.Collect$$libinit$$00000011)
    .ARM.Collect$$libinit$$00000013          0x08000166   Section        0  libinit2.o(.ARM.Collect$$libinit$$00000013)
    .ARM.Collect$$libinit$$00000015          0x08000166   Section        0  libinit2.o(.ARM.Collect$$libinit$$00000015)
    .ARM.Collect$$libinit$$00000017          0x08000166   Section        0  libinit2.o(.ARM.Collect$$libinit$$00000017)
    .ARM.Collect$$libinit$$00000019          0x08000166   Section        0  libinit2.o(.ARM.Collect$$libinit$$00000019)
    .ARM.Collect$$libinit$$0000001B          0x08000166   Section        0  libinit2.o(.ARM.Collect$$libinit$$0000001B)
    .ARM.Collect$$libinit$$0000001D          0x08000166   Section        0  libinit2.o(.ARM.Collect$$libinit$$0000001D)
    .ARM.Collect$$libinit$$0000001F          0x08000166   Section        0  libinit2.o(.ARM.Collect$$libinit$$0000001F)
    .ARM.Collect$$libinit$$00000021          0x08000166   Section        0  libinit2.o(.ARM.Collect$$libinit$$00000021)
    .ARM.Collect$$libinit$$00000023          0x08000166   Section        0  libinit2.o(.ARM.Collect$$libinit$$00000023)
    .ARM.Collect$$libinit$$00000025          0x08000166   Section        0  libinit2.o(.ARM.Collect$$libinit$$00000025)
    .ARM.Collect$$libinit$$0000002C          0x08000166   Section        0  libinit2.o(.ARM.Collect$$libinit$$0000002C)
    .ARM.Collect$$libinit$$0000002E          0x08000166   Section        0  libinit2.o(.ARM.Collect$$libinit$$0000002E)
    .ARM.Collect$$libinit$$00000030          0x08000166   Section        0  libinit2.o(.ARM.Collect$$libinit$$00000030)
    .ARM.Collect$$libinit$$00000032          0x08000166   Section        0  libinit2.o(.ARM.Collect$$libinit$$00000032)
    .ARM.Collect$$libinit$$00000033          0x08000166   Section        2  libinit2.o(.ARM.Collect$$libinit$$00000033)
    .ARM.Collect$$libshutdown$$00000000      0x08000168   Section        2  libshutdown.o(.ARM.Collect$$libshutdown$$00000000)
    .ARM.Collect$$libshutdown$$00000002      0x0800016a   Section        0  libshutdown2.o(.ARM.Collect$$libshutdown$$00000002)
    .ARM.Collect$$libshutdown$$00000004      0x0800016a   Section        0  libshutdown2.o(.ARM.Collect$$libshutdown$$00000004)
    .ARM.Collect$$libshutdown$$00000007      0x0800016a   Section        0  libshutdown2.o(.ARM.Collect$$libshutdown$$00000007)
    .ARM.Collect$$libshutdown$$0000000A      0x0800016a   Section        0  libshutdown2.o(.ARM.Collect$$libshutdown$$0000000A)
    .ARM.Collect$$libshutdown$$0000000C      0x0800016a   Section        0  libshutdown2.o(.ARM.Collect$$libshutdown$$0000000C)
    .ARM.Collect$$libshutdown$$0000000F      0x0800016a   Section        0  libshutdown2.o(.ARM.Collect$$libshutdown$$0000000F)
    .ARM.Collect$$libshutdown$$00000010      0x0800016a   Section        2  libshutdown2.o(.ARM.Collect$$libshutdown$$00000010)
    .ARM.Collect$$rtentry$$00000000          0x0800016c   Section        0  __rtentry.o(.ARM.Collect$$rtentry$$00000000)
    .ARM.Collect$$rtentry$$00000002          0x0800016c   Section        0  __rtentry2.o(.ARM.Collect$$rtentry$$00000002)
    .ARM.Collect$$rtentry$$00000004          0x0800016c   Section        6  __rtentry4.o(.ARM.Collect$$rtentry$$00000004)
    .ARM.Collect$$rtentry$$00000009          0x08000172   Section        0  __rtentry2.o(.ARM.Collect$$rtentry$$00000009)
    .ARM.Collect$$rtentry$$0000000A          0x08000172   Section        4  __rtentry2.o(.ARM.Collect$$rtentry$$0000000A)
    .ARM.Collect$$rtentry$$0000000C          0x08000176   Section        0  __rtentry2.o(.ARM.Collect$$rtentry$$0000000C)
    .ARM.Collect$$rtentry$$0000000D          0x08000176   Section        8  __rtentry2.o(.ARM.Collect$$rtentry$$0000000D)
    .ARM.Collect$$rtexit$$00000000           0x0800017e   Section        2  rtexit.o(.ARM.Collect$$rtexit$$00000000)
    .ARM.Collect$$rtexit$$00000002           0x08000180   Section        0  rtexit2.o(.ARM.Collect$$rtexit$$00000002)
    .ARM.Collect$$rtexit$$00000003           0x08000180   Section        4  rtexit2.o(.ARM.Collect$$rtexit$$00000003)
    .ARM.Collect$$rtexit$$00000004           0x08000184   Section        6  rtexit2.o(.ARM.Collect$$rtexit$$00000004)
    .emb_text                                0x0800018c   Section       52  rand.o(.emb_text)
    .text                                    0x080001c0   Section       64  startup_stm32f10x_md.o(.text)
    .text                                    0x08000200   Section        0  rand.o(.text)
    .text                                    0x0800023c   Section        0  strlen.o(.text)
    .text                                    0x0800027a   Section        0  heapauxi.o(.text)
    .text                                    0x08000280   Section       74  sys_stackheap_outer.o(.text)
    .text                                    0x080002ca   Section        0  exit.o(.text)
    .text                                    0x080002dc   Section        8  libspace.o(.text)
    .text                                    0x080002e4   Section        2  use_no_semi.o(.text)
    .text                                    0x080002e6   Section        0  indicate_semi.o(.text)
    .text                                    0x080002e8   Section        0  sys_exit.o(.text)
    [Anonymous Symbol]                       0x080002f4   Section        0  task.o(.text.ButtonTask)
    Ctrl_Init                                0x080003c9   Thumb Code   106  button.o(.text.Ctrl_Init)
    [Anonymous Symbol]                       0x080003c8   Section        0  button.o(.text.Ctrl_Init)
    Ctrl_Pressed                             0x08000435   Thumb Code   112  button.o(.text.Ctrl_Pressed)
    [Anonymous Symbol]                       0x08000434   Section        0  button.o(.text.Ctrl_Pressed)
    [Anonymous Symbol]                       0x080004a4   Section        0  delay.o(.text.DelayMs)
    [Anonymous Symbol]                       0x080004bc   Section        0  delay.o(.text.Delay_Init)
    [Anonymous Symbol]                       0x080004dc   Section        0  task.o(.text.FlushSnakeTask)
    Frame                                    0x08000529   Thumb Code    96  ui.o(.text.Frame)
    [Anonymous Symbol]                       0x08000528   Section        0  ui.o(.text.Frame)
    [Anonymous Symbol]                       0x08000588   Section        0  stm32f10x_gpio.o(.text.GPIO_Init)
    [Anonymous Symbol]                       0x08000638   Section        0  stm32f10x_gpio.o(.text.GPIO_ReadInputDataBit)
    [Anonymous Symbol]                       0x08000644   Section        0  stm32f10x_gpio.o(.text.GPIO_ResetBits)
    [Anonymous Symbol]                       0x08000648   Section        0  stm32f10x_gpio.o(.text.GPIO_SetBits)
    [Anonymous Symbol]                       0x0800064c   Section        0  gpio.o(.text.GPIOx_Init)
    Game_Init                                0x080006a9   Thumb Code   120  button.o(.text.Game_Init)
    [Anonymous Symbol]                       0x080006a8   Section        0  button.o(.text.Game_Init)
    Game_Pressed                             0x08000721   Thumb Code   114  button.o(.text.Game_Pressed)
    [Anonymous Symbol]                       0x08000720   Section        0  button.o(.text.Game_Pressed)
    [Anonymous Symbol]                       0x08000794   Section        0  main.o(.text.Init)
    [Anonymous Symbol]                       0x080007e8   Section        0  main.o(.text.Loop)
    [Anonymous Symbol]                       0x080007f0   Section        0  stm32f10x_rcc.o(.text.RCC_APB2PeriphClockCmd)
    Read_Pin                                 0x08000809   Thumb Code     8  button.o(.text.Read_Pin)
    [Anonymous Symbol]                       0x08000808   Section        0  button.o(.text.Read_Pin)
    SetSysClock                              0x08000811   Thumb Code     8  system_stm32f10x.o(.text.SetSysClock)
    [Anonymous Symbol]                       0x08000810   Section        0  system_stm32f10x.o(.text.SetSysClock)
    SetSysClockTo72                          0x08000819   Thumb Code   190  system_stm32f10x.o(.text.SetSysClockTo72)
    [Anonymous Symbol]                       0x08000818   Section        0  system_stm32f10x.o(.text.SetSysClockTo72)
    [Anonymous Symbol]                       0x080008d8   Section        0  snake.o(.text.Snake_Draw)
    [Anonymous Symbol]                       0x08000a4c   Section        0  snake.o(.text.Snake_Init)
    Snake_Random_Food                        0x08000ae9   Thumb Code   190  snake.o(.text.Snake_Random_Food)
    [Anonymous Symbol]                       0x08000ae8   Section        0  snake.o(.text.Snake_Random_Food)
    [Anonymous Symbol]                       0x08000ba8   Section        0  snake.o(.text.Snake_Reset)
    [Anonymous Symbol]                       0x08000bb0   Section        0  snake.o(.text.Snake_SetDirection)
    [Anonymous Symbol]                       0x08000bdc   Section        0  snake.o(.text.Snake_Update)
    [Anonymous Symbol]                       0x08000d4c   Section        0  delay.o(.text.SysTick_Handler)
    [Anonymous Symbol]                       0x08000d5c   Section        0  system_stm32f10x.o(.text.SystemInit)
    [Anonymous Symbol]                       0x08000db4   Section        0  task.o(.text.TaskFunction)
    Text_Center                              0x08000df9   Thumb Code    96  ui.o(.text.Text_Center)
    [Anonymous Symbol]                       0x08000df8   Section        0  ui.o(.text.Text_Center)
    Text_Center_Highlight                    0x08000e59   Thumb Code   208  ui.o(.text.Text_Center_Highlight)
    [Anonymous Symbol]                       0x08000e58   Section        0  ui.o(.text.Text_Center_Highlight)
    [Anonymous Symbol]                       0x08000f28   Section        0  ui.o(.text.UI_ClearToGameBg)
    [Anonymous Symbol]                       0x08000f3c   Section        0  ui.o(.text.UI_ShowStartScreen)
    [Anonymous Symbol]                       0x08000ff0   Section        0  ui.o(.text.UI_UpdateStartBlink)
    [Anonymous Symbol]                       0x0800107c   Section        0  task.o(.text.WorkAssignment)
    TaskList                                 0x080010ac   Number         0  task.o(.text.WorkAssignment)
    _drawHSpanClippedToBox                   0x080010b5   Thumb Code   198  st7735.o(.text._drawHSpanClippedToBox)
    [Anonymous Symbol]                       0x080010b4   Section        0  st7735.o(.text._drawHSpanClippedToBox)
    draw_food_cell                           0x0800117d   Thumb Code    54  snake.o(.text.draw_food_cell)
    [Anonymous Symbol]                       0x0800117c   Section        0  snake.o(.text.draw_food_cell)
    [Anonymous Symbol]                       0x080011b4   Section        0  main.o(.text.main)
    millis                                   0x080011c1   Thumb Code    12  delay.o(.text.millis)
    [Anonymous Symbol]                       0x080011c0   Section        0  delay.o(.text.millis)
    millis                                   0x080011cd   Thumb Code    12  button.o(.text.millis)
    [Anonymous Symbol]                       0x080011cc   Section        0  button.o(.text.millis)
    millis                                   0x080011d9   Thumb Code    12  snake.o(.text.millis)
    [Anonymous Symbol]                       0x080011d8   Section        0  snake.o(.text.millis)
    millis                                   0x080011e5   Thumb Code    12  task.o(.text.millis)
    [Anonymous Symbol]                       0x080011e4   Section        0  task.o(.text.millis)
    millis                                   0x080011f1   Thumb Code    12  ui.o(.text.millis)
    [Anonymous Symbol]                       0x080011f0   Section        0  ui.o(.text.millis)
    spi1_init                                0x080011fd   Thumb Code   144  spi.o(.text.spi1_init)
    [Anonymous Symbol]                       0x080011fc   Section        0  spi.o(.text.spi1_init)
    spi1_transfer                            0x0800128d   Thumb Code    32  spi.o(.text.spi1_transfer)
    [Anonymous Symbol]                       0x0800128c   Section        0  spi.o(.text.spi1_transfer)
    [Anonymous Symbol]                       0x080012ac   Section        0  st7735.o(.text.st7735_BitMap)
    [Anonymous Symbol]                       0x08001338   Section        0  st7735.o(.text.st7735_Direction)
    [Anonymous Symbol]                       0x08001388   Section        0  st7735.o(.text.st7735_DrawHorizontal_Line)
    [Anonymous Symbol]                       0x08001420   Section        0  st7735.o(.text.st7735_DrawPixel)
    [Anonymous Symbol]                       0x08001458   Section        0  st7735.o(.text.st7735_DrawVerical_Line)
    [Anonymous Symbol]                       0x080014f0   Section        0  st7735.o(.text.st7735_FillCircle)
    [Anonymous Symbol]                       0x08001574   Section        0  st7735.o(.text.st7735_FillCircleInBox)
    [Anonymous Symbol]                       0x08001664   Section        0  st7735.o(.text.st7735_FillRect)
    [Anonymous Symbol]                       0x08001710   Section        0  st7735.o(.text.st7735_FillScreen_Fast)
    [Anonymous Symbol]                       0x08001798   Section        0  st7735.o(.text.st7735_Init)
    [Anonymous Symbol]                       0x08001840   Section        0  st7735.o(.text.st7735_InvertColors)
    [Anonymous Symbol]                       0x0800186c   Section        0  st7735.o(.text.st7735_PutChar)
    [Anonymous Symbol]                       0x080018f8   Section        0  st7735.o(.text.st7735_PutString)
    [Anonymous Symbol]                       0x08001984   Section        0  st7735.o(.text.st7735_SendCmd)
    [Anonymous Symbol]                       0x080019b8   Section        0  st7735.o(.text.st7735_SendCmdList)
    [Anonymous Symbol]                       0x080019f8   Section        0  st7735.o(.text.st7735_SendData)
    [Anonymous Symbol]                       0x08001a2c   Section        0  st7735.o(.text.st7735_SetWindow)
    Font11x18                                0x08001a7e   Data        3420  fonts.o(.rodata.Font11x18)
    [Anonymous Symbol]                       0x08001a7e   Section        0  fonts.o(.rodata.Font11x18)
    Font6x8                                  0x080027da   Data        1520  fonts.o(.rodata.Font6x8)
    [Anonymous Symbol]                       0x080027da   Section        0  fonts.o(.rodata.Font6x8)
    Font7x10                                 0x08002dca   Data        1900  fonts.o(.rodata.Font7x10)
    [Anonymous Symbol]                       0x08002dca   Section        0  fonts.o(.rodata.Font7x10)
    ctrlPins                                 0x08003548   Data           8  button.o(.rodata.cst8)
    gamePins                                 0x08003550   Data          12  button.o(.rodata.gamePins)
    [Anonymous Symbol]                       0x08003550   Section        0  button.o(.rodata.gamePins)
    .L.str.5                                 0x0800355c   Data           9  ui.o(.rodata.str1.1)
    [Anonymous Symbol]                       0x0800355c   Section        0  ui.o(.rodata.str1.1)
    .L.str.6                                 0x08003565   Data           4  ui.o(.rodata.str1.1)
    u8PanelCmdList                           0x08003569   Data          82  st7735.o(.rodata.u8PanelCmdList)
    [Anonymous Symbol]                       0x08003569   Section        0  st7735.o(.rodata.u8PanelCmdList)
    blinkOn                                  0x20000002   Data           1  ui.o(.data.blinkOn)
    [Anonymous Symbol]                       0x20000002   Section        0  ui.o(.data.blinkOn)
    .bss                                     0x20000078   Section      228  rand.o(.bss)
    .bss                                     0x2000015c   Section       96  libspace.o(.bss)
    blinkTs                                  0x200001d4   Data           4  ui.o(.bss.blinkTs)
    [Anonymous Symbol]                       0x200001d4   Section        0  ui.o(.bss.blinkTs)
    ctrlCurr                                 0x200001d8   Data           4  button.o(.bss.ctrlCurr)
    [Anonymous Symbol]                       0x200001d8   Section        0  button.o(.bss.ctrlCurr)
    ctrlPrev                                 0x200001dc   Data           4  button.o(.bss.ctrlPrev)
    [Anonymous Symbol]                       0x200001dc   Section        0  button.o(.bss.ctrlPrev)
    ctrlTstamp                               0x200001e0   Data          16  button.o(.bss.ctrlTstamp)
    [Anonymous Symbol]                       0x200001e0   Section        0  button.o(.bss.ctrlTstamp)
    direction                                0x200001f0   Data           1  snake.o(.bss.direction)
    [Anonymous Symbol]                       0x200001f0   Section        0  snake.o(.bss.direction)
    food.0                                   0x200001f2   Data           2  snake.o(.bss.food.0)
    [Anonymous Symbol]                       0x200001f2   Section        0  snake.o(.bss.food.0)
    food.1                                   0x200001f4   Data           2  snake.o(.bss.food.1)
    [Anonymous Symbol]                       0x200001f4   Section        0  snake.o(.bss.food.1)
    gameCurr                                 0x200001f6   Data           2  button.o(.bss.gameCurr)
    [Anonymous Symbol]                       0x200001f6   Section        0  button.o(.bss.gameCurr)
    gamePrev                                 0x200001f8   Data           2  button.o(.bss.gamePrev)
    [Anonymous Symbol]                       0x200001f8   Section        0  button.o(.bss.gamePrev)
    gameTstamp                               0x200001fc   Data           8  button.o(.bss.gameTstamp)
    [Anonymous Symbol]                       0x200001fc   Section        0  button.o(.bss.gameTstamp)
    s_rng_seeded                             0x20000204   Data           1  snake.o(.bss.s_rng_seeded)
    [Anonymous Symbol]                       0x20000204   Section        0  snake.o(.bss.s_rng_seeded)
    snakeBody                                0x20000206   Data          60  snake.o(.bss.snakeBody)
    [Anonymous Symbol]                       0x20000206   Section        0  snake.o(.bss.snakeBody)
    snake_length                             0x20000242   Data           2  snake.o(.bss.snake_length)
    [Anonymous Symbol]                       0x20000242   Section        0  snake.o(.bss.snake_length)
    tail                                     0x20000244   Data           4  snake.o(.bss.tail)
    [Anonymous Symbol]                       0x20000244   Section        0  snake.o(.bss.tail)
    Heap_Mem                                 0x20000250   Data         512  startup_stm32f10x_md.o(HEAP)
    HEAP                                     0x20000250   Section      512  startup_stm32f10x_md.o(HEAP)
    Stack_Mem                                0x20000450   Data        1024  startup_stm32f10x_md.o(STACK)
    STACK                                    0x20000450   Section     1024  startup_stm32f10x_md.o(STACK)
    __initial_sp                             0x20000850   Data           0  startup_stm32f10x_md.o(STACK)

    Global Symbols

    Symbol Name                              Value     Ov Type        Size  Object(Section)

    BuildAttributes$$THM_ISAv4$P$D$K$B$S$PE$A:L22UL41UL21$X:L11$S22US41US21$IEEE1$IW$~IW$USESV6$~STKCKD$USESV7$~SHL$OTIME$ROPI$EBA8$UX$STANDARDLIB$REQ8$PRES8$EABIv2 0x00000000   Number         0  anon$$obj.o ABSOLUTE
    __fp_init_empty                          0x00000000   Number         0  fpinit_empty.o ABSOLUTE
    __ARM_exceptions_init                     - Undefined Weak Reference
    __alloca_initialize                       - Undefined Weak Reference
    __arm_preinit_                            - Undefined Weak Reference
    __cpp_initialize__aeabi_                  - Undefined Weak Reference
    __cxa_finalize                            - Undefined Weak Reference
    __rt_locale                               - Undefined Weak Reference
    __sigvec_lookup                           - Undefined Weak Reference
    _atexit_init                              - Undefined Weak Reference
    _call_atexit_fns                          - Undefined Weak Reference
    _clock_init                               - Undefined Weak Reference
    _fp_trap_init                             - Undefined Weak Reference
    _fp_trap_shutdown                         - Undefined Weak Reference
    _get_lc_collate                           - Undefined Weak Reference
    _get_lc_ctype                             - Undefined Weak Reference
    _get_lc_monetary                          - Undefined Weak Reference
    _get_lc_numeric                           - Undefined Weak Reference
    _get_lc_time                              - Undefined Weak Reference
    _getenv_init                              - Undefined Weak Reference
    _handle_redirection                       - Undefined Weak Reference
    _init_alloc                               - Undefined Weak Reference
    _init_user_alloc                          - Undefined Weak Reference
    _initio                                   - Undefined Weak Reference
    _signal_finish                            - Undefined Weak Reference
    _signal_init                              - Undefined Weak Reference
    _terminate_alloc                          - Undefined Weak Reference
    _terminate_user_alloc                     - Undefined Weak Reference
    _terminateio                              - Undefined Weak Reference
    __Vectors_Size                           0x000000ec   Number         0  startup_stm32f10x_md.o ABSOLUTE
    __Vectors                                0x08000000   Data           4  startup_stm32f10x_md.o(RESET)
    __Vectors_End                            0x080000ec   Data           0  startup_stm32f10x_md.o(RESET)
    __main                                   0x080000ed   Thumb Code     8  __main.o(!!!main)
    __scatterload                            0x080000f5   Thumb Code     0  __scatter.o(!!!scatter)
    __scatterload_rt2                        0x080000f5   Thumb Code    44  __scatter.o(!!!scatter)
    __scatterload_rt2_thumb_only             0x080000f5   Thumb Code     0  __scatter.o(!!!scatter)
    __scatterload_null                       0x08000103   Thumb Code     0  __scatter.o(!!!scatter)
    __scatterload_copy                       0x08000129   Thumb Code    26  __scatter_copy.o(!!handler_copy)
    __scatterload_zeroinit                   0x08000145   Thumb Code    28  __scatter_zi.o(!!handler_zi)
    __rt_lib_init                            0x08000161   Thumb Code     0  libinit.o(.ARM.Collect$$libinit$$00000000)
    __rt_lib_init_fp_1                       0x08000163   Thumb Code     0  libinit2.o(.ARM.Collect$$libinit$$00000002)
    __rt_lib_init_heap_1                     0x08000163   Thumb Code     0  libinit2.o(.ARM.Collect$$libinit$$0000000A)
    __rt_lib_init_preinit_1                  0x08000163   Thumb Code     0  libinit2.o(.ARM.Collect$$libinit$$00000004)
    __rt_lib_init_rand_2                     0x08000163   Thumb Code     0  libinit2.o(.ARM.Collect$$libinit$$0000000D)
    __rt_lib_init_user_alloc_1               0x08000163   Thumb Code     0  libinit2.o(.ARM.Collect$$libinit$$0000000C)
    __rt_lib_init_alloca_1                   0x08000167   Thumb Code     0  libinit2.o(.ARM.Collect$$libinit$$0000002E)
    __rt_lib_init_argv_1                     0x08000167   Thumb Code     0  libinit2.o(.ARM.Collect$$libinit$$0000002C)
    __rt_lib_init_atexit_1                   0x08000167   Thumb Code     0  libinit2.o(.ARM.Collect$$libinit$$0000001B)
    __rt_lib_init_clock_1                    0x08000167   Thumb Code     0  libinit2.o(.ARM.Collect$$libinit$$00000021)
    __rt_lib_init_cpp_1                      0x08000167   Thumb Code     0  libinit2.o(.ARM.Collect$$libinit$$00000032)
    __rt_lib_init_exceptions_1               0x08000167   Thumb Code     0  libinit2.o(.ARM.Collect$$libinit$$00000030)
    __rt_lib_init_fp_trap_1                  0x08000167   Thumb Code     0  libinit2.o(.ARM.Collect$$libinit$$0000001F)
    __rt_lib_init_getenv_1                   0x08000167   Thumb Code     0  libinit2.o(.ARM.Collect$$libinit$$00000023)
    __rt_lib_init_lc_collate_1               0x08000167   Thumb Code     0  libinit2.o(.ARM.Collect$$libinit$$00000011)
    __rt_lib_init_lc_ctype_1                 0x08000167   Thumb Code     0  libinit2.o(.ARM.Collect$$libinit$$00000013)
    __rt_lib_init_lc_monetary_1              0x08000167   Thumb Code     0  libinit2.o(.ARM.Collect$$libinit$$00000015)
    __rt_lib_init_lc_numeric_1               0x08000167   Thumb Code     0  libinit2.o(.ARM.Collect$$libinit$$00000017)
    __rt_lib_init_lc_time_1                  0x08000167   Thumb Code     0  libinit2.o(.ARM.Collect$$libinit$$00000019)
    __rt_lib_init_rand_1                     0x08000167   Thumb Code     0  libinit2.o(.ARM.Collect$$libinit$$0000000E)
    __rt_lib_init_return                     0x08000167   Thumb Code     0  libinit2.o(.ARM.Collect$$libinit$$00000033)
    __rt_lib_init_signal_1                   0x08000167   Thumb Code     0  libinit2.o(.ARM.Collect$$libinit$$0000001D)
    __rt_lib_init_stdio_1                    0x08000167   Thumb Code     0  libinit2.o(.ARM.Collect$$libinit$$00000025)
    __rt_lib_shutdown                        0x08000169   Thumb Code     0  libshutdown.o(.ARM.Collect$$libshutdown$$00000000)
    __rt_lib_shutdown_cpp_1                  0x0800016b   Thumb Code     0  libshutdown2.o(.ARM.Collect$$libshutdown$$00000002)
    __rt_lib_shutdown_fp_trap_1              0x0800016b   Thumb Code     0  libshutdown2.o(.ARM.Collect$$libshutdown$$00000007)
    __rt_lib_shutdown_heap_1                 0x0800016b   Thumb Code     0  libshutdown2.o(.ARM.Collect$$libshutdown$$0000000F)
    __rt_lib_shutdown_return                 0x0800016b   Thumb Code     0  libshutdown2.o(.ARM.Collect$$libshutdown$$00000010)
    __rt_lib_shutdown_signal_1               0x0800016b   Thumb Code     0  libshutdown2.o(.ARM.Collect$$libshutdown$$0000000A)
    __rt_lib_shutdown_stdio_1                0x0800016b   Thumb Code     0  libshutdown2.o(.ARM.Collect$$libshutdown$$00000004)
    __rt_lib_shutdown_user_alloc_1           0x0800016b   Thumb Code     0  libshutdown2.o(.ARM.Collect$$libshutdown$$0000000C)
    __rt_entry                               0x0800016d   Thumb Code     0  __rtentry.o(.ARM.Collect$$rtentry$$00000000)
    __rt_entry_presh_1                       0x0800016d   Thumb Code     0  __rtentry2.o(.ARM.Collect$$rtentry$$00000002)
    __rt_entry_sh                            0x0800016d   Thumb Code     0  __rtentry4.o(.ARM.Collect$$rtentry$$00000004)
    __rt_entry_li                            0x08000173   Thumb Code     0  __rtentry2.o(.ARM.Collect$$rtentry$$0000000A)
    __rt_entry_postsh_1                      0x08000173   Thumb Code     0  __rtentry2.o(.ARM.Collect$$rtentry$$00000009)
    __rt_entry_main                          0x08000177   Thumb Code     0  __rtentry2.o(.ARM.Collect$$rtentry$$0000000D)
    __rt_entry_postli_1                      0x08000177   Thumb Code     0  __rtentry2.o(.ARM.Collect$$rtentry$$0000000C)
    __rt_exit                                0x0800017f   Thumb Code     0  rtexit.o(.ARM.Collect$$rtexit$$00000000)
    __rt_exit_ls                             0x08000181   Thumb Code     0  rtexit2.o(.ARM.Collect$$rtexit$$00000003)
    __rt_exit_prels_1                        0x08000181   Thumb Code     0  rtexit2.o(.ARM.Collect$$rtexit$$00000002)
    __rt_exit_exit                           0x08000185   Thumb Code     0  rtexit2.o(.ARM.Collect$$rtexit$$00000004)
    rand                                     0x0800018d   Thumb Code    48  rand.o(.emb_text)
    Reset_Handler                            0x080001c1   Thumb Code     8  startup_stm32f10x_md.o(.text)
    NMI_Handler                              0x080001c9   Thumb Code     2  startup_stm32f10x_md.o(.text)
    HardFault_Handler                        0x080001cb   Thumb Code     2  startup_stm32f10x_md.o(.text)
    MemManage_Handler                        0x080001cd   Thumb Code     2  startup_stm32f10x_md.o(.text)
    BusFault_Handler                         0x080001cf   Thumb Code     2  startup_stm32f10x_md.o(.text)
    UsageFault_Handler                       0x080001d1   Thumb Code     2  startup_stm32f10x_md.o(.text)
    SVC_Handler                              0x080001d3   Thumb Code     2  startup_stm32f10x_md.o(.text)
    DebugMon_Handler                         0x080001d5   Thumb Code     2  startup_stm32f10x_md.o(.text)
    PendSV_Handler                           0x080001d7   Thumb Code     2  startup_stm32f10x_md.o(.text)
    ADC1_2_IRQHandler                        0x080001db   Thumb Code     0  startup_stm32f10x_md.o(.text)
    CAN1_RX1_IRQHandler                      0x080001db   Thumb Code     0  startup_stm32f10x_md.o(.text)
    CAN1_SCE_IRQHandler                      0x080001db   Thumb Code     0  startup_stm32f10x_md.o(.text)
    DMA1_Channel1_IRQHandler                 0x080001db   Thumb Code     0  startup_stm32f10x_md.o(.text)
    DMA1_Channel2_IRQHandler                 0x080001db   Thumb Code     0  startup_stm32f10x_md.o(.text)
    DMA1_Channel3_IRQHandler                 0x080001db   Thumb Code     0  startup_stm32f10x_md.o(.text)
    DMA1_Channel4_IRQHandler                 0x080001db   Thumb Code     0  startup_stm32f10x_md.o(.text)
    DMA1_Channel5_IRQHandler                 0x080001db   Thumb Code     0  startup_stm32f10x_md.o(.text)
    DMA1_Channel6_IRQHandler                 0x080001db   Thumb Code     0  startup_stm32f10x_md.o(.text)
    DMA1_Channel7_IRQHandler                 0x080001db   Thumb Code     0  startup_stm32f10x_md.o(.text)
    EXTI0_IRQHandler                         0x080001db   Thumb Code     0  startup_stm32f10x_md.o(.text)
    EXTI15_10_IRQHandler                     0x080001db   Thumb Code     0  startup_stm32f10x_md.o(.text)
    EXTI1_IRQHandler                         0x080001db   Thumb Code     0  startup_stm32f10x_md.o(.text)
    EXTI2_IRQHandler                         0x080001db   Thumb Code     0  startup_stm32f10x_md.o(.text)
    EXTI3_IRQHandler                         0x080001db   Thumb Code     0  startup_stm32f10x_md.o(.text)
    EXTI4_IRQHandler                         0x080001db   Thumb Code     0  startup_stm32f10x_md.o(.text)
    EXTI9_5_IRQHandler                       0x080001db   Thumb Code     0  startup_stm32f10x_md.o(.text)
    FLASH_IRQHandler                         0x080001db   Thumb Code     0  startup_stm32f10x_md.o(.text)
    I2C1_ER_IRQHandler                       0x080001db   Thumb Code     0  startup_stm32f10x_md.o(.text)
    I2C1_EV_IRQHandler                       0x080001db   Thumb Code     0  startup_stm32f10x_md.o(.text)
    I2C2_ER_IRQHandler                       0x080001db   Thumb Code     0  startup_stm32f10x_md.o(.text)
    I2C2_EV_IRQHandler                       0x080001db   Thumb Code     0  startup_stm32f10x_md.o(.text)
    PVD_IRQHandler                           0x080001db   Thumb Code     0  startup_stm32f10x_md.o(.text)
    RCC_IRQHandler                           0x080001db   Thumb Code     0  startup_stm32f10x_md.o(.text)
    RTCAlarm_IRQHandler                      0x080001db   Thumb Code     0  startup_stm32f10x_md.o(.text)
    RTC_IRQHandler                           0x080001db   Thumb Code     0  startup_stm32f10x_md.o(.text)
    SPI1_IRQHandler                          0x080001db   Thumb Code     0  startup_stm32f10x_md.o(.text)
    SPI2_IRQHandler                          0x080001db   Thumb Code     0  startup_stm32f10x_md.o(.text)
    TAMPER_IRQHandler                        0x080001db   Thumb Code     0  startup_stm32f10x_md.o(.text)
    TIM1_BRK_IRQHandler                      0x080001db   Thumb Code     0  startup_stm32f10x_md.o(.text)
    TIM1_CC_IRQHandler                       0x080001db   Thumb Code     0  startup_stm32f10x_md.o(.text)
    TIM1_TRG_COM_IRQHandler                  0x080001db   Thumb Code     0  startup_stm32f10x_md.o(.text)
    TIM1_UP_IRQHandler                       0x080001db   Thumb Code     0  startup_stm32f10x_md.o(.text)
    TIM2_IRQHandler                          0x080001db   Thumb Code     0  startup_stm32f10x_md.o(.text)
    TIM3_IRQHandler                          0x080001db   Thumb Code     0  startup_stm32f10x_md.o(.text)
    TIM4_IRQHandler                          0x080001db   Thumb Code     0  startup_stm32f10x_md.o(.text)
    USART1_IRQHandler                        0x080001db   Thumb Code     0  startup_stm32f10x_md.o(.text)
    USART2_IRQHandler                        0x080001db   Thumb Code     0  startup_stm32f10x_md.o(.text)
    USART3_IRQHandler                        0x080001db   Thumb Code     0  startup_stm32f10x_md.o(.text)
    USBWakeUp_IRQHandler                     0x080001db   Thumb Code     0  startup_stm32f10x_md.o(.text)
    USB_HP_CAN1_TX_IRQHandler                0x080001db   Thumb Code     0  startup_stm32f10x_md.o(.text)
    USB_LP_CAN1_RX0_IRQHandler               0x080001db   Thumb Code     0  startup_stm32f10x_md.o(.text)
    WWDG_IRQHandler                          0x080001db   Thumb Code     0  startup_stm32f10x_md.o(.text)
    __user_initial_stackheap                 0x080001dd   Thumb Code     0  startup_stm32f10x_md.o(.text)
    srand                                    0x08000201   Thumb Code    42  rand.o(.text)
    _rand_init                               0x0800022b   Thumb Code     4  rand.o(.text)
    strlen                                   0x0800023d   Thumb Code    62  strlen.o(.text)
    __use_two_region_memory                  0x0800027b   Thumb Code     2  heapauxi.o(.text)
    __rt_heap_escrow$2region                 0x0800027d   Thumb Code     2  heapauxi.o(.text)
    __rt_heap_expand$2region                 0x0800027f   Thumb Code     2  heapauxi.o(.text)
    __user_setup_stackheap                   0x08000281   Thumb Code    74  sys_stackheap_outer.o(.text)
    exit                                     0x080002cb   Thumb Code    18  exit.o(.text)
    __user_libspace                          0x080002dd   Thumb Code     8  libspace.o(.text)
    __user_perproc_libspace                  0x080002dd   Thumb Code     0  libspace.o(.text)
    __user_perthread_libspace                0x080002dd   Thumb Code     0  libspace.o(.text)
    __I$use$semihosting                      0x080002e5   Thumb Code     0  use_no_semi.o(.text)
    __use_no_semihosting_swi                 0x080002e5   Thumb Code     2  use_no_semi.o(.text)
    __semihosting_library_function           0x080002e7   Thumb Code     0  indicate_semi.o(.text)
    _sys_exit                                0x080002e9   Thumb Code     8  sys_exit.o(.text)
    ButtonTask                               0x080002f5   Thumb Code   212  task.o(.text.ButtonTask)
    DelayMs                                  0x080004a5   Thumb Code    24  delay.o(.text.DelayMs)
    Delay_Init                               0x080004bd   Thumb Code    30  delay.o(.text.Delay_Init)
    FlushSnakeTask                           0x080004dd   Thumb Code    74  task.o(.text.FlushSnakeTask)
    GPIO_Init                                0x08000589   Thumb Code   176  stm32f10x_gpio.o(.text.GPIO_Init)
    GPIO_ReadInputDataBit                    0x08000639   Thumb Code    10  stm32f10x_gpio.o(.text.GPIO_ReadInputDataBit)
    GPIO_ResetBits                           0x08000645   Thumb Code     4  stm32f10x_gpio.o(.text.GPIO_ResetBits)
    GPIO_SetBits                             0x08000649   Thumb Code     4  stm32f10x_gpio.o(.text.GPIO_SetBits)
    GPIOx_Init                               0x0800064d   Thumb Code    92  gpio.o(.text.GPIOx_Init)
    Init                                     0x08000795   Thumb Code    82  main.o(.text.Init)
    Loop                                     0x080007e9   Thumb Code     8  main.o(.text.Loop)
    RCC_APB2PeriphClockCmd                   0x080007f1   Thumb Code    24  stm32f10x_rcc.o(.text.RCC_APB2PeriphClockCmd)
    Snake_Draw                               0x080008d9   Thumb Code   372  snake.o(.text.Snake_Draw)
    Snake_Init                               0x08000a4d   Thumb Code   156  snake.o(.text.Snake_Init)
    Snake_Reset                              0x08000ba9   Thumb Code     8  snake.o(.text.Snake_Reset)
    Snake_SetDirection                       0x08000bb1   Thumb Code    44  snake.o(.text.Snake_SetDirection)
    Snake_Update                             0x08000bdd   Thumb Code   366  snake.o(.text.Snake_Update)
    SysTick_Handler                          0x08000d4d   Thumb Code    16  delay.o(.text.SysTick_Handler)
    SystemInit                               0x08000d5d   Thumb Code    86  system_stm32f10x.o(.text.SystemInit)
    TaskFunction                             0x08000db5   Thumb Code    68  task.o(.text.TaskFunction)
    UI_ClearToGameBg                         0x08000f29   Thumb Code    18  ui.o(.text.UI_ClearToGameBg)
    UI_ShowStartScreen                       0x08000f3d   Thumb Code   180  ui.o(.text.UI_ShowStartScreen)
    UI_UpdateStartBlink                      0x08000ff1   Thumb Code   140  ui.o(.text.UI_UpdateStartBlink)
    WorkAssignment                           0x0800107d   Thumb Code    56  task.o(.text.WorkAssignment)
    main                                     0x080011b5   Thumb Code    10  main.o(.text.main)
    st7735_BitMap                            0x080012ad   Thumb Code   138  st7735.o(.text.st7735_BitMap)
    st7735_Direction                         0x08001339   Thumb Code    80  st7735.o(.text.st7735_Direction)
    st7735_DrawHorizontal_Line               0x08001389   Thumb Code   152  st7735.o(.text.st7735_DrawHorizontal_Line)
    st7735_DrawPixel                         0x08001421   Thumb Code    56  st7735.o(.text.st7735_DrawPixel)
    st7735_DrawVerical_Line                  0x08001459   Thumb Code   152  st7735.o(.text.st7735_DrawVerical_Line)
    st7735_FillCircle                        0x080014f1   Thumb Code   132  st7735.o(.text.st7735_FillCircle)
    st7735_FillCircleInBox                   0x08001575   Thumb Code   238  st7735.o(.text.st7735_FillCircleInBox)
    st7735_FillRect                          0x08001665   Thumb Code   170  st7735.o(.text.st7735_FillRect)
    st7735_FillScreen_Fast                   0x08001711   Thumb Code   136  st7735.o(.text.st7735_FillScreen_Fast)
    st7735_Init                              0x08001799   Thumb Code   166  st7735.o(.text.st7735_Init)
    st7735_InvertColors                      0x08001841   Thumb Code    42  st7735.o(.text.st7735_InvertColors)
    st7735_PutChar                           0x0800186d   Thumb Code   138  st7735.o(.text.st7735_PutChar)
    st7735_PutString                         0x080018f9   Thumb Code   138  st7735.o(.text.st7735_PutString)
    st7735_SendCmd                           0x08001985   Thumb Code    52  st7735.o(.text.st7735_SendCmd)
    st7735_SendCmdList                       0x080019b9   Thumb Code    64  st7735.o(.text.st7735_SendCmdList)
    st7735_SendData                          0x080019f9   Thumb Code    52  st7735.o(.text.st7735_SendData)
    st7735_SetWindow                         0x08001a2d   Thumb Code    82  st7735.o(.text.st7735_SetWindow)
    Font_11x18                               0x08003536   Data           6  fonts.o(.rodata.Font_11x18)
    Font_6x8                                 0x0800353c   Data           6  fonts.o(.rodata.Font_6x8)
    Font_7x10                                0x08003542   Data           6  fonts.o(.rodata.Font_7x10)
    Region$$Table$$Base                      0x080035bc   Number         0  anon$$obj.o(Region$$Table)
    Region$$Table$$Limit                     0x080035dc   Number         0  anon$$obj.o(Region$$Table)
    ST7735_HEIGHT                            0x20000000   Data           1  st7735.o(.data.ST7735_HEIGHT)
    ST7735_WIDTH                             0x20000001   Data           1  st7735.o(.data.ST7735_WIDTH)
    button                                   0x20000004   Data          16  button.o(.data.button)
    delay                                    0x20000014   Data           4  delay.o(.data.delay)
    lcd                                      0x20000018   Data          56  st7735.o(.data.lcd)
    snake                                    0x20000050   Data          20  snake.o(.data.snake)
    spi1                                     0x20000064   Data           8  spi.o(.data.spi1)
    ui                                       0x2000006c   Data          12  ui.o(.data.ui)
    _random_number_data                      0x20000078   Data         228  rand.o(.bss)
    __libspace_start                         0x2000015c   Data          96  libspace.o(.bss)
    ButtonTaskStruct                         0x200001bc   Data          12  task.o(.bss.ButtonTaskStruct)
    __temporary_stack_top$libspace           0x200001bc   Data           0  libspace.o(.bss)
    SnakeTaskStruct                          0x200001c8   Data          12  task.o(.bss.SnakeTaskStruct)
    gameState                                0x200001fa   Data           1  snake.o(.bss.gameState)
    tickMs                                   0x20000248   Data           4  delay.o(.bss.tickMs)



==============================================================================

Memory Map of the image

  Image Entry point : 0x080000ed

  Load Region LR_IROM1 (Base: 0x08000000, Size: 0x00003658, Max: 0x00010000, ABSOLUTE)

    Execution Region ER_IROM1 (Exec base: 0x08000000, Load base: 0x08000000, Size: 0x000035dc, Max: 0x00010000, ABSOLUTE)

    Exec Addr    Load Addr    Size         Type   Attr      Idx    E Section Name        Object

    0x08000000   0x08000000   0x000000ec   Data   RO          472    RESET               startup_stm32f10x_md.o
    0x080000ec   0x080000ec   0x00000008   Code   RO          510  * !!!main             c_w.l(__main.o)
    0x080000f4   0x080000f4   0x00000034   Code   RO          673    !!!scatter          c_w.l(__scatter.o)
    0x08000128   0x08000128   0x0000001a   Code   RO          675    !!handler_copy      c_w.l(__scatter_copy.o)
    0x08000142   0x08000142   0x00000002   PAD
    0x08000144   0x08000144   0x0000001c   Code   RO          677    !!handler_zi        c_w.l(__scatter_zi.o)
    0x08000160   0x08000160   0x00000002   Code   RO          590    .ARM.Collect$$libinit$$00000000  c_w.l(libinit.o)
    0x08000162   0x08000162   0x00000000   Code   RO          514    .ARM.Collect$$libinit$$00000002  c_w.l(libinit2.o)
    0x08000162   0x08000162   0x00000000   Code   RO          516    .ARM.Collect$$libinit$$00000004  c_w.l(libinit2.o)
    0x08000162   0x08000162   0x00000000   Code   RO          519    .ARM.Collect$$libinit$$0000000A  c_w.l(libinit2.o)
    0x08000162   0x08000162   0x00000000   Code   RO          521    .ARM.Collect$$libinit$$0000000C  c_w.l(libinit2.o)
    0x08000162   0x08000162   0x00000004   Code   RO          522    .ARM.Collect$$libinit$$0000000D  c_w.l(libinit2.o)
    0x08000166   0x08000166   0x00000000   Code   RO          523    .ARM.Collect$$libinit$$0000000E  c_w.l(libinit2.o)
    0x08000166   0x08000166   0x00000000   Code   RO          526    .ARM.Collect$$libinit$$00000011  c_w.l(libinit2.o)
    0x08000166   0x08000166   0x00000000   Code   RO          528    .ARM.Collect$$libinit$$00000013  c_w.l(libinit2.o)
    0x08000166   0x08000166   0x00000000   Code   RO          530    .ARM.Collect$$libinit$$00000015  c_w.l(libinit2.o)
    0x08000166   0x08000166   0x00000000   Code   RO          532    .ARM.Collect$$libinit$$00000017  c_w.l(libinit2.o)
    0x08000166   0x08000166   0x00000000   Code   RO          534    .ARM.Collect$$libinit$$00000019  c_w.l(libinit2.o)
    0x08000166   0x08000166   0x00000000   Code   RO          536    .ARM.Collect$$libinit$$0000001B  c_w.l(libinit2.o)
    0x08000166   0x08000166   0x00000000   Code   RO          538    .ARM.Collect$$libinit$$0000001D  c_w.l(libinit2.o)
    0x08000166   0x08000166   0x00000000   Code   RO          540    .ARM.Collect$$libinit$$0000001F  c_w.l(libinit2.o)
    0x08000166   0x08000166   0x00000000   Code   RO          542    .ARM.Collect$$libinit$$00000021  c_w.l(libinit2.o)
    0x08000166   0x08000166   0x00000000   Code   RO          544    .ARM.Collect$$libinit$$00000023  c_w.l(libinit2.o)
    0x08000166   0x08000166   0x00000000   Code   RO          546    .ARM.Collect$$libinit$$00000025  c_w.l(libinit2.o)
    0x08000166   0x08000166   0x00000000   Code   RO          550    .ARM.Collect$$libinit$$0000002C  c_w.l(libinit2.o)
    0x08000166   0x08000166   0x00000000   Code   RO          552    .ARM.Collect$$libinit$$0000002E  c_w.l(libinit2.o)
    0x08000166   0x08000166   0x00000000   Code   RO          554    .ARM.Collect$$libinit$$00000030  c_w.l(libinit2.o)
    0x08000166   0x08000166   0x00000000   Code   RO          556    .ARM.Collect$$libinit$$00000032  c_w.l(libinit2.o)
    0x08000166   0x08000166   0x00000002   Code   RO          557    .ARM.Collect$$libinit$$00000033  c_w.l(libinit2.o)
    0x08000168   0x08000168   0x00000002   Code   RO          632    .ARM.Collect$$libshutdown$$00000000  c_w.l(libshutdown.o)
    0x0800016a   0x0800016a   0x00000000   Code   RO          640    .ARM.Collect$$libshutdown$$00000002  c_w.l(libshutdown2.o)
    0x0800016a   0x0800016a   0x00000000   Code   RO          642    .ARM.Collect$$libshutdown$$00000004  c_w.l(libshutdown2.o)
    0x0800016a   0x0800016a   0x00000000   Code   RO          645    .ARM.Collect$$libshutdown$$00000007  c_w.l(libshutdown2.o)
    0x0800016a   0x0800016a   0x00000000   Code   RO          648    .ARM.Collect$$libshutdown$$0000000A  c_w.l(libshutdown2.o)
    0x0800016a   0x0800016a   0x00000000   Code   RO          650    .ARM.Collect$$libshutdown$$0000000C  c_w.l(libshutdown2.o)
    0x0800016a   0x0800016a   0x00000000   Code   RO          653    .ARM.Collect$$libshutdown$$0000000F  c_w.l(libshutdown2.o)
    0x0800016a   0x0800016a   0x00000002   Code   RO          654    .ARM.Collect$$libshutdown$$00000010  c_w.l(libshutdown2.o)
    0x0800016c   0x0800016c   0x00000000   Code   RO          512    .ARM.Collect$$rtentry$$00000000  c_w.l(__rtentry.o)
    0x0800016c   0x0800016c   0x00000000   Code   RO          559    .ARM.Collect$$rtentry$$00000002  c_w.l(__rtentry2.o)
    0x0800016c   0x0800016c   0x00000006   Code   RO          571    .ARM.Collect$$rtentry$$00000004  c_w.l(__rtentry4.o)
    0x08000172   0x08000172   0x00000000   Code   RO          561    .ARM.Collect$$rtentry$$00000009  c_w.l(__rtentry2.o)
    0x08000172   0x08000172   0x00000004   Code   RO          562    .ARM.Collect$$rtentry$$0000000A  c_w.l(__rtentry2.o)
    0x08000176   0x08000176   0x00000000   Code   RO          564    .ARM.Collect$$rtentry$$0000000C  c_w.l(__rtentry2.o)
    0x08000176   0x08000176   0x00000008   Code   RO          565    .ARM.Collect$$rtentry$$0000000D  c_w.l(__rtentry2.o)
    0x0800017e   0x0800017e   0x00000002   Code   RO          598    .ARM.Collect$$rtexit$$00000000  c_w.l(rtexit.o)
    0x08000180   0x08000180   0x00000000   Code   RO          610    .ARM.Collect$$rtexit$$00000002  c_w.l(rtexit2.o)
    0x08000180   0x08000180   0x00000004   Code   RO          611    .ARM.Collect$$rtexit$$00000003  c_w.l(rtexit2.o)
    0x08000184   0x08000184   0x00000006   Code   RO          612    .ARM.Collect$$rtexit$$00000004  c_w.l(rtexit2.o)
    0x0800018a   0x0800018a   0x00000002   PAD
    0x0800018c   0x0800018c   0x00000034   Code   RO          499    .emb_text           c_w.l(rand.o)
    0x080001c0   0x080001c0   0x00000040   Code   RO          473    .text               startup_stm32f10x_md.o
    0x08000200   0x08000200   0x0000003c   Code   RO          500    .text               c_w.l(rand.o)
    0x0800023c   0x0800023c   0x0000003e   Code   RO          504    .text               c_w.l(strlen.o)
    0x0800027a   0x0800027a   0x00000006   Code   RO          508    .text               c_w.l(heapauxi.o)
    0x08000280   0x08000280   0x0000004a   Code   RO          577    .text               c_w.l(sys_stackheap_outer.o)
    0x080002ca   0x080002ca   0x00000012   Code   RO          579    .text               c_w.l(exit.o)
    0x080002dc   0x080002dc   0x00000008   Code   RO          595    .text               c_w.l(libspace.o)
    0x080002e4   0x080002e4   0x00000002   Code   RO          606    .text               c_w.l(use_no_semi.o)
    0x080002e6   0x080002e6   0x00000000   Code   RO          608    .text               c_w.l(indicate_semi.o)
    0x080002e6   0x080002e6   0x00000002   PAD
    0x080002e8   0x080002e8   0x0000000c   Code   RO          622    .text               c_w.l(sys_exit.o)
    0x080002f4   0x080002f4   0x000000d4   Code   RO          192    .text.ButtonTask    task.o
    0x080003c8   0x080003c8   0x0000006a   Code   RO          128    .text.Ctrl_Init     button.o
    0x08000432   0x08000432   0x00000002   PAD
    0x08000434   0x08000434   0x00000070   Code   RO          130    .text.Ctrl_Pressed  button.o
    0x080004a4   0x080004a4   0x00000018   Code   RO           20    .text.DelayMs       delay.o
    0x080004bc   0x080004bc   0x0000001e   Code   RO           16    .text.Delay_Init    delay.o
    0x080004da   0x080004da   0x00000002   PAD
    0x080004dc   0x080004dc   0x0000004a   Code   RO          194    .text.FlushSnakeTask  task.o
    0x08000526   0x08000526   0x00000002   PAD
    0x08000528   0x08000528   0x00000060   Code   RO          225    .text.Frame         ui.o
    0x08000588   0x08000588   0x000000b0   Code   RO          303    .text.GPIO_Init     stm32f10x_gpio.o
    0x08000638   0x08000638   0x0000000a   Code   RO          307    .text.GPIO_ReadInputDataBit  stm32f10x_gpio.o
    0x08000642   0x08000642   0x00000002   PAD
    0x08000644   0x08000644   0x00000004   Code   RO          317    .text.GPIO_ResetBits  stm32f10x_gpio.o
    0x08000648   0x08000648   0x00000004   Code   RO          315    .text.GPIO_SetBits  stm32f10x_gpio.o
    0x0800064c   0x0800064c   0x0000005c   Code   RO           38    .text.GPIOx_Init    gpio.o
    0x080006a8   0x080006a8   0x00000078   Code   RO          132    .text.Game_Init     button.o
    0x08000720   0x08000720   0x00000072   Code   RO          134    .text.Game_Pressed  button.o
    0x08000792   0x08000792   0x00000002   PAD
    0x08000794   0x08000794   0x00000052   Code   RO            2    .text.Init          main.o
    0x080007e6   0x080007e6   0x00000002   PAD
    0x080007e8   0x080007e8   0x00000008   Code   RO            4    .text.Loop          main.o
    0x080007f0   0x080007f0   0x00000018   Code   RO          387    .text.RCC_APB2PeriphClockCmd  stm32f10x_rcc.o
    0x08000808   0x08000808   0x00000008   Code   RO          136    .text.Read_Pin      button.o
    0x08000810   0x08000810   0x00000008   Code   RO          482    .text.SetSysClock   system_stm32f10x.o
    0x08000818   0x08000818   0x000000be   Code   RO          486    .text.SetSysClockTo72  system_stm32f10x.o
    0x080008d6   0x080008d6   0x00000002   PAD
    0x080008d8   0x080008d8   0x00000174   Code   RO          167    .text.Snake_Draw    snake.o
    0x08000a4c   0x08000a4c   0x0000009c   Code   RO          157    .text.Snake_Init    snake.o
    0x08000ae8   0x08000ae8   0x000000be   Code   RO          161    .text.Snake_Random_Food  snake.o
    0x08000ba6   0x08000ba6   0x00000002   PAD
    0x08000ba8   0x08000ba8   0x00000008   Code   RO          171    .text.Snake_Reset   snake.o
    0x08000bb0   0x08000bb0   0x0000002c   Code   RO          163    .text.Snake_SetDirection  snake.o
    0x08000bdc   0x08000bdc   0x0000016e   Code   RO          165    .text.Snake_Update  snake.o
    0x08000d4a   0x08000d4a   0x00000002   PAD
    0x08000d4c   0x08000d4c   0x00000010   Code   RO           26    .text.SysTick_Handler  delay.o
    0x08000d5c   0x08000d5c   0x00000056   Code   RO          480    .text.SystemInit    system_stm32f10x.o
    0x08000db2   0x08000db2   0x00000002   PAD
    0x08000db4   0x08000db4   0x00000044   Code   RO          196    .text.TaskFunction  task.o
    0x08000df8   0x08000df8   0x00000060   Code   RO          227    .text.Text_Center   ui.o
    0x08000e58   0x08000e58   0x000000d0   Code   RO          229    .text.Text_Center_Highlight  ui.o
    0x08000f28   0x08000f28   0x00000012   Code   RO          235    .text.UI_ClearToGameBg  ui.o
    0x08000f3a   0x08000f3a   0x00000002   PAD
    0x08000f3c   0x08000f3c   0x000000b4   Code   RO          223    .text.UI_ShowStartScreen  ui.o
    0x08000ff0   0x08000ff0   0x0000008c   Code   RO          233    .text.UI_UpdateStartBlink  ui.o
    0x0800107c   0x0800107c   0x00000038   Code   RO          198    .text.WorkAssignment  task.o
    0x080010b4   0x080010b4   0x000000c6   Code   RO           98    .text._drawHSpanClippedToBox  st7735.o
    0x0800117a   0x0800117a   0x00000002   PAD
    0x0800117c   0x0800117c   0x00000036   Code   RO          169    .text.draw_food_cell  snake.o
    0x080011b2   0x080011b2   0x00000002   PAD
    0x080011b4   0x080011b4   0x0000000a   Code   RO            6    .text.main          main.o
    0x080011be   0x080011be   0x00000002   PAD
    0x080011c0   0x080011c0   0x0000000c   Code   RO           22    .text.millis        delay.o
    0x080011cc   0x080011cc   0x0000000c   Code   RO          138    .text.millis        button.o
    0x080011d8   0x080011d8   0x0000000c   Code   RO          159    .text.millis        snake.o
    0x080011e4   0x080011e4   0x0000000c   Code   RO          200    .text.millis        task.o
    0x080011f0   0x080011f0   0x0000000c   Code   RO          231    .text.millis        ui.o
    0x080011fc   0x080011fc   0x00000090   Code   RO           56    .text.spi1_init     spi.o
    0x0800128c   0x0800128c   0x00000020   Code   RO           58    .text.spi1_transfer  spi.o
    0x080012ac   0x080012ac   0x0000008a   Code   RO          102    .text.st7735_BitMap  st7735.o
    0x08001336   0x08001336   0x00000002   PAD
    0x08001338   0x08001338   0x00000050   Code   RO          104    .text.st7735_Direction  st7735.o
    0x08001388   0x08001388   0x00000098   Code   RO          106    .text.st7735_DrawHorizontal_Line  st7735.o
    0x08001420   0x08001420   0x00000038   Code   RO           86    .text.st7735_DrawPixel  st7735.o
    0x08001458   0x08001458   0x00000098   Code   RO          108    .text.st7735_DrawVerical_Line  st7735.o
    0x080014f0   0x080014f0   0x00000084   Code   RO           94    .text.st7735_FillCircle  st7735.o
    0x08001574   0x08001574   0x000000ee   Code   RO           96    .text.st7735_FillCircleInBox  st7735.o
    0x08001662   0x08001662   0x00000002   PAD
    0x08001664   0x08001664   0x000000aa   Code   RO           92    .text.st7735_FillRect  st7735.o
    0x0800170e   0x0800170e   0x00000002   PAD
    0x08001710   0x08001710   0x00000088   Code   RO           84    .text.st7735_FillScreen_Fast  st7735.o
    0x08001798   0x08001798   0x000000a6   Code   RO          110    .text.st7735_Init   st7735.o
    0x0800183e   0x0800183e   0x00000002   PAD
    0x08001840   0x08001840   0x0000002a   Code   RO          100    .text.st7735_InvertColors  st7735.o
    0x0800186a   0x0800186a   0x00000002   PAD
    0x0800186c   0x0800186c   0x0000008a   Code   RO           88    .text.st7735_PutChar  st7735.o
    0x080018f6   0x080018f6   0x00000002   PAD
    0x080018f8   0x080018f8   0x0000008a   Code   RO           90    .text.st7735_PutString  st7735.o
    0x08001982   0x08001982   0x00000002   PAD
    0x08001984   0x08001984   0x00000034   Code   RO           74    .text.st7735_SendCmd  st7735.o
    0x080019b8   0x080019b8   0x00000040   Code   RO           78    .text.st7735_SendCmdList  st7735.o
    0x080019f8   0x080019f8   0x00000034   Code   RO           76    .text.st7735_SendData  st7735.o
    0x08001a2c   0x08001a2c   0x00000052   Code   RO           80    .text.st7735_SetWindow  st7735.o
    0x08001a7e   0x08001a7e   0x00000d5c   Data   RO          217    .rodata.Font11x18   fonts.o
    0x080027da   0x080027da   0x000005f0   Data   RO          212    .rodata.Font6x8     fonts.o
    0x08002dca   0x08002dca   0x0000076c   Data   RO          214    .rodata.Font7x10    fonts.o
    0x08003536   0x08003536   0x00000006   Data   RO          216    .rodata.Font_11x18  fonts.o
    0x0800353c   0x0800353c   0x00000006   Data   RO          213    .rodata.Font_6x8    fonts.o
    0x08003542   0x08003542   0x00000006   Data   RO          215    .rodata.Font_7x10   fonts.o
    0x08003548   0x08003548   0x00000008   Data   RO          141    .rodata.cst8        button.o
    0x08003550   0x08003550   0x0000000c   Data   RO          145    .rodata.gamePins    button.o
    0x0800355c   0x0800355c   0x0000000d   Data   RO          241    .rodata.str1.1      ui.o
    0x08003569   0x08003569   0x00000052   Data   RO          116    .rodata.u8PanelCmdList  st7735.o
    0x080035bb   0x080035bb   0x00000001   PAD
    0x080035bc   0x080035bc   0x00000020   Data   RO          672    Region$$Table       anon$$obj.o


    Execution Region RW_IRAM1 (Exec base: 0x20000000, Load base: 0x080035e0, Size: 0x00000850, Max: 0x00005000, ABSOLUTE)

    Exec Addr    Load Addr    Size         Type   Attr      Idx    E Section Name        Object

    0x20000000   0x080035e0   0x00000001   Data   RW          115    .data.ST7735_HEIGHT  st7735.o
    0x20000001   0x080035e1   0x00000001   Data   RW          114    .data.ST7735_WIDTH  st7735.o
    0x20000002   0x080035e2   0x00000001   Data   RW          240    .data.blinkOn       ui.o
    0x20000003   0x080035e3   0x00000001   PAD
    0x20000004   0x080035e4   0x00000010   Data   RW          140    .data.button        button.o
    0x20000014   0x080035f4   0x00000004   Data   RW           29    .data.delay         delay.o
    0x20000018   0x080035f8   0x00000038   Data   RW          117    .data.lcd           st7735.o
    0x20000050   0x08003630   0x00000014   Data   RW          181    .data.snake         snake.o
    0x20000064   0x08003644   0x00000008   Data   RW           64    .data.spi1          spi.o
    0x2000006c   0x0800364c   0x0000000c   Data   RW          242    .data.ui            ui.o
    0x20000078        -       0x000000e4   Zero   RW          501    .bss                c_w.l(rand.o)
    0x2000015c        -       0x00000060   Zero   RW          596    .bss                c_w.l(libspace.o)
    0x200001bc        -       0x0000000c   Zero   RW          202    .bss.ButtonTaskStruct  task.o
    0x200001c8        -       0x0000000c   Zero   RW          203    .bss.SnakeTaskStruct  task.o
    0x200001d4        -       0x00000004   Zero   RW          239    .bss.blinkTs        ui.o
    0x200001d8        -       0x00000004   Zero   RW          143    .bss.ctrlCurr       button.o
    0x200001dc        -       0x00000004   Zero   RW          142    .bss.ctrlPrev       button.o
    0x200001e0        -       0x00000010   Zero   RW          144    .bss.ctrlTstamp     button.o
    0x200001f0        -       0x00000001   Zero   RW          178    .bss.direction      snake.o
    0x200001f1   0x08003658   0x00000001   PAD
    0x200001f2        -       0x00000002   Zero   RW          182    .bss.food.0         snake.o
    0x200001f4        -       0x00000002   Zero   RW          183    .bss.food.1         snake.o
    0x200001f6        -       0x00000002   Zero   RW          147    .bss.gameCurr       button.o
    0x200001f8        -       0x00000002   Zero   RW          146    .bss.gamePrev       button.o
    0x200001fa        -       0x00000001   Zero   RW          179    .bss.gameState      snake.o
    0x200001fb   0x08003658   0x00000001   PAD
    0x200001fc        -       0x00000008   Zero   RW          148    .bss.gameTstamp     button.o
    0x20000204        -       0x00000001   Zero   RW          175    .bss.s_rng_seeded   snake.o
    0x20000205   0x08003658   0x00000001   PAD
    0x20000206        -       0x0000003c   Zero   RW          177    .bss.snakeBody      snake.o
    0x20000242        -       0x00000002   Zero   RW          176    .bss.snake_length   snake.o
    0x20000244        -       0x00000004   Zero   RW          180    .bss.tail           snake.o
    0x20000248        -       0x00000004   Zero   RW           28    .bss.tickMs         delay.o
    0x2000024c   0x08003658   0x00000004   PAD
    0x20000250        -       0x00000200   Zero   RW          471    HEAP                startup_stm32f10x_md.o
    0x20000450        -       0x00000400   Zero   RW          470    STACK               startup_stm32f10x_md.o


==============================================================================

Image component sizes


      Code (inc. data)   RO Data    RW Data    ZI Data      Debug   Object Name

       472          0         20         16         36       4213   button.o
        82          0          0          4          4       1670   delay.o
         0          0       6858          0          0        834   fonts.o
        92          0          0          0          0       2009   gpio.o
       100          0          0          0          0        615   main.o
      1202         24          0         20         73       4426   snake.o
       176          0          0          8          0       3539   spi.o
      2186          0         82         58          0      10511   st7735.o
        64         26        236          0       1536        840   startup_stm32f10x_md.o
       194          0          0          0          0       5933   stm32f10x_gpio.o
        24          0          0          0          0       7749   stm32f10x_rcc.o
       284          0          0          0          0       2855   system_stm32f10x.o
       422          8          0          0         24       2087   task.o
       750         48         13         13          4       2976   ui.o

    ----------------------------------------------------------------------
      6090        106       7242        120       1684      50257   Object Totals
         0          0         32          0          0          0   (incl. Generated)
        42          0          1          1          7          0   (incl. Padding)

    ----------------------------------------------------------------------

      Code (inc. data)   RO Data    RW Data    ZI Data      Debug   Library Member Name

         8          0          0          0          0         68   __main.o
         0          0          0          0          0          0   __rtentry.o
        12          0          0          0          0          0   __rtentry2.o
         6          0          0          0          0          0   __rtentry4.o
        52          8          0          0          0          0   __scatter.o
        26          0          0          0          0          0   __scatter_copy.o
        28          0          0          0          0          0   __scatter_zi.o
        18          0          0          0          0         80   exit.o
         6          0          0          0          0        152   heapauxi.o
         0          0          0          0          0          0   indicate_semi.o
         2          0          0          0          0          0   libinit.o
         6          0          0          0          0          0   libinit2.o
         2          0          0          0          0          0   libshutdown.o
         2          0          0          0          0          0   libshutdown2.o
         8          4          0          0         96         68   libspace.o
       112         18          0          0        228        160   rand.o
         2          0          0          0          0          0   rtexit.o
        10          0          0          0          0          0   rtexit2.o
        62          0          0          0          0         76   strlen.o
        12          4          0          0          0         68   sys_exit.o
        74          0          0          0          0         80   sys_stackheap_outer.o
         2          0          0          0          0         68   use_no_semi.o

    ----------------------------------------------------------------------
       456         34          0          0        324        820   Library Totals
         6          0          0          0          0          0   (incl. Padding)

    ----------------------------------------------------------------------

      Code (inc. data)   RO Data    RW Data    ZI Data      Debug   Library Name

       450         34          0          0        324        820   c_w.l

    ----------------------------------------------------------------------
       456         34          0          0        324        820   Library Totals

    ----------------------------------------------------------------------

==============================================================================


      Code (inc. data)   RO Data    RW Data    ZI Data      Debug   

      6546        140       7242        120       2008      50637   Grand Totals
      6546        140       7242        120       2008      50637   ELF Image Totals
      6546        140       7242        120          0          0   ROM Totals

==============================================================================

    Total RO  Size (Code + RO Data)                13788 (  13.46kB)
    Total RW  Size (RW Data + ZI Data)              2128 (   2.08kB)
    Total ROM Size (Code + RO Data + RW Data)      13908 (  13.58kB)

==============================================================================

